Archive member included to satisfy reference by file (symbol)

/Applications/FEH_ARM/bin/../lib/gcc/arm-none-eabi/10.3.1/../../../../arm-none-eabi/lib/thumb/v7e-m/nofp/libstdc++.a(del_ops.o)
                              Libraries/FEHIO.o (operator delete(void*, unsigned int))
/Applications/FEH_ARM/bin/../lib/gcc/arm-none-eabi/10.3.1/../../../../arm-none-eabi/lib/thumb/v7e-m/nofp/libstdc++.a(new_op.o)
                              Libraries/FEHIO.o (operator new(unsigned int))
/Applications/FEH_ARM/bin/../lib/gcc/arm-none-eabi/10.3.1/../../../../arm-none-eabi/lib/thumb/v7e-m/nofp/libstdc++.a(bad_alloc.o)
                              /Applications/FEH_ARM/bin/../lib/gcc/arm-none-eabi/10.3.1/../../../../arm-none-eabi/lib/thumb/v7e-m/nofp/libstdc++.a(new_op.o) (std::bad_alloc::~bad_alloc())
/Applications/FEH_ARM/bin/../lib/gcc/arm-none-eabi/10.3.1/../../../../arm-none-eabi/lib/thumb/v7e-m/nofp/libstdc++.a(del_op.o)
                              /Applications/FEH_ARM/bin/../lib/gcc/arm-none-eabi/10.3.1/../../../../arm-none-eabi/lib/thumb/v7e-m/nofp/libstdc++.a(del_ops.o) (operator delete(void*))
/Applications/FEH_ARM/bin/../lib/gcc/arm-none-eabi/10.3.1/../../../../arm-none-eabi/lib/thumb/v7e-m/nofp/libstdc++.a(eh_alloc.o)
                              /Applications/FEH_ARM/bin/../lib/gcc/arm-none-eabi/10.3.1/../../../../arm-none-eabi/lib/thumb/v7e-m/nofp/libstdc++.a(new_op.o) (__cxa_allocate_exception)
/Applications/FEH_ARM/bin/../lib/gcc/arm-none-eabi/10.3.1/../../../../arm-none-eabi/lib/thumb/v7e-m/nofp/libstdc++.a(eh_exception.o)
                              /Applications/FEH_ARM/bin/../lib/gcc/arm-none-eabi/10.3.1/../../../../arm-none-eabi/lib/thumb/v7e-m/nofp/libstdc++.a(bad_alloc.o) (std::exception::~exception())
/Applications/FEH_ARM/bin/../lib/gcc/arm-none-eabi/10.3.1/../../../../arm-none-eabi/lib/thumb/v7e-m/nofp/libstdc++.a(eh_terminate.o)
                              /Applications/FEH_ARM/bin/../lib/gcc/arm-none-eabi/10.3.1/../../../../arm-none-eabi/lib/thumb/v7e-m/nofp/libstdc++.a(eh_alloc.o) (std::terminate())
/Applications/FEH_ARM/bin/../lib/gcc/arm-none-eabi/10.3.1/../../../../arm-none-eabi/lib/thumb/v7e-m/nofp/libstdc++.a(eh_throw.o)
                              /Applications/FEH_ARM/bin/../lib/gcc/arm-none-eabi/10.3.1/../../../../arm-none-eabi/lib/thumb/v7e-m/nofp/libstdc++.a(new_op.o) (__cxa_throw)
/Applications/FEH_ARM/bin/../lib/gcc/arm-none-eabi/10.3.1/../../../../arm-none-eabi/lib/thumb/v7e-m/nofp/libstdc++.a(eh_unex_handler.o)
                              /Applications/FEH_ARM/bin/../lib/gcc/arm-none-eabi/10.3.1/../../../../arm-none-eabi/lib/thumb/v7e-m/nofp/libstdc++.a(eh_terminate.o) (__cxxabiv1::__unexpected_handler)
/Applications/FEH_ARM/bin/../lib/gcc/arm-none-eabi/10.3.1/../../../../arm-none-eabi/lib/thumb/v7e-m/nofp/libstdc++.a(new_handler.o)
                              /Applications/FEH_ARM/bin/../lib/gcc/arm-none-eabi/10.3.1/../../../../arm-none-eabi/lib/thumb/v7e-m/nofp/libstdc++.a(new_op.o) (std::get_new_handler())
/Applications/FEH_ARM/bin/../lib/gcc/arm-none-eabi/10.3.1/../../../../arm-none-eabi/lib/thumb/v7e-m/nofp/libstdc++.a(pure.o)
                              /Applications/FEH_ARM/bin/../lib/gcc/arm-none-eabi/10.3.1/../../../../arm-none-eabi/lib/thumb/v7e-m/nofp/libstdc++.a(eh_exception.o) (__cxa_pure_virtual)
/Applications/FEH_ARM/bin/../lib/gcc/arm-none-eabi/10.3.1/../../../../arm-none-eabi/lib/thumb/v7e-m/nofp/libstdc++.a(si_class_type_info.o)
                              /Applications/FEH_ARM/bin/../lib/gcc/arm-none-eabi/10.3.1/../../../../arm-none-eabi/lib/thumb/v7e-m/nofp/libstdc++.a(bad_alloc.o) (vtable for __cxxabiv1::__si_class_type_info)
/Applications/FEH_ARM/bin/../lib/gcc/arm-none-eabi/10.3.1/../../../../arm-none-eabi/lib/thumb/v7e-m/nofp/libstdc++.a(tinfo.o)
                              /Applications/FEH_ARM/bin/../lib/gcc/arm-none-eabi/10.3.1/../../../../arm-none-eabi/lib/thumb/v7e-m/nofp/libstdc++.a(si_class_type_info.o) (std::type_info::__is_pointer_p() const)
/Applications/FEH_ARM/bin/../lib/gcc/arm-none-eabi/10.3.1/../../../../arm-none-eabi/lib/thumb/v7e-m/nofp/libstdc++.a(vterminate.o)
                              /Applications/FEH_ARM/bin/../lib/gcc/arm-none-eabi/10.3.1/../../../../arm-none-eabi/lib/thumb/v7e-m/nofp/libstdc++.a(eh_terminate.o) (__gnu_cxx::__verbose_terminate_handler())
/Applications/FEH_ARM/bin/../lib/gcc/arm-none-eabi/10.3.1/../../../../arm-none-eabi/lib/thumb/v7e-m/nofp/libstdc++.a(class_type_info.o)
                              /Applications/FEH_ARM/bin/../lib/gcc/arm-none-eabi/10.3.1/../../../../arm-none-eabi/lib/thumb/v7e-m/nofp/libstdc++.a(si_class_type_info.o) (__cxxabiv1::__class_type_info::__do_upcast(__cxxabiv1::__class_type_info const*, void**) const)
/Applications/FEH_ARM/bin/../lib/gcc/arm-none-eabi/10.3.1/../../../../arm-none-eabi/lib/thumb/v7e-m/nofp/libstdc++.a(cp-demangle.o)
[...]
Memory Configuration

Name             Origin             Length             Attributes
PROGRAM_FLASH    0x000000000000c000 0x0000000000073c00 xr
SRAM_UPPER       0x0000000020000000 0x0000000000010000 xrw
SRAM_LOWER       0x000000001fff0000 0x0000000000010000 xrw
*default*        0x0000000000000000 0xffffffffffffffff

Linker script and memory map

LOAD /Applications/FEH_ARM/bin/../lib/gcc/arm-none-eabi/10.3.1/thumb/v7e-m/nofp/crti.o
LOAD /Applications/FEH_ARM/bin/../lib/gcc/arm-none-eabi/10.3.1/thumb/v7e-m/nofp/crtbegin.o
LOAD /Applications/FEH_ARM/bin/../lib/gcc/arm-none-eabi/10.3.1/../../../../arm-none-eabi/lib/thumb/v7e-m/nofp/crt0.o
LOAD ../main.o
LOAD Startup/startup_mk60d10.o
LOAD Libraries/FEHMotor.o
LOAD Drivers/mcg.o
LOAD Drivers/i2c.o
LOAD Drivers/spi.o
LOAD Drivers/uart.o
LOAD Drivers/ff.o
LOAD Drivers/SDHC.o
LOAD Drivers/lptmr.o
LOAD FEHProteus.o
LOAD Drivers/FEHPropeller.o
LOAD Libraries/FEHUtility.o
LOAD Libraries/FEHIO.o
LOAD Drivers/adc16.o
LOAD Libraries/FEHBuzzer.o
LOAD Libraries/FEHServo.o
LOAD Libraries/FEHLCD.o
LOAD Libraries/FEHAccel.o
LOAD Libraries/FEHBattery.o
LOAD Drivers/FEHXBee.o
LOAD Libraries/FEHRCS.o
LOAD Libraries/FEHSD.o
LOAD Libraries/FEHRandom.o
LOAD /Applications/FEH_ARM/bin/../lib/gcc/arm-none-eabi/10.3.1/../../../../arm-none-eabi/lib/thumb/v7e-m/nofp/libstdc++.a
LOAD /Applications/FEH_ARM/bin/../lib/gcc/arm-none-eabi/10.3.1/../../../../arm-none-eabi/lib/thumb/v7e-m/nofp/libm.a
START GROUP
LOAD /Applications/FEH_ARM/bin/../lib/gcc/arm-none-eabi/10.3.1/thumb/v7e-m/nofp/libgcc.a
LOAD /Applications/FEH_ARM/bin/../lib/gcc/arm-none-eabi/10.3.1/../../../../arm-none-eabi/lib/thumb/v7e-m/nofp/libg.a
LOAD /Applications/FEH_ARM/bin/../lib/gcc/arm-none-eabi/10.3.1/../../../../arm-none-eabi/lib/thumb/v7e-m/nofp/libc.a
END GROUP
START GROUP
LOAD /Applications/FEH_ARM/bin/../lib/gcc/arm-none-eabi/10.3.1/thumb/v7e-m/nofp/libgcc.a
LOAD /Applications/FEH_ARM/bin/../lib/gcc/arm-none-eabi/10.3.1/../../../../arm-none-eabi/lib/thumb/v7e-m/nofp/libc.a
LOAD /Applications/FEH_ARM/bin/../lib/gcc/arm-none-eabi/10.3.1/../../../../arm-none-eabi/lib/thumb/v7e-m/nofp/libnosys.a
END GROUP
LOAD /Applications/FEH_ARM/bin/../lib/gcc/arm-none-eabi/10.3.1/thumb/v7e-m/nofp/crtend.o
LOAD /Applications/FEH_ARM/bin/../lib/gcc/arm-none-eabi/10.3.1/thumb/v7e-m/nofp/crtn.o
                0x000000000000c000                __base_PROGRAM_FLASH = 0xc000
                0x000000000000c000                __base_Flash = 0xc000
                0x000000000007fc00                __top_PROGRAM_FLASH = 0x7fc00
                0x000000000007fc00                __top_Flash = 0x7fc00
                0x0000000020000000                __base_SRAM_UPPER = 0x20000000
                0x0000000020000000                __base_RAM = 0x20000000
                0x0000000020010000                __top_SRAM_UPPER = 0x20010000
                0x0000000020010000                __top_RAM = 0x20010000
                0x000000001fff0000                __base_SRAM_LOWER = 0x1fff0000
                0x000000001fff0000                __base_RAM2 = 0x1fff0000
                0x0000000020000000                __top_SRAM_LOWER = 0x20000000
                0x0000000020000000                __top_RAM2 = 0x20000000

.text           0x000000000000c000      0x410
 FILL mask 0xff
                0x000000000000c000                __vectors_start__ = ABSOLUTE (.)
 *(.isr_vector)
 .isr_vector    0x000000000000c000      0x1bc Startup/startup_mk60d10.o
                0x000000000000c000                __Vectors
                0x000000000000c000                g_pfnVectors
                0x000000000000c1bc                . = ALIGN (0x4)
                0x000000000000c1bc                __section_table_start = .
                0x000000000000c1bc                __data_section_table = .
                0x000000000000c1bc        0x4 LONG 0x12d2c LOADADDR (.data)
                0x000000000000c1c0        0x4 LONG 0x20000000 ADDR (.data)
                0x000000000000c1c4        0x4 LONG 0x155c SIZEOF (.data)
                0x000000000000c1c8        0x4 LONG 0x12d2c LOADADDR (.data_RAM2)
                0x000000000000c1cc        0x4 LONG 0x1fff0000 ADDR (.data_RAM2)
                0x000000000000c1d0        0x4 LONG 0x0 SIZEOF (.data_RAM2)
                0x000000000000c1d4                __data_section_table_end = .
                0x000000000000c1d4                __bss_section_table = .
                0x000000000000c1d4        0x4 LONG 0x2000155c ADDR (.bss)
                0x000000000000c1d8        0x4 LONG 0x488 SIZEOF (.bss)
                0x000000000000c1dc        0x4 LONG 0x1fff0000 ADDR (.bss_RAM2)
                0x000000000000c1e0        0x4 LONG 0x0 SIZEOF (.bss_RAM2)
                0x000000000000c1e4                __bss_section_table_end = .
                0x000000000000c1e4                __section_table_end = .
 *(.after_vectors*)
 .after_vectors.init_data
                0x000000000000c1e4       0x42 Startup/startup_mk60d10.o
                0x000000000000c1e4                data_init(unsigned int, unsigned int, unsigned int)
 .after_vectors.init_bss
                0x000000000000c226       0x36 Startup/startup_mk60d10.o
                0x000000000000c226                bss_init(unsigned int, unsigned int)
 .after_vectors.reset
                0x000000000000c25c       0xb4 Startup/startup_mk60d10.o
                0x000000000000c25c                ResetISR
 .after_vectors
                0x000000000000c310       0x3c Startup/startup_mk60d10.o
                0x000000000000c310                NMI_Handler
                0x000000000000c316                HardFault_Handler
                0x000000000000c31c                MemManage_Handler
                0x000000000000c322                BusFault_Handler
                0x000000000000c328                UsageFault_Handler
                0x000000000000c32e                SVC_Handler
                0x000000000000c334                DebugMon_Handler
                0x000000000000c33a                PendSV_Handler
                0x000000000000c340                SysTick_Handler
                0x000000000000c346                PIT2_DriverIRQHandler
                0x000000000000c346                SDHC_DriverIRQHandler
                0x000000000000c346                I2S0_Tx_DriverIRQHandler
                0x000000000000c346                TSI0_DriverIRQHandler
                0x000000000000c346                RTC_Seconds_DriverIRQHandler
                0x000000000000c346                Reserved109_DriverIRQHandler
                0x000000000000c346                DMA6_DriverIRQHandler
                0x000000000000c346                LLWU_DriverIRQHandler
                0x000000000000c346                MCM_DriverIRQHandler
                0x000000000000c346                MCG_DriverIRQHandler
                0x000000000000c346                ENET_1588_Timer_DriverIRQHandler
                0x000000000000c346                DAC1_DriverIRQHandler
                0x000000000000c346                CMP1_DriverIRQHandler
                0x000000000000c346                UART5_RX_TX_DriverIRQHandler
                0x000000000000c346                FTM0_DriverIRQHandler
                0x000000000000c346                IntDefaultHandler
                0x000000000000c346                USB0_DriverIRQHandler
                0x000000000000c346                UART5_ERR_DriverIRQHandler
                0x000000000000c346                DMA11_DriverIRQHandler
                0x000000000000c346                DAC0_DriverIRQHandler
                0x000000000000c346                DMA10_DriverIRQHandler
                0x000000000000c346                CMP2_DriverIRQHandler
                0x000000000000c346                UART2_ERR_DriverIRQHandler
                0x000000000000c346                SPI2_DriverIRQHandler
                0x000000000000c346                LVD_LVW_DriverIRQHandler
                0x000000000000c346                RNG_DriverIRQHandler
                0x000000000000c346                DMA5_DriverIRQHandler
                0x000000000000c346                DMA4_DriverIRQHandler
                0x000000000000c346                UART2_RX_TX_DriverIRQHandler
                0x000000000000c346                USBDCD_DriverIRQHandler
                0x000000000000c346                UART3_ERR_DriverIRQHandler
                0x000000000000c346                DMA3_DriverIRQHandler
                0x000000000000c346                DMA8_DriverIRQHandler
                0x000000000000c346                DMA9_DriverIRQHandler
                0x000000000000c346                UART0_ERR_DriverIRQHandler
                0x000000000000c346                CMT_DriverIRQHandler
                0x000000000000c346                ADC1_DriverIRQHandler
                0x000000000000c346                DMA14_DriverIRQHandler
                0x000000000000c346                PIT3_DriverIRQHandler
                0x000000000000c346                PIT1_DriverIRQHandler
                0x000000000000c346                WDOG_EWM_DriverIRQHandler
                0x000000000000c346                PDB0_DriverIRQHandler
                0x000000000000c346                Reserved95_DriverIRQHandler
                0x000000000000c346                RTC_DriverIRQHandler
                0x000000000000c346                I2S0_Rx_DriverIRQHandler
                0x000000000000c346                Read_Collision_DriverIRQHandler
                0x000000000000c346                SWI_DriverIRQHandler
                0x000000000000c346                UART4_RX_TX_DriverIRQHandler
                0x000000000000c346                UART4_ERR_DriverIRQHandler
                0x000000000000c346                UART0_LON_DriverIRQHandler
                0x000000000000c346                DMA1_DriverIRQHandler
                0x000000000000c346                I2C1_DriverIRQHandler
                0x000000000000c346                UART3_RX_TX_DriverIRQHandler
                0x000000000000c346                ENET_Receive_DriverIRQHandler
                0x000000000000c346                DMA13_DriverIRQHandler
                0x000000000000c346                ENET_Error_DriverIRQHandler
                0x000000000000c346                DMA15_DriverIRQHandler
                0x000000000000c346                SPI0_DriverIRQHandler
                0x000000000000c346                ADC0_DriverIRQHandler
                0x000000000000c346                FTFL_DriverIRQHandler
                0x000000000000c346                CMP0_DriverIRQHandler
                0x000000000000c346                CAN0_DriverIRQHandler
                0x000000000000c346                Reserved59_DriverIRQHandler
                0x000000000000c346                UART1_ERR_DriverIRQHandler
                0x000000000000c346                DMA2_DriverIRQHandler
                0x000000000000c346                ENET_Transmit_DriverIRQHandler
                0x000000000000c346                I2C0_DriverIRQHandler
                0x000000000000c346                CAN1_DriverIRQHandler
                0x000000000000c346                DMA7_DriverIRQHandler
                0x000000000000c346                UART1_RX_TX_DriverIRQHandler
                0x000000000000c346                Reserved108_DriverIRQHandler
                0x000000000000c346                Reserved102_DriverIRQHandler
                0x000000000000c346                DMA0_DriverIRQHandler
                0x000000000000c346                DMA12_DriverIRQHandler
                0x000000000000c346                SPI1_DriverIRQHandler
                0x000000000000c346                LPTMR0_DriverIRQHandler
                0x000000000000c346                DMA_Error_DriverIRQHandler
                0x000000000000c346                FTM1_DriverIRQHandler
                0x000000000000c346                FTM2_DriverIRQHandler
                0x0000000000000400                . = 0x400
 *fill*         0x000000000000c34c       0xb4 ff
                0x000000000000c400                PROVIDE (__FLASH_CONFIG_START__ = .)
 *(.FlashConfig)
 .FlashConfig   0x000000000000c400       0x10 Startup/startup_mk60d10.o
                0x000000000000c410                PROVIDE (__FLASH_CONFIG_END__ = .)
                0x0000000000000001                ASSERT (! ((__FLASH_CONFIG_START__ == __FLASH_CONFIG_END__)), Linker Flash Config Support Enabled, but no .FlashConfig section provided within application)

.eh_frame       0x000000000000c410        0x0
 .eh_frame      0x000000000000c410        0x0 /Applications/FEH_ARM/bin/../lib/gcc/arm-none-eabi/10.3.1/thumb/v7e-m/nofp/crtbegin.o

.glue_7         0x000000000000c410        0x0
 .glue_7        0x000000000000c410        0x0 linker stubs

.glue_7t        0x000000000000c410        0x0
 .glue_7t       0x000000000000c410        0x0 linker stubs

.vfp11_veneer   0x000000000000c410        0x0
 .vfp11_veneer  0x000000000000c410        0x0 linker stubs

.v4_bx          0x000000000000c410        0x0
 .v4_bx         0x000000000000c410        0x0 linker stubs

.iplt           0x000000000000c410        0x0
 .iplt          0x000000000000c410        0x0 /Applications/FEH_ARM/bin/../lib/gcc/arm-none-eabi/10.3.1/thumb/v7e-m/nofp/crtbegin.o

.text           0x000000000000c410     0x6914
 *(.text*)
 .text          0x000000000000c410       0x40 /Applications/FEH_ARM/bin/../lib/gcc/arm-none-eabi/10.3.1/thumb/v7e-m/nofp/crtbegin.o
 .text._Z4turnd
                0x000000000000c450      0x1dc ../main.o
                0x000000000000c450                turn(double)
 .text.main     0x000000000000c62c       0x4c ../main.o
                0x000000000000c62c                main
 .text._Z41__static_initialization_and_destruction_0ii
                0x000000000000c678       0x98 ../main.o
 .text._GLOBAL__sub_I_right_motor
                0x000000000000c710       0x10 ../main.o
 .text.PORTD_IRQHandler
                0x000000000000c720       0x50 Startup/startup_mk60d10.o
                0x000000000000c720                PORTD_IRQHandler
 .text._Z15InitPowerButtonv
                0x000000000000c770       0x60 Startup/startup_mk60d10.o
                0x000000000000c770                InitPowerButton()
 .text._ZL11pll_init_blv
                0x000000000000c7d0       0xe0 Startup/startup_mk60d10.o
 .text._Z14InitFEHProteusv
                0x000000000000c8b0       0xec Startup/startup_mk60d10.o
                0x000000000000c8b0                InitFEHProteus()
 .text.DMA0_IRQHandler
                0x000000000000c99c        0xc Startup/startup_mk60d10.o
                0x000000000000c99c                DMA0_IRQHandler
 .text.DMA1_IRQHandler
                0x000000000000c9a8        0xc Startup/startup_mk60d10.o
                0x000000000000c9a8                DMA1_IRQHandler
 .text.DMA2_IRQHandler
                0x000000000000c9b4        0xc Startup/startup_mk60d10.o
                0x000000000000c9b4                DMA2_IRQHandler
 .text.DMA3_IRQHandler
                0x000000000000c9c0        0xc Startup/startup_mk60d10.o
                0x000000000000c9c0                DMA3_IRQHandler
 .text.DMA4_IRQHandler
                0x000000000000c9cc        0xc Startup/startup_mk60d10.o
                0x000000000000c9cc                DMA4_IRQHandler
 .text.DMA5_IRQHandler
                0x000000000000c9d8        0xc Startup/startup_mk60d10.o
                0x000000000000c9d8                DMA5_IRQHandler
 .text.DMA6_IRQHandler
                0x000000000000c9e4        0xc Startup/startup_mk60d10.o
                0x000000000000c9e4                DMA6_IRQHandler
 .text.DMA7_IRQHandler
                0x000000000000c9f0        0xc Startup/startup_mk60d10.o
                0x000000000000c9f0                DMA7_IRQHandler
 .text.DMA8_IRQHandler
                0x000000000000c9fc        0xc Startup/startup_mk60d10.o
                0x000000000000c9fc                DMA8_IRQHandler
 .text.DMA9_IRQHandler
                0x000000000000ca08        0xc Startup/startup_mk60d10.o
                0x000000000000ca08                DMA9_IRQHandler
 .text.DMA10_IRQHandler
                0x000000000000ca14        0xc Startup/startup_mk60d10.o
                0x000000000000ca14                DMA10_IRQHandler
 .text.DMA11_IRQHandler
                0x000000000000ca20        0xc Startup/startup_mk60d10.o
                0x000000000000ca20                DMA11_IRQHandler
 .text.DMA12_IRQHandler
                0x000000000000ca2c        0xc Startup/startup_mk60d10.o
                0x000000000000ca2c                DMA12_IRQHandler
 .text.DMA13_IRQHandler
                0x000000000000ca38        0xc Startup/startup_mk60d10.o
                0x000000000000ca38                DMA13_IRQHandler
 .text.DMA14_IRQHandler
                0x000000000000ca44        0xc Startup/startup_mk60d10.o
                0x000000000000ca44                DMA14_IRQHandler
 .text.DMA15_IRQHandler
                0x000000000000ca50        0xc Startup/startup_mk60d10.o
                0x000000000000ca50                DMA15_IRQHandler
 .text.DMA_Error_IRQHandler
                0x000000000000ca5c        0xc Startup/startup_mk60d10.o
                0x000000000000ca5c                DMA_Error_IRQHandler
 .text.MCM_IRQHandler
                0x000000000000ca68        0xc Startup/startup_mk60d10.o
                0x000000000000ca68                MCM_IRQHandler
 .text.FTFL_IRQHandler
                0x000000000000ca74        0xc Startup/startup_mk60d10.o
                0x000000000000ca74                FTFL_IRQHandler
 .text.Read_Collision_IRQHandler
                0x000000000000ca80        0xc Startup/startup_mk60d10.o
                0x000000000000ca80                Read_Collision_IRQHandler
 .text.LVD_LVW_IRQHandler
                0x000000000000ca8c        0xc Startup/startup_mk60d10.o
                0x000000000000ca8c                LVD_LVW_IRQHandler
 .text.LLWU_IRQHandler
                0x000000000000ca98        0xc Startup/startup_mk60d10.o
                0x000000000000ca98                LLWU_IRQHandler
 .text.WDOG_EWM_IRQHandler
                0x000000000000caa4        0xc Startup/startup_mk60d10.o
                0x000000000000caa4                WDOG_EWM_IRQHandler
 .text.RNG_IRQHandler
                0x000000000000cab0        0xc Startup/startup_mk60d10.o
                0x000000000000cab0                RNG_IRQHandler
 .text.I2C0_IRQHandler
                0x000000000000cabc        0xc Startup/startup_mk60d10.o
                0x000000000000cabc                I2C0_IRQHandler
 .text.I2C1_IRQHandler
                0x000000000000cac8        0xc Startup/startup_mk60d10.o
                0x000000000000cac8                I2C1_IRQHandler
 .text.SPI0_IRQHandler
                0x000000000000cad4        0xc Startup/startup_mk60d10.o
                0x000000000000cad4                SPI0_IRQHandler
 .text.SPI1_IRQHandler
                0x000000000000cae0        0xc Startup/startup_mk60d10.o
                0x000000000000cae0                SPI1_IRQHandler
 .text.SPI2_IRQHandler
                0x000000000000caec        0xc Startup/startup_mk60d10.o
                0x000000000000caec                SPI2_IRQHandler
 .text.CAN0_ORed_Message_buffer_IRQHandler
                0x000000000000caf8        0xc Startup/startup_mk60d10.o
                0x000000000000caf8                CAN0_ORed_Message_buffer_IRQHandler
 .text.CAN0_Bus_Off_IRQHandler
                0x000000000000cb04        0xc Startup/startup_mk60d10.o
                0x000000000000cb04                CAN0_Bus_Off_IRQHandler
 .text.CAN0_Error_IRQHandler
                0x000000000000cb10        0xc Startup/startup_mk60d10.o
                0x000000000000cb10                CAN0_Error_IRQHandler
 .text.CAN0_Tx_Warning_IRQHandler
                0x000000000000cb1c        0xc Startup/startup_mk60d10.o
                0x000000000000cb1c                CAN0_Tx_Warning_IRQHandler
 .text.CAN0_Rx_Warning_IRQHandler
                0x000000000000cb28        0xc Startup/startup_mk60d10.o
                0x000000000000cb28                CAN0_Rx_Warning_IRQHandler
 .text.CAN0_Wake_Up_IRQHandler
                0x000000000000cb34        0xc Startup/startup_mk60d10.o
                0x000000000000cb34                CAN0_Wake_Up_IRQHandler
 .text.I2S0_Tx_IRQHandler
                0x000000000000cb40        0xc Startup/startup_mk60d10.o
                0x000000000000cb40                I2S0_Tx_IRQHandler
 .text.I2S0_Rx_IRQHandler
                0x000000000000cb4c        0xc Startup/startup_mk60d10.o
                0x000000000000cb4c                I2S0_Rx_IRQHandler
 .text.CAN1_ORed_Message_buffer_IRQHandler
                0x000000000000cb58        0xc Startup/startup_mk60d10.o
                0x000000000000cb58                CAN1_ORed_Message_buffer_IRQHandler
 .text.CAN1_Bus_Off_IRQHandler
                0x000000000000cb64        0xc Startup/startup_mk60d10.o
                0x000000000000cb64                CAN1_Bus_Off_IRQHandler
 .text.CAN1_Error_IRQHandler
                0x000000000000cb70        0xc Startup/startup_mk60d10.o
                0x000000000000cb70                CAN1_Error_IRQHandler
 .text.CAN1_Tx_Warning_IRQHandler
                0x000000000000cb7c        0xc Startup/startup_mk60d10.o
                0x000000000000cb7c                CAN1_Tx_Warning_IRQHandler
 .text.CAN1_Rx_Warning_IRQHandler
                0x000000000000cb88        0xc Startup/startup_mk60d10.o
                0x000000000000cb88                CAN1_Rx_Warning_IRQHandler
 .text.CAN1_Wake_Up_IRQHandler
                0x000000000000cb94        0xc Startup/startup_mk60d10.o
                0x000000000000cb94                CAN1_Wake_Up_IRQHandler
 .text.Reserved59_IRQHandler
                0x000000000000cba0        0xc Startup/startup_mk60d10.o
                0x000000000000cba0                Reserved59_IRQHandler
 .text.UART0_LON_IRQHandler
                0x000000000000cbac        0xc Startup/startup_mk60d10.o
                0x000000000000cbac                UART0_LON_IRQHandler
 .text.UART0_ERR_IRQHandler
                0x000000000000cbb8        0xc Startup/startup_mk60d10.o
                0x000000000000cbb8                UART0_ERR_IRQHandler
 .text.UART1_RX_TX_IRQHandler
                0x000000000000cbc4        0xc Startup/startup_mk60d10.o
                0x000000000000cbc4                UART1_RX_TX_IRQHandler
 .text.UART1_ERR_IRQHandler
                0x000000000000cbd0        0xc Startup/startup_mk60d10.o
                0x000000000000cbd0                UART1_ERR_IRQHandler
 .text.UART2_RX_TX_IRQHandler
                0x000000000000cbdc        0xc Startup/startup_mk60d10.o
                0x000000000000cbdc                UART2_RX_TX_IRQHandler
 .text.UART2_ERR_IRQHandler
                0x000000000000cbe8        0xc Startup/startup_mk60d10.o
                0x000000000000cbe8                UART2_ERR_IRQHandler
 .text.UART3_RX_TX_IRQHandler
                0x000000000000cbf4        0xc Startup/startup_mk60d10.o
                0x000000000000cbf4                UART3_RX_TX_IRQHandler
 .text.UART3_ERR_IRQHandler
                0x000000000000cc00        0xc Startup/startup_mk60d10.o
                0x000000000000cc00                UART3_ERR_IRQHandler
 .text.UART4_RX_TX_IRQHandler
                0x000000000000cc0c        0xc Startup/startup_mk60d10.o
                0x000000000000cc0c                UART4_RX_TX_IRQHandler
 .text.UART4_ERR_IRQHandler
                0x000000000000cc18        0xc Startup/startup_mk60d10.o
                0x000000000000cc18                UART4_ERR_IRQHandler
 .text.UART5_RX_TX_IRQHandler
                0x000000000000cc24        0xc Startup/startup_mk60d10.o
                0x000000000000cc24                UART5_RX_TX_IRQHandler
 .text.UART5_ERR_IRQHandler
                0x000000000000cc30        0xc Startup/startup_mk60d10.o
                0x000000000000cc30                UART5_ERR_IRQHandler
 .text.ADC0_IRQHandler
                0x000000000000cc3c        0xc Startup/startup_mk60d10.o
                0x000000000000cc3c                ADC0_IRQHandler
 .text.ADC1_IRQHandler
                0x000000000000cc48        0xc Startup/startup_mk60d10.o
                0x000000000000cc48                ADC1_IRQHandler
 .text.CMP0_IRQHandler
                0x000000000000cc54        0xc Startup/startup_mk60d10.o
                0x000000000000cc54                CMP0_IRQHandler
 .text.CMP1_IRQHandler
                0x000000000000cc60        0xc Startup/startup_mk60d10.o
                0x000000000000cc60                CMP1_IRQHandler
 .text.CMP2_IRQHandler
                0x000000000000cc6c        0xc Startup/startup_mk60d10.o
                0x000000000000cc6c                CMP2_IRQHandler
 .text.FTM0_IRQHandler
                0x000000000000cc78        0xc Startup/startup_mk60d10.o
                0x000000000000cc78                FTM0_IRQHandler
 .text.FTM1_IRQHandler
                0x000000000000cc84        0xc Startup/startup_mk60d10.o
                0x000000000000cc84                FTM1_IRQHandler
 .text.FTM2_IRQHandler
                0x000000000000cc90        0xc Startup/startup_mk60d10.o
                0x000000000000cc90                FTM2_IRQHandler
 .text.CMT_IRQHandler
                0x000000000000cc9c        0xc Startup/startup_mk60d10.o
                0x000000000000cc9c                CMT_IRQHandler
 .text.RTC_IRQHandler
                0x000000000000cca8        0xc Startup/startup_mk60d10.o
                0x000000000000cca8                RTC_IRQHandler
 .text.RTC_Seconds_IRQHandler
                0x000000000000ccb4        0xc Startup/startup_mk60d10.o
                0x000000000000ccb4                RTC_Seconds_IRQHandler
 .text.PIT1_IRQHandler
                0x000000000000ccc0        0xc Startup/startup_mk60d10.o
                0x000000000000ccc0                PIT1_IRQHandler
 .text.PIT2_IRQHandler
                0x000000000000cccc        0xc Startup/startup_mk60d10.o
                0x000000000000cccc                PIT2_IRQHandler
 .text.PIT3_IRQHandler
                0x000000000000ccd8        0xc Startup/startup_mk60d10.o
                0x000000000000ccd8                PIT3_IRQHandler
 .text.PDB0_IRQHandler
                0x000000000000cce4        0xc Startup/startup_mk60d10.o
                0x000000000000cce4                PDB0_IRQHandler
 .text.USB0_IRQHandler
                0x000000000000ccf0        0xc Startup/startup_mk60d10.o
                0x000000000000ccf0                USB0_IRQHandler
 .text.USBDCD_IRQHandler
                0x000000000000ccfc        0xc Startup/startup_mk60d10.o
                0x000000000000ccfc                USBDCD_IRQHandler
 .text.ENET_1588_Timer_IRQHandler
                0x000000000000cd08        0xc Startup/startup_mk60d10.o
                0x000000000000cd08                ENET_1588_Timer_IRQHandler
 .text.ENET_Transmit_IRQHandler
                0x000000000000cd14        0xc Startup/startup_mk60d10.o
                0x000000000000cd14                ENET_Transmit_IRQHandler
 .text.ENET_Receive_IRQHandler
                0x000000000000cd20        0xc Startup/startup_mk60d10.o
                0x000000000000cd20                ENET_Receive_IRQHandler
 .text.ENET_Error_IRQHandler
                0x000000000000cd2c        0xc Startup/startup_mk60d10.o
                0x000000000000cd2c                ENET_Error_IRQHandler
 .text.Reserved95_IRQHandler
                0x000000000000cd38        0xc Startup/startup_mk60d10.o
                0x000000000000cd38                Reserved95_IRQHandler
 .text.SDHC_IRQHandler
                0x000000000000cd44        0xc Startup/startup_mk60d10.o
                0x000000000000cd44                SDHC_IRQHandler
 .text.DAC0_IRQHandler
                0x000000000000cd50        0xc Startup/startup_mk60d10.o
                0x000000000000cd50                DAC0_IRQHandler
 .text.DAC1_IRQHandler
                0x000000000000cd5c        0xc Startup/startup_mk60d10.o
                0x000000000000cd5c                DAC1_IRQHandler
 .text.TSI0_IRQHandler
                0x000000000000cd68        0xc Startup/startup_mk60d10.o
                0x000000000000cd68                TSI0_IRQHandler
 .text.MCG_IRQHandler
                0x000000000000cd74        0xc Startup/startup_mk60d10.o
                0x000000000000cd74                MCG_IRQHandler
 .text.LPTMR0_IRQHandler
                0x000000000000cd80        0xc Startup/startup_mk60d10.o
                0x000000000000cd80                LPTMR0_IRQHandler
 .text.Reserved102_IRQHandler
                0x000000000000cd8c        0xc Startup/startup_mk60d10.o
                0x000000000000cd8c                Reserved102_IRQHandler
 .text.Reserved108_IRQHandler
                0x000000000000cd98        0xc Startup/startup_mk60d10.o
                0x000000000000cd98                Reserved108_IRQHandler
 .text.Reserved109_IRQHandler
                0x000000000000cda4        0xc Startup/startup_mk60d10.o
                0x000000000000cda4                Reserved109_IRQHandler
 .text.SWI_IRQHandler
                0x000000000000cdb0        0xc Startup/startup_mk60d10.o
                0x000000000000cdb0                SWI_IRQHandler
 *fill*         0x000000000000cdbc        0x4 
 .text._ZN8FEHMotorC2ENS_12FEHMotorPortEf
                0x000000000000cdc0       0x7c Libraries/FEHMotor.o
                0x000000000000cdc0                FEHMotor::FEHMotor(FEHMotor::FEHMotorPort, float)
                0x000000000000cdc0                FEHMotor::FEHMotor(FEHMotor::FEHMotorPort, float)
 .text._ZN8FEHMotor4StopEv
                0x000000000000ce3c       0x30 Libraries/FEHMotor.o
                0x000000000000ce3c                FEHMotor::Stop()
 .text._ZN8FEHMotor8SetPowerEi
                0x000000000000ce6c       0x54 Libraries/FEHMotor.o
                0x000000000000ce6c                FEHMotor::SetPower(int)
 .text._ZN8FEHMotor10SetPercentEf
                0x000000000000cec0       0xf8 Libraries/FEHMotor.o
                0x000000000000cec0                FEHMotor::SetPercent(float)
 .text._Z21IIC_StartTransmissionhh
                0x000000000000cfb8       0x6c Drivers/i2c.o
                0x000000000000cfb8                IIC_StartTransmission(unsigned char, unsigned char)
 .text._Z5Pausev
                0x000000000000d024       0x24 Drivers/i2c.o
                0x000000000000d024                Pause()
 .text._Z21MMA8451QWriteRegisterhh
                0x000000000000d048       0x68 Drivers/i2c.o
                0x000000000000d048                MMA8451QWriteRegister(unsigned char, unsigned char)
 .text._Z8i2c_Waitv
                0x000000000000d0b0       0x6c Drivers/i2c.o
                0x000000000000d0b0                i2c_Wait()
 .text._Z12SPI_SendCharh
                0x000000000000d11c       0x1a Drivers/spi.o
                0x000000000000d11c                SPI_SendChar(unsigned char)
 .text._Z16SPI_WriteCommandhh
                0x000000000000d136       0x34 Drivers/spi.o
                0x000000000000d136                SPI_WriteCommand(unsigned char, unsigned char)
 *fill*         0x000000000000d16a        0x2 
 .text._Z13SPI_CS_Assertv
                0x000000000000d16c       0x1c Drivers/spi.o
                0x000000000000d16c                SPI_CS_Assert()
 .text._Z15SPI_CS_Deassertv
                0x000000000000d188       0x1c Drivers/spi.o
                0x000000000000d188                SPI_CS_Deassert()
 .text._Z12SPI_Transferh
                0x000000000000d1a4       0x6c Drivers/spi.o
                0x000000000000d1a4                SPI_Transfer(unsigned char)
 .text._Z8SPI_Initv
                0x000000000000d210       0xa0 Drivers/spi.o
                0x000000000000d210                SPI_Init()
 .text._Z9uart_initPV11UART_MemMapii
                0x000000000000d2b0      0x174 Drivers/uart.o
                0x000000000000d2b0                uart_init(UART_MemMap volatile*, int, int)
 .text._Z12uart_getcharPV11UART_MemMap
                0x000000000000d424       0x32 Drivers/uart.o
                0x000000000000d424                uart_getchar(UART_MemMap volatile*)
 .text._Z12uart_putcharPV11UART_MemMapc
                0x000000000000d456       0x32 Drivers/uart.o
                0x000000000000d456                uart_putchar(UART_MemMap volatile*, char)
 .text._ZL7mem_setPvij
                0x000000000000d488       0x3c Drivers/ff.o
 .text._ZL11move_windowP5FATFSm
                0x000000000000d4c4       0xc8 Drivers/ff.o
 .text._ZL4syncP5FATFS
                0x000000000000d58c      0x14c Drivers/ff.o
 .text._ZL8validateP5FATFSt
                0x000000000000d6d8       0x54 Drivers/ff.o
 .text._Z6f_syncP3FIL
                0x000000000000d72c      0x186 Drivers/ff.o
                0x000000000000d72c                f_sync(FIL*)
 .text._Z7f_closeP3FIL
                0x000000000000d8b2       0x28 Drivers/ff.o
                0x000000000000d8b2                f_close(FIL*)
 *fill*         0x000000000000d8da        0x2 
 .text._ZL17SDHC_set_baudratemm
                0x000000000000d8dc       0xe8 Drivers/SDHC.o
 .text._Z9SDHC_initP17esdhc_info_structPK17esdhc_init_struct
                0x000000000000d9c4      0x130 Drivers/SDHC.o
                0x000000000000d9c4                SDHC_init(esdhc_info_struct*, esdhc_init_struct const*)
 .text._ZL15SDHC_is_runningv
                0x000000000000daf4       0x24 Drivers/SDHC.o
 .text._ZL16SDHC_status_waitm
                0x000000000000db18       0x2c Drivers/SDHC.o
 .text._ZL17SDHC_send_commandP20esdhc_command_struct
                0x000000000000db44      0x1f8 Drivers/SDHC.o
 .text._Z10SDHC_ioctlmPv
                0x000000000000dd3c      0x6f0 Drivers/SDHC.o
                0x000000000000dd3c                SDHC_ioctl(unsigned long, void*)
 .text._ZL14rcvr_datablockPhm
                0x000000000000e42c       0xf0 Drivers/SDHC.o
 .text._Z9disk_readhPhmh
                0x000000000000e51c      0x124 Drivers/SDHC.o
                0x000000000000e51c                disk_read(unsigned char, unsigned char*, unsigned long, unsigned char)
 .text._ZL14xmit_datablockPKhm
                0x000000000000e640       0xa4 Drivers/SDHC.o
 .text._Z10disk_writehPKhmh
                0x000000000000e6e4      0x198 Drivers/SDHC.o
                0x000000000000e6e4                disk_write(unsigned char, unsigned char const*, unsigned long, unsigned char)
 .text._Z10disk_ioctlhhPv
                0x000000000000e87c      0x104 Drivers/SDHC.o
                0x000000000000e87c                disk_ioctl(unsigned char, unsigned char, void*)
 .text._Z11disk_statush
                0x000000000000e980       0x28 Drivers/SDHC.o
                0x000000000000e980                disk_status(unsigned char)
 .text._Z13time_delay_msm
                0x000000000000e9a8       0x6c Drivers/lptmr.o
                0x000000000000e9a8                time_delay_ms(unsigned long)
 .text._Z41__static_initialization_and_destruction_0ii
                0x000000000000ea14       0x2c FEHProteus.o
 .text._GLOBAL__sub_I_Propeller
                0x000000000000ea40       0x10 FEHProteus.o
 .text._ZN12FEHPropellerC2Ev
                0x000000000000ea50       0x1a Drivers/FEHPropeller.o
                0x000000000000ea50                FEHPropeller::FEHPropeller()
                0x000000000000ea50                FEHPropeller::FEHPropeller()
 *fill*         0x000000000000ea6a        0x2 
 .text._ZN12FEHPropeller10InitializeEv
                0x000000000000ea6c       0x74 Drivers/FEHPropeller.o
                0x000000000000ea6c                FEHPropeller::Initialize()
 .text._ZN12FEHPropeller12SetMotorRateEhhh
                0x000000000000eae0       0x5c Drivers/FEHPropeller.o
                0x000000000000eae0                FEHPropeller::SetMotorRate(unsigned char, unsigned char, unsigned char)
 .text._ZL5Delaymjj
                0x000000000000eb3c       0x94 Libraries/FEHUtility.o
 .text._Z5Sleepi
                0x000000000000ebd0       0x2c Libraries/FEHUtility.o
                0x000000000000ebd0                Sleep(int)
 .text._Z5Sleepd
                0x000000000000ebfc       0x4c Libraries/FEHUtility.o
                0x000000000000ebfc                Sleep(double)
 .text._ZN14DigitalEncoderC2EN5FEHIO8FEHIOPinE
                0x000000000000ec48       0x26 Libraries/FEHIO.o
                0x000000000000ec48                DigitalEncoder::DigitalEncoder(FEHIO::FEHIOPin)
                0x000000000000ec48                DigitalEncoder::DigitalEncoder(FEHIO::FEHIOPin)
 *fill*         0x000000000000ec6e        0x2 
 .text._Z10enable_irqi
                0x000000000000ec70      0x11c Libraries/FEHIO.o
                0x000000000000ec70                enable_irq(int)
 .text._ZN14DigitalEncoder10InitializeEN5FEHIO8FEHIOPinENS0_21FEHIOInterruptTriggerE
                0x000000000000ed8c      0x1a8 Libraries/FEHIO.o
                0x000000000000ed8c                DigitalEncoder::Initialize(FEHIO::FEHIOPin, FEHIO::FEHIOInterruptTrigger)
 .text._Z16PORTB_IRQHandlerv
                0x000000000000ef34       0x9c Libraries/FEHIO.o
                0x000000000000ef34                PORTB_IRQHandler()
 .text._Z16PORTC_IRQHandlerv
                0x000000000000efd0       0x9c Libraries/FEHIO.o
                0x000000000000efd0                PORTC_IRQHandler()
 .text._Z16PORTA_IRQHandlerv
                0x000000000000f06c       0xa0 Libraries/FEHIO.o
                0x000000000000f06c                PORTA_IRQHandler()
 .text._Z16PORTE_IRQHandlerv
                0x000000000000f10c       0x98 Libraries/FEHIO.o
                0x000000000000f10c                PORTE_IRQHandler()
 .text._ZN14DigitalEncoder6CountsEv
                0x000000000000f1a4       0x24 Libraries/FEHIO.o
                0x000000000000f1a4                DigitalEncoder::Counts()
 .text._ZN14DigitalEncoder11ResetCountsEv
                0x000000000000f1c8       0x24 Libraries/FEHIO.o
                0x000000000000f1c8                DigitalEncoder::ResetCounts()
 .text._ZN14AnalogInputPinC2EN5FEHIO8FEHIOPinE
                0x000000000000f1ec       0x1e Libraries/FEHIO.o
                0x000000000000f1ec                AnalogInputPin::AnalogInputPin(FEHIO::FEHIOPin)
                0x000000000000f1ec                AnalogInputPin::AnalogInputPin(FEHIO::FEHIOPin)
 *fill*         0x000000000000f20a        0x6 
 .text._ZN14AnalogInputPin5ValueEv
                0x000000000000f210      0x120 Libraries/FEHIO.o
                0x000000000000f210                AnalogInputPin::Value()
 .text._ZN13AnalogEncoder12EncoderValueEv
                0x000000000000f330       0xb0 Libraries/FEHIO.o
                0x000000000000f330                AnalogEncoder::EncoderValue()
 .text._ZN14AnalogInputPin8InitADCsEv
                0x000000000000f3e0       0x98 Libraries/FEHIO.o
                0x000000000000f3e0                AnalogInputPin::InitADCs()
 .text._Z15PIT0_IRQHandlerv
                0x000000000000f478       0x28 Libraries/FEHIO.o
                0x000000000000f478                PIT0_IRQHandler()
 .text._ZN13AnalogEncoder4InitEv
                0x000000000000f4a0       0x44 Libraries/FEHIO.o
                0x000000000000f4a0                AnalogEncoder::Init()
 .text._ZN13AnalogEncoder14SetCounterInitEj
                0x000000000000f4e4       0x20 Libraries/FEHIO.o
                0x000000000000f4e4                AnalogEncoder::SetCounterInit(unsigned int)
 .text._ZN13AnalogEncoder10ProcessIntEv
                0x000000000000f504       0x68 Libraries/FEHIO.o
                0x000000000000f504                AnalogEncoder::ProcessInt()
 .text._ZN13AnalogEncoder14ProcessIntSelfEv
                0x000000000000f56c       0x6e Libraries/FEHIO.o
                0x000000000000f56c                AnalogEncoder::ProcessIntSelf()
 .text._Z7ADC_CalPV10ADC_MemMap
                0x000000000000f5da      0x13e Drivers/adc16.o
                0x000000000000f5da                ADC_Cal(ADC_MemMap volatile*)
 .text._Z14ADC_Config_AltPV10ADC_MemMapP7adc_cfg
                0x000000000000f718       0x6c Drivers/adc16.o
                0x000000000000f718                ADC_Config_Alt(ADC_MemMap volatile*, adc_cfg*)
 .text._ZN9FEHBuzzerC2Ev
                0x000000000000f784       0x14 Libraries/FEHBuzzer.o
                0x000000000000f784                FEHBuzzer::FEHBuzzer()
                0x000000000000f784                FEHBuzzer::FEHBuzzer()
 .text._Z41__static_initialization_and_destruction_0ii
                0x000000000000f798       0x2c Libraries/FEHBuzzer.o
 .text._GLOBAL__sub_I_Buzzer
                0x000000000000f7c4       0x10 Libraries/FEHBuzzer.o
 .text._ZN8FEHServoC2ENS_12FEHServoPortE
                0x000000000000f7d4       0x38 Libraries/FEHServo.o
                0x000000000000f7d4                FEHServo::FEHServo(FEHServo::FEHServoPort)
                0x000000000000f7d4                FEHServo::FEHServo(FEHServo::FEHServoPort)
 .text._ZN8FEHServo6SetMinEi
                0x000000000000f80c       0x3a Libraries/FEHServo.o
                0x000000000000f80c                FEHServo::SetMin(int)
 .text._ZN8FEHServo6SetMaxEi
                0x000000000000f846       0x3a Libraries/FEHServo.o
                0x000000000000f846                FEHServo::SetMax(int)
 .text._ZN6FEHLCD11_InitializeEv
                0x000000000000f880      0x410 Libraries/FEHLCD.o
                0x000000000000f880                FEHLCD::_Initialize()
 .text._ZN6FEHLCDC2Ev
                0x000000000000fc90       0x50 Libraries/FEHLCD.o
                0x000000000000fc90                FEHLCD::FEHLCD()
                0x000000000000fc90                FEHLCD::FEHLCD()
 .text._ZN6FEHLCD10InitializeEv
                0x000000000000fce0       0x28 Libraries/FEHLCD.o
                0x000000000000fce0                FEHLCD::Initialize()
 .text._ZN6FEHLCD10PrintImageEii
                0x000000000000fd08       0xbc Libraries/FEHLCD.o
                0x000000000000fd08                FEHLCD::PrintImage(int, int)
 .text._ZN6FEHLCD9PrintLogoEii
                0x000000000000fdc4       0xbc Libraries/FEHLCD.o
                0x000000000000fdc4                FEHLCD::PrintLogo(int, int)
 .text._ZN6FEHLCD22ConvertFEHColorTo24BitENS_11FEHLCDColorE
                0x000000000000fe80       0x78 Libraries/FEHLCD.o
                0x000000000000fe80                FEHLCD::ConvertFEHColorTo24Bit(FEHLCD::FEHLCDColor)
 .text._ZN6FEHLCD24Convert24BitColorTo16BitEj
                0x000000000000fef8       0x30 Libraries/FEHLCD.o
                0x000000000000fef8                FEHLCD::Convert24BitColorTo16Bit(unsigned int)
 .text._ZN6FEHLCD22ConvertRGBColorTo16BitEhhh
                0x000000000000ff28       0x4a Libraries/FEHLCD.o
                0x000000000000ff28                FEHLCD::ConvertRGBColorTo16Bit(unsigned char, unsigned char, unsigned char)
 .text._ZN6FEHLCD5ClearENS_11FEHLCDColorE
                0x000000000000ff72       0x28 Libraries/FEHLCD.o
                0x000000000000ff72                FEHLCD::Clear(FEHLCD::FEHLCDColor)
 .text._ZN6FEHLCD5ClearEj
                0x000000000000ff9a       0x2c Libraries/FEHLCD.o
                0x000000000000ff9a                FEHLCD::Clear(unsigned int)
 .text._ZN6FEHLCD18SetBackgroundColorENS_11FEHLCDColorE
                0x000000000000ffc6       0x28 Libraries/FEHLCD.o
                0x000000000000ffc6                FEHLCD::SetBackgroundColor(FEHLCD::FEHLCDColor)
 .text._ZN6FEHLCD18SetBackgroundColorEj
                0x000000000000ffee       0x26 Libraries/FEHLCD.o
                0x000000000000ffee                FEHLCD::SetBackgroundColor(unsigned int)
 .text._ZN6FEHLCD12SetFontColorENS_11FEHLCDColorE
                0x0000000000010014       0x28 Libraries/FEHLCD.o
                0x0000000000010014                FEHLCD::SetFontColor(FEHLCD::FEHLCDColor)
 .text._ZN6FEHLCD12SetFontColorEj
                0x000000000001003c       0x26 Libraries/FEHLCD.o
                0x000000000001003c                FEHLCD::SetFontColor(unsigned int)
 .text._ZN6FEHLCD7WriteAtEPKcii
                0x0000000000010062       0x46 Libraries/FEHLCD.o
                0x0000000000010062                FEHLCD::WriteAt(char const*, int, int)
 .text._ZN6FEHLCD11TS_SPI_InitEv
                0x00000000000100a8       0x7c Libraries/FEHLCD.o
                0x00000000000100a8                FEHLCD::TS_SPI_Init()
 .text._ZN6FEHLCD10WriteIndexEh
                0x0000000000010124      0x14c Libraries/FEHLCD.o
                0x0000000000010124                FEHLCD::WriteIndex(unsigned char)
 .text._ZN6FEHLCD14WriteParameterEh
                0x0000000000010270      0x130 Libraries/FEHLCD.o
                0x0000000000010270                FEHLCD::WriteParameter(unsigned char)
 .text._ZN6FEHLCD6_ClearEv
                0x00000000000103a0      0x15c Libraries/FEHLCD.o
                0x00000000000103a0                FEHLCD::_Clear()
 .text._ZN6FEHLCD8NextLineEv
                0x00000000000104fc       0x2a Libraries/FEHLCD.o
                0x00000000000104fc                FEHLCD::NextLine()
 .text._ZN6FEHLCD9CheckLineEv
                0x0000000000010526       0x28 Libraries/FEHLCD.o
                0x0000000000010526                FEHLCD::CheckLine()
 .text._ZN6FEHLCD13SetDrawRegionEiiii
                0x000000000001054e       0xfe Libraries/FEHLCD.o
                0x000000000001054e                FEHLCD::SetDrawRegion(int, int, int, int)
 .text._ZN6FEHLCD11WriteCharAtEiic
                0x000000000001064c      0x214 Libraries/FEHLCD.o
                0x000000000001064c                FEHLCD::WriteCharAt(int, int, char)
 .text._ZN6FEHLCD11RepeatColorEv
                0x0000000000010860       0x70 Libraries/FEHLCD.o
                0x0000000000010860                FEHLCD::RepeatColor()
 .text._ZN6FEHLCD10_ForePixelEv
                0x00000000000108d0       0xc4 Libraries/FEHLCD.o
                0x00000000000108d0                FEHLCD::_ForePixel()
 .text._ZN6FEHLCD10_BackPixelEv
                0x0000000000010994       0xc4 Libraries/FEHLCD.o
                0x0000000000010994                FEHLCD::_BackPixel()
 .text._ZN6FEHLCD22SetRegisterColorValuesEv
                0x0000000000010a58      0x336 Libraries/FEHLCD.o
                0x0000000000010a58                FEHLCD::SetRegisterColorValues()
 *fill*         0x0000000000010d8e        0x2 
 .text._Z41__static_initialization_and_destruction_0ii
                0x0000000000010d90       0x2c Libraries/FEHLCD.o
 .text._GLOBAL__sub_I_image
                0x0000000000010dbc       0x10 Libraries/FEHLCD.o
 .text._ZN8FEHAccelC2Ev
                0x0000000000010dcc       0x70 Libraries/FEHAccel.o
                0x0000000000010dcc                FEHAccel::FEHAccel()
                0x0000000000010dcc                FEHAccel::FEHAccel()
 .text._Z41__static_initialization_and_destruction_0ii
                0x0000000000010e3c       0x2c Libraries/FEHAccel.o
 .text._GLOBAL__sub_I_Accel
                0x0000000000010e68       0x10 Libraries/FEHAccel.o
 .text._ZN10FEHBattery7VoltageEv
                0x0000000000010e78       0x54 Libraries/FEHBattery.o
                0x0000000000010e78                FEHBattery::Voltage()
 .text._ZN10FEHBatteryC2EN5FEHIO8FEHIOPinE
                0x0000000000010ecc       0x22 Libraries/FEHBattery.o
                0x0000000000010ecc                FEHBattery::FEHBattery(FEHIO::FEHIOPin)
                0x0000000000010ecc                FEHBattery::FEHBattery(FEHIO::FEHIOPin)
 *fill*         0x0000000000010eee        0x2 
 .text._Z41__static_initialization_and_destruction_0ii
                0x0000000000010ef0       0x30 Libraries/FEHBattery.o
 .text._GLOBAL__sub_I_Battery
                0x0000000000010f20       0x10 Libraries/FEHBattery.o
 .text._ZN7FEHXBeeC2Ev
                0x0000000000010f30       0x1a Drivers/FEHXBee.o
                0x0000000000010f30                FEHXBee::FEHXBee()
                0x0000000000010f30                FEHXBee::FEHXBee()
 *fill*         0x0000000000010f4a        0x2 
 .text._ZN7FEHXBee17SetPacketCallBackEPFvPhhE
                0x0000000000010f4c       0x20 Drivers/FEHXBee.o
                0x0000000000010f4c                FEHXBee::SetPacketCallBack(void (*)(unsigned char*, unsigned char))
 .text._Z22UART0_RX_TX_IRQHandlerv
                0x0000000000010f6c       0xec Drivers/FEHXBee.o
                0x0000000000010f6c                UART0_RX_TX_IRQHandler()
 .text._ZN6FEHRCSC2Ev
                0x0000000000011058       0x74 Libraries/FEHRCS.o
                0x0000000000011058                FEHRCS::FEHRCS()
                0x0000000000011058                FEHRCS::FEHRCS()
 .text._Z14RCSDataProcessPhh
                0x00000000000110cc       0xa0 Libraries/FEHRCS.o
                0x00000000000110cc                RCSDataProcess(unsigned char*, unsigned char)
 .text._Z41__static_initialization_and_destruction_0ii
                0x000000000001116c       0x2c Libraries/FEHRCS.o
 .text._GLOBAL__sub_I_RCS
                0x0000000000011198       0x10 Libraries/FEHRCS.o
 .text._ZN5FEHSDC2Ev
                0x00000000000111a8       0x24 Libraries/FEHSD.o
                0x00000000000111a8                FEHSD::FEHSD()
                0x00000000000111a8                FEHSD::FEHSD()
 .text._ZN5FEHSD9FCloseAllEv
                0x00000000000111cc       0x6c Libraries/FEHSD.o
                0x00000000000111cc                FEHSD::FCloseAll()
 .text._Z41__static_initialization_and_destruction_0ii
                0x0000000000011238       0x2c Libraries/FEHSD.o
 .text._GLOBAL__sub_I_SD
                0x0000000000011264       0x10 Libraries/FEHSD.o
 .text._ZN9FEHRandom10InitializeEv
                0x0000000000011274       0x3c Libraries/FEHRandom.o
                0x0000000000011274                FEHRandom::Initialize()
 .text.startup._GLOBAL__sub_I__ZN9__gnu_cxx9__freeresEv
                0x00000000000112b0       0x28 /Applications/FEH_ARM/bin/../lib/gcc/arm-none-eabi/10.3.1/../../../../arm-none-eabi/lib/thumb/v7e-m/nofp/libstdc++.a(eh_alloc.o)
 .text          0x00000000000112d8      0x378 /Applications/FEH_ARM/bin/../lib/gcc/arm-none-eabi/10.3.1/thumb/v7e-m/nofp/libgcc.a(_arm_addsubdf3.o)
                0x00000000000112d8                __aeabi_drsub
                0x00000000000112e0                __subdf3
                0x00000000000112e0                __aeabi_dsub
                0x00000000000112e4                __aeabi_dadd
                0x00000000000112e4                __adddf3
                0x000000000001155c                __aeabi_ui2d
                0x000000000001155c                __floatunsidf
                0x000000000001157c                __floatsidf
                0x000000000001157c                __aeabi_i2d
                0x00000000000115a0                __extendsfdf2
                0x00000000000115a0                __aeabi_f2d
                0x00000000000115e4                __aeabi_ul2d
                0x00000000000115e4                __floatundidf
                0x00000000000115f4                __aeabi_l2d
                0x00000000000115f4                __floatdidf
 .text          0x0000000000011650      0x424 /Applications/FEH_ARM/bin/../lib/gcc/arm-none-eabi/10.3.1/thumb/v7e-m/nofp/libgcc.a(_arm_muldivdf3.o)
                0x0000000000011650                __aeabi_dmul
                0x0000000000011650                __muldf3
                0x00000000000118a4                __aeabi_ddiv
                0x00000000000118a4                __divdf3
 .text          0x0000000000011a74      0x110 /Applications/FEH_ARM/bin/../lib/gcc/arm-none-eabi/10.3.1/thumb/v7e-m/nofp/libgcc.a(_arm_cmpdf2.o)
                0x0000000000011a74                __gedf2
                0x0000000000011a74                __gtdf2
                0x0000000000011a7c                __ledf2
                0x0000000000011a7c                __ltdf2
                0x0000000000011a84                __cmpdf2
                0x0000000000011a84                __eqdf2
                0x0000000000011a84                __nedf2
                0x0000000000011b00                __aeabi_cdrcmple
                0x0000000000011b10                __aeabi_cdcmple
                0x0000000000011b10                __aeabi_cdcmpeq
                0x0000000000011b20                __aeabi_dcmpeq
                0x0000000000011b34                __aeabi_dcmplt
                0x0000000000011b48                __aeabi_dcmple
                0x0000000000011b5c                __aeabi_dcmpge
                0x0000000000011b70                __aeabi_dcmpgt
 .text          0x0000000000011b84       0x50 /Applications/FEH_ARM/bin/../lib/gcc/arm-none-eabi/10.3.1/thumb/v7e-m/nofp/libgcc.a(_arm_fixdfsi.o)
                0x0000000000011b84                __fixdfsi
                0x0000000000011b84                __aeabi_d2iz
 .text          0x0000000000011bd4       0x40 /Applications/FEH_ARM/bin/../lib/gcc/arm-none-eabi/10.3.1/thumb/v7e-m/nofp/libgcc.a(_arm_fixunsdfsi.o)
                0x0000000000011bd4                __fixunsdfsi
                0x0000000000011bd4                __aeabi_d2uiz
 .text          0x0000000000011c14       0xa0 /Applications/FEH_ARM/bin/../lib/gcc/arm-none-eabi/10.3.1/thumb/v7e-m/nofp/libgcc.a(_arm_truncdfsf2.o)
                0x0000000000011c14                __aeabi_d2f
                0x0000000000011c14                __truncdfsf2
 .text          0x0000000000011cb4      0x2a0 /Applications/FEH_ARM/bin/../lib/gcc/arm-none-eabi/10.3.1/thumb/v7e-m/nofp/libgcc.a(_arm_muldivsf3.o)
                0x0000000000011cb4                __mulsf3
                0x0000000000011cb4                __aeabi_fmul
                0x0000000000011e1c                __divsf3
                0x0000000000011e1c                __aeabi_fdiv
 .text          0x0000000000011f54       0xec /Applications/FEH_ARM/bin/../lib/gcc/arm-none-eabi/10.3.1/thumb/v7e-m/nofp/libgcc.a(_arm_cmpsf2.o)
                0x0000000000011f54                __gesf2
                0x0000000000011f54                __gtsf2
                0x0000000000011f5c                __ltsf2
                0x0000000000011f5c                __lesf2
                0x0000000000011f64                __nesf2
                0x0000000000011f64                __eqsf2
                0x0000000000011f64                __cmpsf2
                0x0000000000011fc4                __aeabi_cfrcmple
                0x0000000000011fcc                __aeabi_cfcmpeq
                0x0000000000011fcc                __aeabi_cfcmple
                0x0000000000011fdc                __aeabi_fcmpeq
                0x0000000000011ff0                __aeabi_fcmplt
                0x0000000000012004                __aeabi_fcmple
                0x0000000000012018                __aeabi_fcmpge
                0x000000000001202c                __aeabi_fcmpgt
 .text.__libc_init_array
                0x0000000000012040       0x48 /Applications/FEH_ARM/bin/../lib/gcc/arm-none-eabi/10.3.1/../../../../arm-none-eabi/lib/thumb/v7e-m/nofp/libg.a(lib_a-init.o)
                0x0000000000012040                __libc_init_array
 .text.__retarget_lock_acquire_recursive
                0x0000000000012088        0x4 /Applications/FEH_ARM/bin/../lib/gcc/arm-none-eabi/10.3.1/../../../../arm-none-eabi/lib/thumb/v7e-m/nofp/libg.a(lib_a-lock.o)
                0x0000000000012088                __retarget_lock_acquire_recursive
 .text.__retarget_lock_release_recursive
                0x000000000001208c        0x4 /Applications/FEH_ARM/bin/../lib/gcc/arm-none-eabi/10.3.1/../../../../arm-none-eabi/lib/thumb/v7e-m/nofp/libg.a(lib_a-lock.o)
                0x000000000001208c                __retarget_lock_release_recursive
 .text.malloc   0x0000000000012090       0x10 /Applications/FEH_ARM/bin/../lib/gcc/arm-none-eabi/10.3.1/../../../../arm-none-eabi/lib/thumb/v7e-m/nofp/libg.a(lib_a-malloc.o)
                0x0000000000012090                malloc
 .text._malloc_r
                0x00000000000120a0      0x560 /Applications/FEH_ARM/bin/../lib/gcc/arm-none-eabi/10.3.1/../../../../arm-none-eabi/lib/thumb/v7e-m/nofp/libg.a(lib_a-mallocr.o)
                0x00000000000120a0                _malloc_r
 .text.__malloc_lock
                0x0000000000012600        0xc /Applications/FEH_ARM/bin/../lib/gcc/arm-none-eabi/10.3.1/../../../../arm-none-eabi/lib/thumb/v7e-m/nofp/libg.a(lib_a-mlock.o)
                0x0000000000012600                __malloc_lock
 .text.__malloc_unlock
                0x000000000001260c        0xc /Applications/FEH_ARM/bin/../lib/gcc/arm-none-eabi/10.3.1/../../../../arm-none-eabi/lib/thumb/v7e-m/nofp/libg.a(lib_a-mlock.o)
                0x000000000001260c                __malloc_unlock
 .text._sbrk_r  0x0000000000012618       0x24 /Applications/FEH_ARM/bin/../lib/gcc/arm-none-eabi/10.3.1/../../../../arm-none-eabi/lib/thumb/v7e-m/nofp/libg.a(lib_a-sbrkr.o)
                0x0000000000012618                _sbrk_r
 .text.startup.register_fini
                0x000000000001263c       0x14 /Applications/FEH_ARM/bin/../lib/gcc/arm-none-eabi/10.3.1/../../../../arm-none-eabi/lib/thumb/v7e-m/nofp/libg.a(lib_a-__call_atexit.o)
 .text.atexit   0x0000000000012650        0xc /Applications/FEH_ARM/bin/../lib/gcc/arm-none-eabi/10.3.1/../../../../arm-none-eabi/lib/thumb/v7e-m/nofp/libg.a(lib_a-atexit.o)
                0x0000000000012650                atexit
 .text.__libc_fini_array
                0x000000000001265c       0x2c /Applications/FEH_ARM/bin/../lib/gcc/arm-none-eabi/10.3.1/../../../../arm-none-eabi/lib/thumb/v7e-m/nofp/libg.a(lib_a-fini.o)
                0x000000000001265c                __libc_fini_array
 .text._malloc_trim_r
                0x0000000000012688       0xa0 /Applications/FEH_ARM/bin/../lib/gcc/arm-none-eabi/10.3.1/../../../../arm-none-eabi/lib/thumb/v7e-m/nofp/libg.a(lib_a-freer.o)
                0x0000000000012688                _malloc_trim_r
 .text._free_r  0x0000000000012728      0x20c /Applications/FEH_ARM/bin/../lib/gcc/arm-none-eabi/10.3.1/../../../../arm-none-eabi/lib/thumb/v7e-m/nofp/libg.a(lib_a-freer.o)
                0x0000000000012728                _free_r
 .text.__register_exitproc
                0x0000000000012934       0x8c /Applications/FEH_ARM/bin/../lib/gcc/arm-none-eabi/10.3.1/../../../../arm-none-eabi/lib/thumb/v7e-m/nofp/libg.a(lib_a-__atexit.o)
                0x0000000000012934                __register_exitproc
 .text._sbrk    0x00000000000129c0       0x1c /Applications/FEH_ARM/bin/../lib/gcc/arm-none-eabi/10.3.1/../../../../arm-none-eabi/lib/thumb/v7e-m/nofp/libnosys.a(sbrk.o)
                0x00000000000129c0                _sbrk
 *(.rodata .rodata.* .constdata .constdata.*)
 .rodata.K60_SDHC0_init
                0x00000000000129dc        0xc Drivers/SDHC.o
                0x00000000000129dc                K60_SDHC0_init
 .rodata._ZL21ESDHC_COMMAND_XFERTYP
                0x00000000000129e8      0x100 Drivers/SDHC.o
 .rodata._ZL9GPIOPorts
                0x0000000000012ae8       0x20 Libraries/FEHIO.o
 .rodata._ZL10ADCNumbers
                0x0000000000012b08       0x21 Libraries/FEHIO.o
 *fill*         0x0000000000012b29        0x3 
 .rodata._ZL14GPIOPinNumbers
                0x0000000000012b2c       0x80 Libraries/FEHIO.o
 .rodata._ZL16AnalogPinNumbers
                0x0000000000012bac       0x84 Libraries/FEHIO.o
 .rodata        0x0000000000012c30       0x78 Libraries/FEHIO.o
 .rodata        0x0000000000012ca8       0x32 Libraries/FEHLCD.o
 *fill*         0x0000000000012cda        0x2 
 .rodata._global_impure_ptr
                0x0000000000012cdc        0x4 /Applications/FEH_ARM/bin/../lib/gcc/arm-none-eabi/10.3.1/../../../../arm-none-eabi/lib/thumb/v7e-m/nofp/libg.a(lib_a-impure.o)
                0x0000000000012cdc                _global_impure_ptr
                0x0000000000012ce0                . = ALIGN (0x4)
                0x0000000000012ce0                . = ALIGN (0x4)
 *(.init)
 .init          0x0000000000012ce0        0x4 /Applications/FEH_ARM/bin/../lib/gcc/arm-none-eabi/10.3.1/thumb/v7e-m/nofp/crti.o
                0x0000000000012ce0                _init
 .init          0x0000000000012ce4        0x8 /Applications/FEH_ARM/bin/../lib/gcc/arm-none-eabi/10.3.1/thumb/v7e-m/nofp/crtn.o
                0x0000000000012cec                . = ALIGN (0x4)
                0x0000000000012cec                __preinit_array_start = .
 *(.preinit_array)
                0x0000000000012cec                __preinit_array_end = .
                0x0000000000012cec                . = ALIGN (0x4)
                0x0000000000012cec                __init_array_start = .
 *(SORT_BY_NAME(.init_array.*))
 .init_array.00000
                0x0000000000012cec        0x4 /Applications/FEH_ARM/bin/../lib/gcc/arm-none-eabi/10.3.1/../../../../arm-none-eabi/lib/thumb/v7e-m/nofp/libg.a(lib_a-__call_atexit.o)
 *(.init_array)
 .init_array    0x0000000000012cf0        0x4 /Applications/FEH_ARM/bin/../lib/gcc/arm-none-eabi/10.3.1/thumb/v7e-m/nofp/crtbegin.o
 .init_array    0x0000000000012cf4        0x4 ../main.o
 .init_array    0x0000000000012cf8        0x4 FEHProteus.o
 .init_array    0x0000000000012cfc        0x4 Libraries/FEHBuzzer.o
 .init_array    0x0000000000012d00        0x4 Libraries/FEHLCD.o
 .init_array    0x0000000000012d04        0x4 Libraries/FEHAccel.o
 .init_array    0x0000000000012d08        0x4 Libraries/FEHBattery.o
 .init_array    0x0000000000012d0c        0x4 Libraries/FEHRCS.o
 .init_array    0x0000000000012d10        0x4 Libraries/FEHSD.o
 .init_array    0x0000000000012d14        0x4 /Applications/FEH_ARM/bin/../lib/gcc/arm-none-eabi/10.3.1/../../../../arm-none-eabi/lib/thumb/v7e-m/nofp/libstdc++.a(eh_alloc.o)
                0x0000000000012d18                __init_array_end = .
 *(.fini)
 .fini          0x0000000000012d18        0x4 /Applications/FEH_ARM/bin/../lib/gcc/arm-none-eabi/10.3.1/thumb/v7e-m/nofp/crti.o
                0x0000000000012d18                _fini
 .fini          0x0000000000012d1c        0x8 /Applications/FEH_ARM/bin/../lib/gcc/arm-none-eabi/10.3.1/thumb/v7e-m/nofp/crtn.o
                0x0000000000012d24                . = ALIGN (0x4)
 *crtbegin.o(.ctors)
 *(EXCLUDE_FILE(*crtend.o) .ctors)
 *(SORT_BY_NAME(.ctors.*))
 *crtend.o(.ctors)
                0x0000000000012d24                . = ALIGN (0x4)
 *crtbegin.o(.dtors)
 *(EXCLUDE_FILE(*crtend.o) .dtors)
 *(SORT_BY_NAME(.dtors.*))
 *crtend.o(.dtors)
                0x0000000000012d24                . = ALIGN (0x4)

.ARM.extab
 *(.ARM.extab* .gnu.linkonce.armextab.*)
                0x0000000000012d24                __exidx_start = .

.ARM.exidx      0x0000000000012d24        0x8
 *(.ARM.exidx* .gnu.linkonce.armexidx.*)
 .ARM.exidx.text.startup._GLOBAL__sub_I__ZN9__gnu_cxx9__freeresEv
                0x0000000000012d24        0x8 /Applications/FEH_ARM/bin/../lib/gcc/arm-none-eabi/10.3.1/../../../../arm-none-eabi/lib/thumb/v7e-m/nofp/libstdc++.a(eh_alloc.o)
                0x0000000000012d2c                __exidx_end = .
                0x0000000000012d2c                _etext = .

.rel.dyn        0x0000000000012d2c        0x0
 .rel.iplt      0x0000000000012d2c        0x0 /Applications/FEH_ARM/bin/../lib/gcc/arm-none-eabi/10.3.1/thumb/v7e-m/nofp/crtbegin.o

.m_usb_data
 *(m_usb_bdt)

.data_RAM2      0x000000001fff0000        0x0 load address 0x0000000000012d2c
 FILL mask 0xff
                [!provide]                        PROVIDE (__start_data_RAM2 = .)
 *(.ramfunc.$RAM2)
 *(.ramfunc.$SRAM_LOWER)
 *(.EXTRA_RAM)
 *(.data.$RAM2)
 *(.data.$SRAM_LOWER)
 *(.data.$RAM2.*)
 *(.data.$SRAM_LOWER.*)
                0x000000001fff0000                . = ALIGN (0x4)
                [!provide]                        PROVIDE (__end_data_RAM2 = .)

.uninit_RESERVED
                0x0000000020000000        0x0
                0x0000000020000000                . = ALIGN (0x4)
 *(.bss.$RESERVED*)
                0x0000000020000000                . = ALIGN (0x4)
                0x0000000020000000                _end_uninit_RESERVED = .

.data           0x0000000020000000     0x155c load address 0x0000000000012d2c
 FILL mask 0xff
                0x0000000020000000                _data = .
 *(vtable)
 *(.ramfunc*)
 *(CodeQuickAccess)
 *(DataQuickAccess)
 *(RamFunction)
 *(.data*)
 .data._ZL4Stat
                0x0000000020000000        0x1 Drivers/SDHC.o
 *fill*         0x0000000020000001        0x3 ff
 .data.image    0x0000000020000004      0x74e Libraries/FEHLCD.o
                0x0000000020000004                image
 *fill*         0x0000000020000752        0x2 ff
 .data.logo     0x0000000020000754      0x3e6 Libraries/FEHLCD.o
                0x0000000020000754                logo
 *fill*         0x0000000020000b3a        0x2 ff
 .data._ZN6FEHLCD8fontDataE
                0x0000000020000b3c      0x1e0 Libraries/FEHLCD.o
                0x0000000020000b3c                FEHLCD::fontData
 .data._impure_ptr
                0x0000000020000d1c        0x4 /Applications/FEH_ARM/bin/../lib/gcc/arm-none-eabi/10.3.1/../../../../arm-none-eabi/lib/thumb/v7e-m/nofp/libg.a(lib_a-impure.o)
                0x0000000020000d1c                _impure_ptr
 .data.impure_data
                0x0000000020000d20      0x428 /Applications/FEH_ARM/bin/../lib/gcc/arm-none-eabi/10.3.1/../../../../arm-none-eabi/lib/thumb/v7e-m/nofp/libg.a(lib_a-impure.o)
 .data.__malloc_av_
                0x0000000020001148      0x408 /Applications/FEH_ARM/bin/../lib/gcc/arm-none-eabi/10.3.1/../../../../arm-none-eabi/lib/thumb/v7e-m/nofp/libg.a(lib_a-mallocr.o)
                0x0000000020001148                __malloc_av_
 .data.__malloc_sbrk_base
                0x0000000020001550        0x4 /Applications/FEH_ARM/bin/../lib/gcc/arm-none-eabi/10.3.1/../../../../arm-none-eabi/lib/thumb/v7e-m/nofp/libg.a(lib_a-mallocr.o)
                0x0000000020001550                __malloc_sbrk_base
 .data.__malloc_trim_threshold
                0x0000000020001554        0x4 /Applications/FEH_ARM/bin/../lib/gcc/arm-none-eabi/10.3.1/../../../../arm-none-eabi/lib/thumb/v7e-m/nofp/libg.a(lib_a-mallocr.o)
                0x0000000020001554                __malloc_trim_threshold
 .data.__atexit_recursive_mutex
                0x0000000020001558        0x4 /Applications/FEH_ARM/bin/../lib/gcc/arm-none-eabi/10.3.1/../../../../arm-none-eabi/lib/thumb/v7e-m/nofp/libg.a(lib_a-__call_atexit.o)
                0x0000000020001558                __atexit_recursive_mutex
                0x000000002000155c                . = ALIGN (0x4)
                0x000000002000155c                _edata = .

.igot.plt       0x000000002000155c        0x0 load address 0x0000000000014288
 .igot.plt      0x000000002000155c        0x0 /Applications/FEH_ARM/bin/../lib/gcc/arm-none-eabi/10.3.1/thumb/v7e-m/nofp/crtbegin.o

.bss_RAM2       0x000000001fff0000        0x0
                0x000000001fff0000                . = ALIGN (0x4)
                [!provide]                        PROVIDE (__start_bss_RAM2 = .)
 *(.bss.$RAM2)
 *(.bss.$SRAM_LOWER)
 *(.bss.$RAM2.*)
 *(.bss.$SRAM_LOWER.*)
                0x000000001fff0000                . = ALIGN ((. != 0x0)?0x4:0x1)
                [!provide]                        PROVIDE (__end_bss_RAM2 = .)

.bss            0x000000002000155c      0x488
                0x000000002000155c                . = ALIGN (0x4)
                0x000000002000155c                _bss = .
 *(.bss*)
 .bss           0x000000002000155c       0x1c /Applications/FEH_ARM/bin/../lib/gcc/arm-none-eabi/10.3.1/thumb/v7e-m/nofp/crtbegin.o
 .bss.right_motor
                0x0000000020001578        0x8 ../main.o
                0x0000000020001578                right_motor
 .bss.left_motor
                0x0000000020001580        0x8 ../main.o
                0x0000000020001580                left_motor
 .bss.CdsCell   0x0000000020001588        0x1 ../main.o
                0x0000000020001588                CdsCell
 *fill*         0x0000000020001589        0x3 
 .bss.left_encoder_dir
                0x000000002000158c        0x1 ../main.o
                0x000000002000158c                left_encoder_dir
 *fill*         0x000000002000158d        0x3 
 .bss.left_encoder_dis
                0x0000000020001590        0x1 ../main.o
                0x0000000020001590                left_encoder_dis
 *fill*         0x0000000020001591        0x3 
 .bss.right_encoder_dir
                0x0000000020001594        0x1 ../main.o
                0x0000000020001594                right_encoder_dir
 *fill*         0x0000000020001595        0x3 
 .bss.right_encoder_dis
                0x0000000020001598        0x1 ../main.o
                0x0000000020001598                right_encoder_dis
 *fill*         0x0000000020001599        0x3 
 .bss.ArmServo  0x000000002000159c        0xc ../main.o
                0x000000002000159c                ArmServo
 .bss.LuggageServo
                0x00000000200015a8        0xc ../main.o
                0x00000000200015a8                LuggageServo
 .bss.MasterTransmission
                0x00000000200015b4        0x1 Drivers/i2c.o
                0x00000000200015b4                MasterTransmission
 .bss.SlaveID   0x00000000200015b5        0x1 Drivers/i2c.o
                0x00000000200015b5                SlaveID
 .bss.timeout   0x00000000200015b6        0x1 Drivers/i2c.o
                0x00000000200015b6                timeout
 *fill*         0x00000000200015b7        0x1 
 .bss.SDHC_Card
                0x00000000200015b8       0x14 Drivers/SDHC.o
                0x00000000200015b8                SDHC_Card
 .bss.SDHC_Info
                0x00000000200015cc      0x204 Drivers/SDHC.o
                0x00000000200015cc                SDHC_Info
 .bss.SDHC_Device
                0x00000000200017d0        0x8 Drivers/SDHC.o
                0x00000000200017d0                SDHC_Device
 .bss.Propeller
                0x00000000200017d8        0x1 FEHProteus.o
                0x00000000200017d8                Propeller
 *fill*         0x00000000200017d9        0x3 
 .bss.CoreClockKHz
                0x00000000200017dc        0x4 FEHProteus.o
                0x00000000200017dc                CoreClockKHz
 .bss.CoreClockMHz
                0x00000000200017e0        0x4 FEHProteus.o
                0x00000000200017e0                CoreClockMHz
 .bss.PeripheralClockKHz
                0x00000000200017e4        0x4 FEHProteus.o
                0x00000000200017e4                PeripheralClockKHz
 .bss._ZN14AnalogInputPin17Master_Adc_ConfigE
                0x00000000200017e8       0x10 Libraries/FEHIO.o
                0x00000000200017e8                AnalogInputPin::Master_Adc_Config
 .bss._ZN14AnalogInputPin18Encoder_Adc_ConfigE
                0x00000000200017f8       0x10 Libraries/FEHIO.o
                0x00000000200017f8                AnalogInputPin::Encoder_Adc_Config
 .bss.interrupt_counts
                0x0000000020001808       0x80 Libraries/FEHIO.o
                0x0000000020001808                interrupt_counts
 .bss._ZN13AnalogEncoder7pinListE
                0x0000000020001888        0x4 Libraries/FEHIO.o
                0x0000000020001888                AnalogEncoder::pinList
 .bss.__interrupt_counter
                0x000000002000188c        0x4 Libraries/FEHIO.o
                0x000000002000188c                __interrupt_counter
 .bss.Buzzer    0x0000000020001890        0x1 Libraries/FEHBuzzer.o
                0x0000000020001890                Buzzer
 *fill*         0x0000000020001891        0x3 
 .bss.LCD       0x0000000020001894       0x44 Libraries/FEHLCD.o
                0x0000000020001894                LCD
 .bss.initialized
                0x00000000200018d8        0x1 Libraries/FEHLCD.o
                0x00000000200018d8                initialized
 *fill*         0x00000000200018d9        0x3 
 .bss.Accel     0x00000000200018dc        0x1 Libraries/FEHAccel.o
                0x00000000200018dc                Accel
 *fill*         0x00000000200018dd        0x3 
 .bss.Battery   0x00000000200018e0        0x1 Libraries/FEHBattery.o
                0x00000000200018e0                Battery
 *fill*         0x00000000200018e1        0x3 
 .bss.XBeeDataProcess
                0x00000000200018e4        0x4 Drivers/FEHXBee.o
                0x00000000200018e4                XBeeDataProcess
 .bss._xbeebuffer
                0x00000000200018e8       0x10 Drivers/FEHXBee.o
                0x00000000200018e8                _xbeebuffer
 .bss._xbeebufferindex
                0x00000000200018f8        0x1 Drivers/FEHXBee.o
                0x00000000200018f8                _xbeebufferindex
 .bss._xbeestate
                0x00000000200018f9        0x1 Drivers/FEHXBee.o
                0x00000000200018f9                _xbeestate
 .bss._xbeebytereceived
                0x00000000200018fa        0x1 Drivers/FEHXBee.o
                0x00000000200018fa                _xbeebytereceived
 .bss._xbeebyte
                0x00000000200018fb        0x1 Drivers/FEHXBee.o
                0x00000000200018fb                _xbeebyte
 .bss.RCS       0x00000000200018fc        0x8 Libraries/FEHRCS.o
                0x00000000200018fc                RCS
 .bss._enabled  0x0000000020001904        0x1 Libraries/FEHRCS.o
                0x0000000020001904                _enabled
 *fill*         0x0000000020001905        0x3 
 .bss._RCS_x    0x0000000020001908        0x4 Libraries/FEHRCS.o
                0x0000000020001908                _RCS_x
 .bss._RCS_y    0x000000002000190c        0x4 Libraries/FEHRCS.o
                0x000000002000190c                _RCS_y
 .bss._RCS_heading
                0x0000000020001910        0x4 Libraries/FEHRCS.o
                0x0000000020001910                _RCS_heading
 .bss._RCS_objective
                0x0000000020001914        0x4 Libraries/FEHRCS.o
                0x0000000020001914                _RCS_objective
 .bss._RCS_time
                0x0000000020001918        0x1 Libraries/FEHRCS.o
                0x0000000020001918                _RCS_time
 .bss._RCS_stop
                0x0000000020001919        0x1 Libraries/FEHRCS.o
                0x0000000020001919                _RCS_stop
 .bss._RCS_foundpacket
                0x000000002000191a        0x1 Libraries/FEHRCS.o
                0x000000002000191a                _RCS_foundpacket
 *fill*         0x000000002000191b        0x1 
 .bss.SD        0x000000002000191c        0x8 Libraries/FEHSD.o
                0x000000002000191c                SD
 .bss.f_res     0x0000000020001924        0x1 Libraries/FEHSD.o
                0x0000000020001924                f_res
 *fill*         0x0000000020001925        0x3 
 .bss.filePtrs  0x0000000020001928       0x64 Libraries/FEHSD.o
                0x0000000020001928                filePtrs
 .bss.Random    0x000000002000198c        0x1 Libraries/FEHRandom.o
                0x000000002000198c                Random
 *fill*         0x000000002000198d        0x3 
 .bss._ZN12_GLOBAL__N_114emergency_poolE
                0x0000000020001990       0x10 /Applications/FEH_ARM/bin/../lib/gcc/arm-none-eabi/10.3.1/../../../../arm-none-eabi/lib/thumb/v7e-m/nofp/libstdc++.a(eh_alloc.o)
 .bss.__lock___atexit_recursive_mutex
                0x00000000200019a0        0x1 /Applications/FEH_ARM/bin/../lib/gcc/arm-none-eabi/10.3.1/../../../../arm-none-eabi/lib/thumb/v7e-m/nofp/libg.a(lib_a-lock.o)
                0x00000000200019a0                __lock___atexit_recursive_mutex
 *fill*         0x00000000200019a1        0x3 
 .bss.__lock___malloc_recursive_mutex
                0x00000000200019a4        0x1 /Applications/FEH_ARM/bin/../lib/gcc/arm-none-eabi/10.3.1/../../../../arm-none-eabi/lib/thumb/v7e-m/nofp/libg.a(lib_a-lock.o)
                0x00000000200019a4                __lock___malloc_recursive_mutex
 *fill*         0x00000000200019a5        0x3 
 .bss.__malloc_current_mallinfo
                0x00000000200019a8       0x28 /Applications/FEH_ARM/bin/../lib/gcc/arm-none-eabi/10.3.1/../../../../arm-none-eabi/lib/thumb/v7e-m/nofp/libg.a(lib_a-mallocr.o)
                0x00000000200019a8                __malloc_current_mallinfo
 .bss.__malloc_max_sbrked_mem
                0x00000000200019d0        0x4 /Applications/FEH_ARM/bin/../lib/gcc/arm-none-eabi/10.3.1/../../../../arm-none-eabi/lib/thumb/v7e-m/nofp/libg.a(lib_a-mallocr.o)
                0x00000000200019d0                __malloc_max_sbrked_mem
 .bss.__malloc_max_total_mem
                0x00000000200019d4        0x4 /Applications/FEH_ARM/bin/../lib/gcc/arm-none-eabi/10.3.1/../../../../arm-none-eabi/lib/thumb/v7e-m/nofp/libg.a(lib_a-mallocr.o)
                0x00000000200019d4                __malloc_max_total_mem
 .bss.__malloc_top_pad
                0x00000000200019d8        0x4 /Applications/FEH_ARM/bin/../lib/gcc/arm-none-eabi/10.3.1/../../../../arm-none-eabi/lib/thumb/v7e-m/nofp/libg.a(lib_a-mallocr.o)
                0x00000000200019d8                __malloc_top_pad
 .bss.errno     0x00000000200019dc        0x4 /Applications/FEH_ARM/bin/../lib/gcc/arm-none-eabi/10.3.1/../../../../arm-none-eabi/lib/thumb/v7e-m/nofp/libg.a(lib_a-reent.o)
                0x00000000200019dc                errno
 .bss.heap_end.0
                0x00000000200019e0        0x4 /Applications/FEH_ARM/bin/../lib/gcc/arm-none-eabi/10.3.1/../../../../arm-none-eabi/lib/thumb/v7e-m/nofp/libnosys.a(sbrk.o)
 *(COMMON)
                0x00000000200019e4                . = ALIGN (0x4)
                0x00000000200019e4                _ebss = .
                0x00000000200019e4                PROVIDE (end = .)

.noinit_RAM2    0x000000001fff0000        0x0
                0x000000001fff0000                . = ALIGN (0x4)
 *(.noinit.$RAM2)
 *(.noinit.$SRAM_LOWER)
 *(.noinit.$RAM2.*)
 *(.noinit.$SRAM_LOWER.*)
                0x000000001fff0000                . = ALIGN (0x4)

.noinit         0x00000000200019e4        0x0
                0x00000000200019e4                . = ALIGN (0x4)
                0x00000000200019e4                _noinit = .
 *(.noinit*)
                0x00000000200019e4                . = ALIGN (0x4)
                0x00000000200019e4                _end_noinit = .
                0x0000000000001000                _HeapSize = 0x1000

.heap           0x000000001fff0000     0x1000
                0x000000001fff0000                _pvHeapStart = .
                0x000000001fff1000                . = (. + _HeapSize)
 *fill*         0x000000001fff0000     0x1000 
                0x000000001fff1000                . = ALIGN (0x4)
                0x000000001fff1000                _pvHeapLimit = .
                0x0000000000001000                _StackSize = 0x1000

.heap2stackfill
                0x000000001fff1000     0x1000
                0x000000001fff2000                . = (. + _StackSize)
 *fill*         0x000000001fff1000     0x1000 

.stack          0x000000001ffff000        0x0
                0x000000001ffff000                _vStackBase = .
                0x000000001ffff000                . = ALIGN (0x4)
                0x0000000020000000                _vStackTop = (. + _StackSize)
                0x000000000000c000                _image_start = LOADADDR (.text)
                0x0000000000014288                _image_end = (LOADADDR (.data) + SIZEOF (.data))
                0x0000000000008288                _image_size = (_image_end - _image_start)
OUTPUT(../Proteus.elf elf32-littlearm)
LOAD linker stubs

.ARM.attributes
                0x0000000000000000       0x2a
 .ARM.attributes
                0x0000000000000000       0x1e /Applications/FEH_ARM/bin/../lib/gcc/arm-none-eabi/10.3.1/thumb/v7e-m/nofp/crti.o
 .ARM.attributes
                0x000000000000001e       0x2e /Applications/FEH_ARM/bin/../lib/gcc/arm-none-eabi/10.3.1/thumb/v7e-m/nofp/crtbegin.o
 .ARM.attributes
                0x000000000000004c       0x2e ../main.o
 .ARM.attributes
                0x000000000000007a       0x2e Startup/startup_mk60d10.o
 .ARM.attributes
                0x00000000000000a8       0x2e Libraries/FEHMotor.o
 .ARM.attributes
                0x00000000000000d6       0x2e Drivers/i2c.o
 .ARM.attributes
                0x0000000000000104       0x2e Drivers/spi.o
 .ARM.attributes
                0x0000000000000132       0x2e Drivers/uart.o
 .ARM.attributes
                0x0000000000000160       0x2e Drivers/ff.o
 .ARM.attributes
                0x000000000000018e       0x2e Drivers/SDHC.o
 .ARM.attributes
                0x00000000000001bc       0x2e Drivers/lptmr.o
 .ARM.attributes
                0x00000000000001ea       0x2e FEHProteus.o
 .ARM.attributes
                0x0000000000000218       0x2e Drivers/FEHPropeller.o
 .ARM.attributes
                0x0000000000000246       0x2e Libraries/FEHUtility.o
 .ARM.attributes
                0x0000000000000274       0x2e Libraries/FEHIO.o
 .ARM.attributes
                0x00000000000002a2       0x2e Drivers/adc16.o
 .ARM.attributes
                0x00000000000002d0       0x2e Libraries/FEHBuzzer.o
 .ARM.attributes
                0x00000000000002fe       0x2e Libraries/FEHServo.o
 .ARM.attributes
                0x000000000000032c       0x2e Libraries/FEHLCD.o
 .ARM.attributes
                0x000000000000035a       0x2e Libraries/FEHAccel.o
 .ARM.attributes
                0x0000000000000388       0x2e Libraries/FEHBattery.o
 .ARM.attributes
                0x00000000000003b6       0x2e Drivers/FEHXBee.o
 .ARM.attributes
                0x00000000000003e4       0x2e Libraries/FEHRCS.o
 .ARM.attributes
                0x0000000000000412       0x2e Libraries/FEHSD.o
 .ARM.attributes
                0x0000000000000440       0x2e Libraries/FEHRandom.o
 .ARM.attributes
                0x000000000000046e       0x2e /Applications/FEH_ARM/bin/../lib/gcc/arm-none-eabi/10.3.1/../../../../arm-none-eabi/lib/thumb/v7e-m/nofp/libstdc++.a(eh_alloc.o)
 .ARM.attributes
                0x000000000000049c       0x1e /Applications/FEH_ARM/bin/../lib/gcc/arm-none-eabi/10.3.1/thumb/v7e-m/nofp/libgcc.a(_arm_addsubdf3.o)
 .ARM.attributes
                0x00000000000004ba       0x1e /Applications/FEH_ARM/bin/../lib/gcc/arm-none-eabi/10.3.1/thumb/v7e-m/nofp/libgcc.a(_arm_muldivdf3.o)
 .ARM.attributes
                0x00000000000004d8       0x1e /Applications/FEH_ARM/bin/../lib/gcc/arm-none-eabi/10.3.1/thumb/v7e-m/nofp/libgcc.a(_arm_cmpdf2.o)
 .ARM.attributes
                0x00000000000004f6       0x1e /Applications/FEH_ARM/bin/../lib/gcc/arm-none-eabi/10.3.1/thumb/v7e-m/nofp/libgcc.a(_arm_fixdfsi.o)
 .ARM.attributes
                0x0000000000000514       0x1e /Applications/FEH_ARM/bin/../lib/gcc/arm-none-eabi/10.3.1/thumb/v7e-m/nofp/libgcc.a(_arm_fixunsdfsi.o)
 .ARM.attributes
                0x0000000000000532       0x1e /Applications/FEH_ARM/bin/../lib/gcc/arm-none-eabi/10.3.1/thumb/v7e-m/nofp/libgcc.a(_arm_truncdfsf2.o)
 .ARM.attributes
                0x0000000000000550       0x1e /Applications/FEH_ARM/bin/../lib/gcc/arm-none-eabi/10.3.1/thumb/v7e-m/nofp/libgcc.a(_arm_muldivsf3.o)
 .ARM.attributes
                0x000000000000056e       0x1e /Applications/FEH_ARM/bin/../lib/gcc/arm-none-eabi/10.3.1/thumb/v7e-m/nofp/libgcc.a(_arm_cmpsf2.o)
 .ARM.attributes
                0x000000000000058c       0x2e /Applications/FEH_ARM/bin/../lib/gcc/arm-none-eabi/10.3.1/../../../../arm-none-eabi/lib/thumb/v7e-m/nofp/libg.a(lib_a-impure.o)
 .ARM.attributes
                0x00000000000005ba       0x2e /Applications/FEH_ARM/bin/../lib/gcc/arm-none-eabi/10.3.1/../../../../arm-none-eabi/lib/thumb/v7e-m/nofp/libg.a(lib_a-init.o)
 .ARM.attributes
                0x00000000000005e8       0x2e /Applications/FEH_ARM/bin/../lib/gcc/arm-none-eabi/10.3.1/../../../../arm-none-eabi/lib/thumb/v7e-m/nofp/libg.a(lib_a-lock.o)
 .ARM.attributes
                0x0000000000000616       0x2e /Applications/FEH_ARM/bin/../lib/gcc/arm-none-eabi/10.3.1/../../../../arm-none-eabi/lib/thumb/v7e-m/nofp/libg.a(lib_a-malloc.o)
 .ARM.attributes
                0x0000000000000644       0x2e /Applications/FEH_ARM/bin/../lib/gcc/arm-none-eabi/10.3.1/../../../../arm-none-eabi/lib/thumb/v7e-m/nofp/libg.a(lib_a-mallocr.o)
 .ARM.attributes
                0x0000000000000672       0x2e /Applications/FEH_ARM/bin/../lib/gcc/arm-none-eabi/10.3.1/../../../../arm-none-eabi/lib/thumb/v7e-m/nofp/libg.a(lib_a-mlock.o)
 .ARM.attributes
                0x00000000000006a0       0x2e /Applications/FEH_ARM/bin/../lib/gcc/arm-none-eabi/10.3.1/../../../../arm-none-eabi/lib/thumb/v7e-m/nofp/libg.a(lib_a-sbrkr.o)
 .ARM.attributes
                0x00000000000006ce       0x2e /Applications/FEH_ARM/bin/../lib/gcc/arm-none-eabi/10.3.1/../../../../arm-none-eabi/lib/thumb/v7e-m/nofp/libg.a(lib_a-__call_atexit.o)
 .ARM.attributes
                0x00000000000006fc       0x2e /Applications/FEH_ARM/bin/../lib/gcc/arm-none-eabi/10.3.1/../../../../arm-none-eabi/lib/thumb/v7e-m/nofp/libg.a(lib_a-atexit.o)
 .ARM.attributes
                0x000000000000072a       0x2e /Applications/FEH_ARM/bin/../lib/gcc/arm-none-eabi/10.3.1/../../../../arm-none-eabi/lib/thumb/v7e-m/nofp/libg.a(lib_a-fini.o)
 .ARM.attributes
                0x0000000000000758       0x2e /Applications/FEH_ARM/bin/../lib/gcc/arm-none-eabi/10.3.1/../../../../arm-none-eabi/lib/thumb/v7e-m/nofp/libg.a(lib_a-freer.o)
 .ARM.attributes
                0x0000000000000786       0x2e /Applications/FEH_ARM/bin/../lib/gcc/arm-none-eabi/10.3.1/../../../../arm-none-eabi/lib/thumb/v7e-m/nofp/libg.a(lib_a-reent.o)
 .ARM.attributes
                0x00000000000007b4       0x2e /Applications/FEH_ARM/bin/../lib/gcc/arm-none-eabi/10.3.1/../../../../arm-none-eabi/lib/thumb/v7e-m/nofp/libg.a(lib_a-__atexit.o)
 .ARM.attributes
                0x00000000000007e2       0x2e /Applications/FEH_ARM/bin/../lib/gcc/arm-none-eabi/10.3.1/../../../../arm-none-eabi/lib/thumb/v7e-m/nofp/libnosys.a(sbrk.o)
 .ARM.attributes
                0x0000000000000810       0x1e /Applications/FEH_ARM/bin/../lib/gcc/arm-none-eabi/10.3.1/thumb/v7e-m/nofp/crtn.o

.comment        0x0000000000000000       0x49
 .comment       0x0000000000000000       0x49 ../main.o
                                         0x4a (size before relaxing)
 .comment       0x0000000000000049       0x4a Startup/startup_mk60d10.o
 .comment       0x0000000000000049       0x4a Libraries/FEHMotor.o
 .comment       0x0000000000000049       0x4a Drivers/i2c.o
 .comment       0x0000000000000049       0x4a Drivers/spi.o
 .comment       0x0000000000000049       0x4a Drivers/uart.o
 .comment       0x0000000000000049       0x4a Drivers/ff.o
 .comment       0x0000000000000049       0x4a Drivers/SDHC.o
 .comment       0x0000000000000049       0x4a Drivers/lptmr.o
 .comment       0x0000000000000049       0x4a FEHProteus.o
 .comment       0x0000000000000049       0x4a Drivers/FEHPropeller.o
 .comment       0x0000000000000049       0x4a Libraries/FEHUtility.o
 .comment       0x0000000000000049       0x4a Libraries/FEHIO.o
 .comment       0x0000000000000049       0x4a Drivers/adc16.o
 .comment       0x0000000000000049       0x4a Libraries/FEHBuzzer.o
 .comment       0x0000000000000049       0x4a Libraries/FEHServo.o
 .comment       0x0000000000000049       0x4a Libraries/FEHLCD.o
 .comment       0x0000000000000049       0x4a Libraries/FEHAccel.o
 .comment       0x0000000000000049       0x4a Libraries/FEHBattery.o
 .comment       0x0000000000000049       0x4a Drivers/FEHXBee.o
 .comment       0x0000000000000049       0x4a Libraries/FEHRCS.o
 .comment       0x0000000000000049       0x4a Libraries/FEHSD.o
 .comment       0x0000000000000049       0x4a Libraries/FEHRandom.o

.debug_info     0x0000000000000000    0x1613f
 .debug_info    0x0000000000000000     0x184b ../main.o
 .debug_info    0x000000000000184b     0x2e5b Startup/startup_mk60d10.o
 .debug_info    0x00000000000046a6      0x363 Libraries/FEHMotor.o
 .debug_info    0x0000000000004a09      0x2d7 Drivers/i2c.o
 .debug_info    0x0000000000004ce0      0x74c Drivers/spi.o
 .debug_info    0x000000000000542c      0x60f Drivers/uart.o
 .debug_info    0x0000000000005a3b     0x1d82 Drivers/ff.o
 .debug_info    0x00000000000077bd      0xfde Drivers/SDHC.o
 .debug_info    0x000000000000879b      0x33b Drivers/lptmr.o
 .debug_info    0x0000000000008ad6      0x1f1 FEHProteus.o
 .debug_info    0x0000000000008cc7      0x7b3 Drivers/FEHPropeller.o
 .debug_info    0x000000000000947a      0x38c Libraries/FEHUtility.o
 .debug_info    0x0000000000009806     0x1dc1 Libraries/FEHIO.o
 .debug_info    0x000000000000b5c7      0x51d Drivers/adc16.o
 .debug_info    0x000000000000bae4      0xa98 Libraries/FEHBuzzer.o
 .debug_info    0x000000000000c57c     0x1683 Libraries/FEHServo.o
 .debug_info    0x000000000000dbff     0x2bcb Libraries/FEHLCD.o
 .debug_info    0x00000000000107ca      0x2cc Libraries/FEHAccel.o
 .debug_info    0x0000000000010a96      0x413 Libraries/FEHBattery.o
 .debug_info    0x0000000000010ea9      0xb53 Drivers/FEHXBee.o
 .debug_info    0x00000000000119fc     0x1f49 Libraries/FEHRCS.o
 .debug_info    0x0000000000013945     0x1cb9 Libraries/FEHSD.o
 .debug_info    0x00000000000155fe      0xb41 Libraries/FEHRandom.o

.debug_abbrev   0x0000000000000000     0x38a3
 .debug_abbrev  0x0000000000000000      0x3d8 ../main.o
 .debug_abbrev  0x00000000000003d8      0x53d Startup/startup_mk60d10.o
 .debug_abbrev  0x0000000000000915      0x177 Libraries/FEHMotor.o
 .debug_abbrev  0x0000000000000a8c      0x137 Drivers/i2c.o
 .debug_abbrev  0x0000000000000bc3      0x1a9 Drivers/spi.o
 .debug_abbrev  0x0000000000000d6c      0x16e Drivers/uart.o
 .debug_abbrev  0x0000000000000eda      0x1bc Drivers/ff.o
 .debug_abbrev  0x0000000000001096      0x27b Drivers/SDHC.o
 .debug_abbrev  0x0000000000001311       0xde Drivers/lptmr.o
 .debug_abbrev  0x00000000000013ef       0xf3 FEHProteus.o
 .debug_abbrev  0x00000000000014e2      0x1be Drivers/FEHPropeller.o
 .debug_abbrev  0x00000000000016a0      0x161 Libraries/FEHUtility.o
 .debug_abbrev  0x0000000000001801      0x55d Libraries/FEHIO.o
 .debug_abbrev  0x0000000000001d5e      0x135 Drivers/adc16.o
 .debug_abbrev  0x0000000000001e93      0x220 Libraries/FEHBuzzer.o
 .debug_abbrev  0x00000000000020b3      0x384 Libraries/FEHServo.o
 .debug_abbrev  0x0000000000002437      0x3a3 Libraries/FEHLCD.o
 .debug_abbrev  0x00000000000027da      0x153 Libraries/FEHAccel.o
 .debug_abbrev  0x000000000000292d      0x1e4 Libraries/FEHBattery.o
 .debug_abbrev  0x0000000000002b11      0x240 Drivers/FEHXBee.o
 .debug_abbrev  0x0000000000002d51      0x44b Libraries/FEHRCS.o
 .debug_abbrev  0x000000000000319c      0x4a2 Libraries/FEHSD.o
 .debug_abbrev  0x000000000000363e      0x265 Libraries/FEHRandom.o

.debug_loc      0x0000000000000000     0x7621
 .debug_loc     0x0000000000000000      0x3da ../main.o
 .debug_loc     0x00000000000003da     0x12a8 Startup/startup_mk60d10.o
 .debug_loc     0x0000000000001682      0x140 Libraries/FEHMotor.o
 .debug_loc     0x00000000000017c2      0x1f8 Drivers/i2c.o
 .debug_loc     0x00000000000019ba      0x250 Drivers/spi.o
 .debug_loc     0x0000000000001c0a      0x170 Drivers/uart.o
 .debug_loc     0x0000000000001d7a      0xf8e Drivers/ff.o
 .debug_loc     0x0000000000002d08      0x538 Drivers/SDHC.o
 .debug_loc     0x0000000000003240       0x5c Drivers/lptmr.o
 .debug_loc     0x000000000000329c       0x7c FEHProteus.o
 .debug_loc     0x0000000000003318      0x1a8 Drivers/FEHPropeller.o
 .debug_loc     0x00000000000034c0      0x280 Libraries/FEHUtility.o
 .debug_loc     0x0000000000003740      0xd56 Libraries/FEHIO.o
 .debug_loc     0x0000000000004496      0x114 Drivers/adc16.o
 .debug_loc     0x00000000000045aa      0x448 Libraries/FEHBuzzer.o
 .debug_loc     0x00000000000049f2      0x2f6 Libraries/FEHServo.o
 .debug_loc     0x0000000000004ce8     0x19d3 Libraries/FEHLCD.o
 .debug_loc     0x00000000000066bb      0x20c Libraries/FEHAccel.o
 .debug_loc     0x00000000000068c7      0x11c Libraries/FEHBattery.o
 .debug_loc     0x00000000000069e3      0x2bc Drivers/FEHXBee.o
 .debug_loc     0x0000000000006c9f      0x4cc Libraries/FEHRCS.o
 .debug_loc     0x000000000000716b      0x3ba Libraries/FEHSD.o
 .debug_loc     0x0000000000007525       0xfc Libraries/FEHRandom.o

.debug_aranges  0x0000000000000000      0xf38
 .debug_aranges
                0x0000000000000000       0x90 ../main.o
 .debug_aranges
                0x0000000000000090      0x360 Startup/startup_mk60d10.o
 .debug_aranges
                0x00000000000003f0       0x38 Libraries/FEHMotor.o
 .debug_aranges
                0x0000000000000428       0x48 Drivers/i2c.o
 .debug_aranges
                0x0000000000000470       0x58 Drivers/spi.o
 .debug_aranges
                0x00000000000004c8       0x38 Drivers/uart.o
 .debug_aranges
                0x0000000000000500      0x198 Drivers/ff.o
 .debug_aranges
                0x0000000000000698       0x98 Drivers/SDHC.o
 .debug_aranges
                0x0000000000000730       0x20 Drivers/lptmr.o
 .debug_aranges
                0x0000000000000750       0x28 FEHProteus.o
 .debug_aranges
                0x0000000000000778       0x40 Drivers/FEHPropeller.o
 .debug_aranges
                0x00000000000007b8       0x58 Libraries/FEHUtility.o
 .debug_aranges
                0x0000000000000810      0x160 Libraries/FEHIO.o
 .debug_aranges
                0x0000000000000970       0x30 Drivers/adc16.o
 .debug_aranges
                0x00000000000009a0       0x88 Libraries/FEHBuzzer.o
 .debug_aranges
                0x0000000000000a28       0x60 Libraries/FEHServo.o
 .debug_aranges
                0x0000000000000a88      0x2a0 Libraries/FEHLCD.o
 .debug_aranges
                0x0000000000000d28       0x50 Libraries/FEHAccel.o
 .debug_aranges
                0x0000000000000d78       0x38 Libraries/FEHBattery.o
 .debug_aranges
                0x0000000000000db0       0x58 Drivers/FEHXBee.o
 .debug_aranges
                0x0000000000000e08       0x90 Libraries/FEHRCS.o
 .debug_aranges
                0x0000000000000e98       0x70 Libraries/FEHSD.o
 .debug_aranges
                0x0000000000000f08       0x30 Libraries/FEHRandom.o

.debug_macinfo  0x0000000000000000   0x8c8e0a
 .debug_macinfo
                0x0000000000000000    0x6b5c7 ../main.o
 .debug_macinfo
                0x000000000006b5c7    0x6bf52 Startup/startup_mk60d10.o
 .debug_macinfo
                0x00000000000d7519    0x63f77 Libraries/FEHMotor.o
 .debug_macinfo
                0x000000000013b490    0x64058 Drivers/i2c.o
 .debug_macinfo
                0x000000000019f4e8    0x63ef1 Drivers/spi.o
 .debug_macinfo
                0x00000000002033d9    0x63ee2 Drivers/uart.o
 .debug_macinfo
                0x00000000002672bb     0x450c Drivers/ff.o
 .debug_macinfo
                0x000000000026b7c7    0x65446 Drivers/SDHC.o
 .debug_macinfo
                0x00000000002d0c0d    0x63f51 Drivers/lptmr.o
 .debug_macinfo