Archive member included to satisfy reference by file (symbol)

/Applications/FEH_ARM/bin/../lib/gcc/arm-none-eabi/10.3.1/../../../../arm-none-eabi/lib/thumb/v7e-m/nofp/libstdc++.a(del_ops.o)
                              Libraries/FEHIO.o (operator delete(void*, unsigned int))
/Applications/FEH_ARM/bin/../lib/gcc/arm-none-eabi/10.3.1/../../../../arm-none-eabi/lib/thumb/v7e-m/nofp/libstdc++.a(new_op.o)
                              Libraries/FEHIO.o (operator new(unsigned int))
/Applications/FEH_ARM/bin/../lib/gcc/arm-none-eabi/10.3.1/../../../../arm-none-eabi/lib/thumb/v7e-m/nofp/libstdc++.a(bad_alloc.o)
                              /Applications/FEH_ARM/bin/../lib/gcc/arm-none-eabi/10.3.1/../../../../arm-none-eabi/lib/thumb/v7e-m/nofp/libstdc++.a(new_op.o) (std::bad_alloc::~bad_alloc())
/Applications/FEH_ARM/bin/../lib/gcc/arm-none-eabi/10.3.1/../../../../arm-none-eabi/lib/thumb/v7e-m/nofp/libstdc++.a(del_op.o)
                              /Applications/FEH_ARM/bin/../lib/gcc/arm-none-eabi/10.3.1/../../../../arm-none-eabi/lib/thumb/v7e-m/nofp/libstdc++.a(del_ops.o) (operator delete(void*))
/Applications/FEH_ARM/bin/../lib/gcc/arm-none-eabi/10.3.1/../../../../arm-none-eabi/lib/thumb/v7e-m/nofp/libstdc++.a(eh_alloc.o)
                              /Applications/FEH_ARM/bin/../lib/gcc/arm-none-eabi/10.3.1/../../../../arm-none-eabi/lib/thumb/v7e-m/nofp/libstdc++.a(new_op.o) (__cxa_allocate_exception)
/Applications/FEH_ARM/bin/../lib/gcc/arm-none-eabi/10.3.1/../../../../arm-none-eabi/lib/thumb/v7e-m/nofp/libstdc++.a(eh_exception.o)
                              /Applications/FEH_ARM/bin/../lib/gcc/arm-none-eabi/10.3.1/../../../../arm-none-eabi/lib/thumb/v7e-m/nofp/libstdc++.a(bad_alloc.o) (std::exception::~exception())
/Applications/FEH_ARM/bin/../lib/gcc/arm-none-eabi/10.3.1/../../../../arm-none-eabi/lib/thumb/v7e-m/nofp/libstdc++.a(eh_terminate.o)
                              /Applications/FEH_ARM/bin/../lib/gcc/arm-none-eabi/10.3.1/../../../../arm-none-eabi/lib/thumb/v7e-m/nofp/libstdc++.a(eh_alloc.o) (std::terminate())
/Applications/FEH_ARM/bin/../lib/gcc/arm-none-eabi/10.3.1/../../../../arm-none-eabi/lib/thumb/v7e-m/nofp/libstdc++.a(eh_throw.o)
                              /Applications/FEH_ARM/bin/../lib/gcc/arm-none-eabi/10.3.1/../../../../arm-none-eabi/lib/thumb/v7e-m/nofp/libstdc++.a(new_op.o) (__cxa_throw)
/Applications/FEH_ARM/bin/../lib/gcc/arm-none-eabi/10.3.1/../../../../arm-none-eabi/lib/thumb/v7e-m/nofp/libstdc++.a(eh_unex_handler.o)
                              /Applications/FEH_ARM/bin/../lib/gcc/arm-none-eabi/10.3.1/../../../../arm-none-eabi/lib/thumb/v7e-m/nofp/libstdc++.a(eh_terminate.o) (__cxxabiv1::__unexpected_handler)
/Applications/FEH_ARM/bin/../lib/gcc/arm-none-eabi/10.3.1/../../../../arm-none-eabi/lib/thumb/v7e-m/nofp/libstdc++.a(new_handler.o)
                              /Applications/FEH_ARM/bin/../lib/gcc/arm-none-eabi/10.3.1/../../../../arm-none-eabi/lib/thumb/v7e-m/nofp/libstdc++.a(new_op.o) (std::get_new_handler())
/Applications/FEH_ARM/bin/../lib/gcc/arm-none-eabi/10.3.1/../../../../arm-none-eabi/lib/thumb/v7e-m/nofp/libstdc++.a(pure.o)
                              /Applications/FEH_ARM/bin/../lib/gcc/arm-none-eabi/10.3.1/../../../../arm-none-eabi/lib/thumb/v7e-m/nofp/libstdc++.a(eh_exception.o) (__cxa_pure_virtual)
/Applications/FEH_ARM/bin/../lib/gcc/arm-none-eabi/10.3.1/../../../../arm-none-eabi/lib/thumb/v7e-m/nofp/libstdc++.a(si_class_type_info.o)
                              /Applications/FEH_ARM/bin/../lib/gcc/arm-none-eabi/10.3.1/../../../../arm-none-eabi/lib/thumb/v7e-m/nofp/libstdc++.a(bad_alloc.o) (vtable for __cxxabiv1::__si_class_type_info)
/Applications/FEH_ARM/bin/../lib/gcc/arm-none-eabi/10.3.1/../../../../arm-none-eabi/lib/thumb/v7e-m/nofp/libstdc++.a(tinfo.o)
                              /Applications/FEH_ARM/bin/../lib/gcc/arm-none-eabi/10.3.1/../../../../arm-none-eabi/lib/thumb/v7e-m/nofp/libstdc++.a(si_class_type_info.o) (std::type_info::__is_pointer_p() const)
/Applications/FEH_ARM/bin/../lib/gcc/arm-none-eabi/10.3.1/../../../../arm-none-eabi/lib/thumb/v7e-m/nofp/libstdc++.a(vterminate.o)
                              /Applications/FEH_ARM/bin/../lib/gcc/arm-none-eabi/10.3.1/../../../../arm-none-eabi/lib/thumb/v7e-m/nofp/libstdc++.a(eh_terminate.o) (__gnu_cxx::__verbose_terminate_handler())
/Applications/FEH_ARM/bin/../lib/gcc/arm-none-eabi/10.3.1/../../../../arm-none-eabi/lib/thumb/v7e-m/nofp/libstdc++.a(class_type_info.o)
                              /Applications/FEH_ARM/bin/../lib/gcc/arm-none-eabi/10.3.1/../../../../arm-none-eabi/lib/thumb/v7e-m/nofp/libstdc++.a(si_class_type_info.o) (__cxxabiv1::__class_type_info::__do_upcast(__cxxabiv1::__class_type_info const*, void**) const)
/Applications/FEH_ARM/bin/../lib/gcc/arm-none-eabi/10.3.1/../../../../arm-none-eabi/lib/thumb/v7e-m/nofp/libstdc++.a(cp-demangle.o)
[...]
Memory Configuration

Name             Origin             Length             Attributes
PROGRAM_FLASH    0x000000000000c000 0x0000000000073c00 xr
SRAM_UPPER       0x0000000020000000 0x0000000000010000 xrw
SRAM_LOWER       0x000000001fff0000 0x0000000000010000 xrw
*default*        0x0000000000000000 0xffffffffffffffff

Linker script and memory map

LOAD /Applications/FEH_ARM/bin/../lib/gcc/arm-none-eabi/10.3.1/thumb/v7e-m/nofp/crti.o
LOAD /Applications/FEH_ARM/bin/../lib/gcc/arm-none-eabi/10.3.1/thumb/v7e-m/nofp/crtbegin.o
LOAD /Applications/FEH_ARM/bin/../lib/gcc/arm-none-eabi/10.3.1/../../../../arm-none-eabi/lib/thumb/v7e-m/nofp/crt0.o
LOAD ../main.o
LOAD Startup/startup_mk60d10.o
LOAD Libraries/FEHMotor.o
LOAD Drivers/mcg.o
LOAD Drivers/i2c.o
LOAD Drivers/spi.o
LOAD Drivers/uart.o
LOAD Drivers/ff.o
LOAD Drivers/SDHC.o
LOAD Drivers/lptmr.o
LOAD FEHProteus.o
LOAD Drivers/FEHPropeller.o
LOAD Libraries/FEHUtility.o
LOAD Libraries/FEHIO.o
LOAD Drivers/adc16.o
LOAD Libraries/FEHBuzzer.o
LOAD Libraries/FEHServo.o
LOAD Libraries/FEHLCD.o
LOAD Libraries/FEHAccel.o
LOAD Libraries/FEHBattery.o
LOAD Drivers/FEHXBee.o
LOAD Libraries/FEHRCS.o
LOAD Libraries/FEHSD.o
LOAD Libraries/FEHRandom.o
LOAD /Applications/FEH_ARM/bin/../lib/gcc/arm-none-eabi/10.3.1/../../../../arm-none-eabi/lib/thumb/v7e-m/nofp/libstdc++.a
LOAD /Applications/FEH_ARM/bin/../lib/gcc/arm-none-eabi/10.3.1/../../../../arm-none-eabi/lib/thumb/v7e-m/nofp/libm.a
START GROUP
LOAD /Applications/FEH_ARM/bin/../lib/gcc/arm-none-eabi/10.3.1/thumb/v7e-m/nofp/libgcc.a
LOAD /Applications/FEH_ARM/bin/../lib/gcc/arm-none-eabi/10.3.1/../../../../arm-none-eabi/lib/thumb/v7e-m/nofp/libg.a
LOAD /Applications/FEH_ARM/bin/../lib/gcc/arm-none-eabi/10.3.1/../../../../arm-none-eabi/lib/thumb/v7e-m/nofp/libc.a
END GROUP
START GROUP
LOAD /Applications/FEH_ARM/bin/../lib/gcc/arm-none-eabi/10.3.1/thumb/v7e-m/nofp/libgcc.a
LOAD /Applications/FEH_ARM/bin/../lib/gcc/arm-none-eabi/10.3.1/../../../../arm-none-eabi/lib/thumb/v7e-m/nofp/libc.a
LOAD /Applications/FEH_ARM/bin/../lib/gcc/arm-none-eabi/10.3.1/../../../../arm-none-eabi/lib/thumb/v7e-m/nofp/libnosys.a
END GROUP
LOAD /Applications/FEH_ARM/bin/../lib/gcc/arm-none-eabi/10.3.1/thumb/v7e-m/nofp/crtend.o
LOAD /Applications/FEH_ARM/bin/../lib/gcc/arm-none-eabi/10.3.1/thumb/v7e-m/nofp/crtn.o
                0x000000000000c000                __base_PROGRAM_FLASH = 0xc000
                0x000000000000c000                __base_Flash = 0xc000
                0x000000000007fc00                __top_PROGRAM_FLASH = 0x7fc00
                0x000000000007fc00                __top_Flash = 0x7fc00
                0x0000000020000000                __base_SRAM_UPPER = 0x20000000
                0x0000000020000000                __base_RAM = 0x20000000
                0x0000000020010000                __top_SRAM_UPPER = 0x20010000
                0x0000000020010000                __top_RAM = 0x20010000
                0x000000001fff0000                __base_SRAM_LOWER = 0x1fff0000
                0x000000001fff0000                __base_RAM2 = 0x1fff0000
                0x0000000020000000                __top_SRAM_LOWER = 0x20000000
                0x0000000020000000                __top_RAM2 = 0x20000000

.text           0x000000000000c000      0x410
 FILL mask 0xff
                0x000000000000c000                __vectors_start__ = ABSOLUTE (.)
 *(.isr_vector)
 .isr_vector    0x000000000000c000      0x1bc Startup/startup_mk60d10.o
                0x000000000000c000                __Vectors
                0x000000000000c000                g_pfnVectors
                0x000000000000c1bc                . = ALIGN (0x4)
                0x000000000000c1bc                __section_table_start = .
                0x000000000000c1bc                __data_section_table = .
                0x000000000000c1bc        0x4 LONG 0x18d6c LOADADDR (.data)
                0x000000000000c1c0        0x4 LONG 0x20000000 ADDR (.data)
                0x000000000000c1c4        0x4 LONG 0x16c8 SIZEOF (.data)
                0x000000000000c1c8        0x4 LONG 0x18d6c LOADADDR (.data_RAM2)
                0x000000000000c1cc        0x4 LONG 0x1fff0000 ADDR (.data_RAM2)
                0x000000000000c1d0        0x4 LONG 0x0 SIZEOF (.data_RAM2)
                0x000000000000c1d4                __data_section_table_end = .
                0x000000000000c1d4                __bss_section_table = .
                0x000000000000c1d4        0x4 LONG 0x200016c8 ADDR (.bss)
                0x000000000000c1d8        0x4 LONG 0x464 SIZEOF (.bss)
                0x000000000000c1dc        0x4 LONG 0x1fff0000 ADDR (.bss_RAM2)
                0x000000000000c1e0        0x4 LONG 0x0 SIZEOF (.bss_RAM2)
                0x000000000000c1e4                __bss_section_table_end = .
                0x000000000000c1e4                __section_table_end = .
 *(.after_vectors*)
 .after_vectors.init_data
                0x000000000000c1e4       0x42 Startup/startup_mk60d10.o
                0x000000000000c1e4                data_init(unsigned int, unsigned int, unsigned int)
 .after_vectors.init_bss
                0x000000000000c226       0x36 Startup/startup_mk60d10.o
                0x000000000000c226                bss_init(unsigned int, unsigned int)
 .after_vectors.reset
                0x000000000000c25c       0xb4 Startup/startup_mk60d10.o
                0x000000000000c25c                ResetISR
 .after_vectors
                0x000000000000c310       0x3c Startup/startup_mk60d10.o
                0x000000000000c310                NMI_Handler
                0x000000000000c316                HardFault_Handler
                0x000000000000c31c                MemManage_Handler
                0x000000000000c322                BusFault_Handler
                0x000000000000c328                UsageFault_Handler
                0x000000000000c32e                SVC_Handler
                0x000000000000c334                DebugMon_Handler
                0x000000000000c33a                PendSV_Handler
                0x000000000000c340                SysTick_Handler
                0x000000000000c346                PIT2_DriverIRQHandler
                0x000000000000c346                SDHC_DriverIRQHandler
                0x000000000000c346                I2S0_Tx_DriverIRQHandler
                0x000000000000c346                TSI0_DriverIRQHandler
                0x000000000000c346                RTC_Seconds_DriverIRQHandler
                0x000000000000c346                Reserved109_DriverIRQHandler
                0x000000000000c346                DMA6_DriverIRQHandler
                0x000000000000c346                LLWU_DriverIRQHandler
                0x000000000000c346                MCM_DriverIRQHandler
                0x000000000000c346                MCG_DriverIRQHandler
                0x000000000000c346                ENET_1588_Timer_DriverIRQHandler
                0x000000000000c346                DAC1_DriverIRQHandler
                0x000000000000c346                CMP1_DriverIRQHandler
                0x000000000000c346                UART5_RX_TX_DriverIRQHandler
                0x000000000000c346                FTM0_DriverIRQHandler
                0x000000000000c346                IntDefaultHandler
                0x000000000000c346                USB0_DriverIRQHandler
                0x000000000000c346                UART5_ERR_DriverIRQHandler
                0x000000000000c346                DMA11_DriverIRQHandler
                0x000000000000c346                DAC0_DriverIRQHandler
                0x000000000000c346                DMA10_DriverIRQHandler
                0x000000000000c346                CMP2_DriverIRQHandler
                0x000000000000c346                UART2_ERR_DriverIRQHandler
                0x000000000000c346                SPI2_DriverIRQHandler
                0x000000000000c346                LVD_LVW_DriverIRQHandler
                0x000000000000c346                RNG_DriverIRQHandler
                0x000000000000c346                DMA5_DriverIRQHandler
                0x000000000000c346                DMA4_DriverIRQHandler
                0x000000000000c346                UART2_RX_TX_DriverIRQHandler
                0x000000000000c346                USBDCD_DriverIRQHandler
                0x000000000000c346                UART3_ERR_DriverIRQHandler
                0x000000000000c346                DMA3_DriverIRQHandler
                0x000000000000c346                DMA8_DriverIRQHandler
                0x000000000000c346                DMA9_DriverIRQHandler
                0x000000000000c346                UART0_ERR_DriverIRQHandler
                0x000000000000c346                CMT_DriverIRQHandler
                0x000000000000c346                ADC1_DriverIRQHandler
                0x000000000000c346                DMA14_DriverIRQHandler
                0x000000000000c346                PIT3_DriverIRQHandler
                0x000000000000c346                PIT1_DriverIRQHandler
                0x000000000000c346                WDOG_EWM_DriverIRQHandler
                0x000000000000c346                PDB0_DriverIRQHandler
                0x000000000000c346                Reserved95_DriverIRQHandler
                0x000000000000c346                RTC_DriverIRQHandler
                0x000000000000c346                I2S0_Rx_DriverIRQHandler
                0x000000000000c346                Read_Collision_DriverIRQHandler
                0x000000000000c346                SWI_DriverIRQHandler
                0x000000000000c346                UART4_RX_TX_DriverIRQHandler
                0x000000000000c346                UART4_ERR_DriverIRQHandler
                0x000000000000c346                UART0_LON_DriverIRQHandler
                0x000000000000c346                DMA1_DriverIRQHandler
                0x000000000000c346                I2C1_DriverIRQHandler
                0x000000000000c346                UART3_RX_TX_DriverIRQHandler
                0x000000000000c346                ENET_Receive_DriverIRQHandler
                0x000000000000c346                DMA13_DriverIRQHandler
                0x000000000000c346                ENET_Error_DriverIRQHandler
                0x000000000000c346                DMA15_DriverIRQHandler
                0x000000000000c346                SPI0_DriverIRQHandler
                0x000000000000c346                ADC0_DriverIRQHandler
                0x000000000000c346                FTFL_DriverIRQHandler
                0x000000000000c346                CMP0_DriverIRQHandler
                0x000000000000c346                CAN0_DriverIRQHandler
                0x000000000000c346                Reserved59_DriverIRQHandler
                0x000000000000c346                UART1_ERR_DriverIRQHandler
                0x000000000000c346                DMA2_DriverIRQHandler
                0x000000000000c346                ENET_Transmit_DriverIRQHandler
                0x000000000000c346                I2C0_DriverIRQHandler
                0x000000000000c346                CAN1_DriverIRQHandler
                0x000000000000c346                DMA7_DriverIRQHandler
                0x000000000000c346                UART1_RX_TX_DriverIRQHandler
                0x000000000000c346                Reserved108_DriverIRQHandler
                0x000000000000c346                Reserved102_DriverIRQHandler
                0x000000000000c346                DMA0_DriverIRQHandler
                0x000000000000c346                DMA12_DriverIRQHandler
                0x000000000000c346                SPI1_DriverIRQHandler
                0x000000000000c346                LPTMR0_DriverIRQHandler
                0x000000000000c346                DMA_Error_DriverIRQHandler
                0x000000000000c346                FTM1_DriverIRQHandler
                0x000000000000c346                FTM2_DriverIRQHandler
                0x0000000000000400                . = 0x400
 *fill*         0x000000000000c34c       0xb4 ff
                0x000000000000c400                PROVIDE (__FLASH_CONFIG_START__ = .)
 *(.FlashConfig)
 .FlashConfig   0x000000000000c400       0x10 Startup/startup_mk60d10.o
                0x000000000000c410                PROVIDE (__FLASH_CONFIG_END__ = .)
                0x0000000000000001                ASSERT (! ((__FLASH_CONFIG_START__ == __FLASH_CONFIG_END__)), Linker Flash Config Support Enabled, but no .FlashConfig section provided within application)

.eh_frame       0x000000000000c410        0x0
 .eh_frame      0x000000000000c410        0x0 /Applications/FEH_ARM/bin/../lib/gcc/arm-none-eabi/10.3.1/thumb/v7e-m/nofp/crtbegin.o

.glue_7         0x000000000000c410        0x0
 .glue_7        0x000000000000c410        0x0 linker stubs

.glue_7t        0x000000000000c410        0x0
 .glue_7t       0x000000000000c410        0x0 linker stubs

.vfp11_veneer   0x000000000000c410        0x0
 .vfp11_veneer  0x000000000000c410        0x0 linker stubs

.v4_bx          0x000000000000c410        0x0
 .v4_bx         0x000000000000c410        0x0 linker stubs

.iplt           0x000000000000c410        0x0
 .iplt          0x000000000000c410        0x0 /Applications/FEH_ARM/bin/../lib/gcc/arm-none-eabi/10.3.1/thumb/v7e-m/nofp/crtbegin.o

.text           0x000000000000c440     0xc924
 *(.text*)
 .text          0x000000000000c440       0x40 /Applications/FEH_ARM/bin/../lib/gcc/arm-none-eabi/10.3.1/thumb/v7e-m/nofp/crtbegin.o
 .text._Z8movementd
                0x000000000000c480       0xb0 ../main.o
                0x000000000000c480                movement(double)
 .text._Z4turnd
                0x000000000000c530       0xd0 ../main.o
                0x000000000000c530                turn(double)
 .text._Z9getUpRampv
                0x000000000000c600       0x40 ../main.o
                0x000000000000c600                getUpRamp()
 .text._Z11getDownRampv
                0x000000000000c640       0x40 ../main.o
                0x000000000000c640                getDownRamp()
 .text.main     0x000000000000c680      0x1e4 ../main.o
                0x000000000000c680                main
 .text._Z41__static_initialization_and_destruction_0ii
                0x000000000000c864       0x50 ../main.o
 .text._GLOBAL__sub_I_right_motor
                0x000000000000c8b4       0x10 ../main.o
 .text.PORTD_IRQHandler
                0x000000000000c8c4       0x50 Startup/startup_mk60d10.o
                0x000000000000c8c4                PORTD_IRQHandler
 .text._Z15InitPowerButtonv
                0x000000000000c914       0x60 Startup/startup_mk60d10.o
                0x000000000000c914                InitPowerButton()
 .text._ZL11pll_init_blv
                0x000000000000c974       0xe0 Startup/startup_mk60d10.o
 .text._Z14InitFEHProteusv
                0x000000000000ca54       0xec Startup/startup_mk60d10.o
                0x000000000000ca54                InitFEHProteus()
 .text.DMA0_IRQHandler
                0x000000000000cb40        0xc Startup/startup_mk60d10.o
                0x000000000000cb40                DMA0_IRQHandler
 .text.DMA1_IRQHandler
                0x000000000000cb4c        0xc Startup/startup_mk60d10.o
                0x000000000000cb4c                DMA1_IRQHandler
 .text.DMA2_IRQHandler
                0x000000000000cb58        0xc Startup/startup_mk60d10.o
                0x000000000000cb58                DMA2_IRQHandler
 .text.DMA3_IRQHandler
                0x000000000000cb64        0xc Startup/startup_mk60d10.o
                0x000000000000cb64                DMA3_IRQHandler
 .text.DMA4_IRQHandler
                0x000000000000cb70        0xc Startup/startup_mk60d10.o
                0x000000000000cb70                DMA4_IRQHandler
 .text.DMA5_IRQHandler
                0x000000000000cb7c        0xc Startup/startup_mk60d10.o
                0x000000000000cb7c                DMA5_IRQHandler
 .text.DMA6_IRQHandler
                0x000000000000cb88        0xc Startup/startup_mk60d10.o
                0x000000000000cb88                DMA6_IRQHandler
 .text.DMA7_IRQHandler
                0x000000000000cb94        0xc Startup/startup_mk60d10.o
                0x000000000000cb94                DMA7_IRQHandler
 .text.DMA8_IRQHandler
                0x000000000000cba0        0xc Startup/startup_mk60d10.o
                0x000000000000cba0                DMA8_IRQHandler
 .text.DMA9_IRQHandler
                0x000000000000cbac        0xc Startup/startup_mk60d10.o
                0x000000000000cbac                DMA9_IRQHandler
 .text.DMA10_IRQHandler
                0x000000000000cbb8        0xc Startup/startup_mk60d10.o
                0x000000000000cbb8                DMA10_IRQHandler
 .text.DMA11_IRQHandler
                0x000000000000cbc4        0xc Startup/startup_mk60d10.o
                0x000000000000cbc4                DMA11_IRQHandler
 .text.DMA12_IRQHandler
                0x000000000000cbd0        0xc Startup/startup_mk60d10.o
                0x000000000000cbd0                DMA12_IRQHandler
 .text.DMA13_IRQHandler
                0x000000000000cbdc        0xc Startup/startup_mk60d10.o
                0x000000000000cbdc                DMA13_IRQHandler
 .text.DMA14_IRQHandler
                0x000000000000cbe8        0xc Startup/startup_mk60d10.o
                0x000000000000cbe8                DMA14_IRQHandler
 .text.DMA15_IRQHandler
                0x000000000000cbf4        0xc Startup/startup_mk60d10.o
                0x000000000000cbf4                DMA15_IRQHandler
 .text.DMA_Error_IRQHandler
                0x000000000000cc00        0xc Startup/startup_mk60d10.o
                0x000000000000cc00                DMA_Error_IRQHandler
 .text.MCM_IRQHandler
                0x000000000000cc0c        0xc Startup/startup_mk60d10.o
                0x000000000000cc0c                MCM_IRQHandler
 .text.FTFL_IRQHandler
                0x000000000000cc18        0xc Startup/startup_mk60d10.o
                0x000000000000cc18                FTFL_IRQHandler
 .text.Read_Collision_IRQHandler
                0x000000000000cc24        0xc Startup/startup_mk60d10.o
                0x000000000000cc24                Read_Collision_IRQHandler
 .text.LVD_LVW_IRQHandler
                0x000000000000cc30        0xc Startup/startup_mk60d10.o
                0x000000000000cc30                LVD_LVW_IRQHandler
 .text.LLWU_IRQHandler
                0x000000000000cc3c        0xc Startup/startup_mk60d10.o
                0x000000000000cc3c                LLWU_IRQHandler
 .text.WDOG_EWM_IRQHandler
                0x000000000000cc48        0xc Startup/startup_mk60d10.o
                0x000000000000cc48                WDOG_EWM_IRQHandler
 .text.RNG_IRQHandler
                0x000000000000cc54        0xc Startup/startup_mk60d10.o
                0x000000000000cc54                RNG_IRQHandler
 .text.I2C0_IRQHandler
                0x000000000000cc60        0xc Startup/startup_mk60d10.o
                0x000000000000cc60                I2C0_IRQHandler
 .text.I2C1_IRQHandler
                0x000000000000cc6c        0xc Startup/startup_mk60d10.o
                0x000000000000cc6c                I2C1_IRQHandler
 .text.SPI0_IRQHandler
                0x000000000000cc78        0xc Startup/startup_mk60d10.o
                0x000000000000cc78                SPI0_IRQHandler
 .text.SPI1_IRQHandler
                0x000000000000cc84        0xc Startup/startup_mk60d10.o
                0x000000000000cc84                SPI1_IRQHandler
 .text.SPI2_IRQHandler
                0x000000000000cc90        0xc Startup/startup_mk60d10.o
                0x000000000000cc90                SPI2_IRQHandler
 .text.CAN0_ORed_Message_buffer_IRQHandler
                0x000000000000cc9c        0xc Startup/startup_mk60d10.o
                0x000000000000cc9c                CAN0_ORed_Message_buffer_IRQHandler
 .text.CAN0_Bus_Off_IRQHandler
                0x000000000000cca8        0xc Startup/startup_mk60d10.o
                0x000000000000cca8                CAN0_Bus_Off_IRQHandler
 .text.CAN0_Error_IRQHandler
                0x000000000000ccb4        0xc Startup/startup_mk60d10.o
                0x000000000000ccb4                CAN0_Error_IRQHandler
 .text.CAN0_Tx_Warning_IRQHandler
                0x000000000000ccc0        0xc Startup/startup_mk60d10.o
                0x000000000000ccc0                CAN0_Tx_Warning_IRQHandler
 .text.CAN0_Rx_Warning_IRQHandler
                0x000000000000cccc        0xc Startup/startup_mk60d10.o
                0x000000000000cccc                CAN0_Rx_Warning_IRQHandler
 .text.CAN0_Wake_Up_IRQHandler
                0x000000000000ccd8        0xc Startup/startup_mk60d10.o
                0x000000000000ccd8                CAN0_Wake_Up_IRQHandler
 .text.I2S0_Tx_IRQHandler
                0x000000000000cce4        0xc Startup/startup_mk60d10.o
                0x000000000000cce4                I2S0_Tx_IRQHandler
 .text.I2S0_Rx_IRQHandler
                0x000000000000ccf0        0xc Startup/startup_mk60d10.o
                0x000000000000ccf0                I2S0_Rx_IRQHandler
 .text.CAN1_ORed_Message_buffer_IRQHandler
                0x000000000000ccfc        0xc Startup/startup_mk60d10.o
                0x000000000000ccfc                CAN1_ORed_Message_buffer_IRQHandler
 .text.CAN1_Bus_Off_IRQHandler
                0x000000000000cd08        0xc Startup/startup_mk60d10.o
                0x000000000000cd08                CAN1_Bus_Off_IRQHandler
 .text.CAN1_Error_IRQHandler
                0x000000000000cd14        0xc Startup/startup_mk60d10.o
                0x000000000000cd14                CAN1_Error_IRQHandler
 .text.CAN1_Tx_Warning_IRQHandler
                0x000000000000cd20        0xc Startup/startup_mk60d10.o
                0x000000000000cd20                CAN1_Tx_Warning_IRQHandler
 .text.CAN1_Rx_Warning_IRQHandler
                0x000000000000cd2c        0xc Startup/startup_mk60d10.o
                0x000000000000cd2c                CAN1_Rx_Warning_IRQHandler
 .text.CAN1_Wake_Up_IRQHandler
                0x000000000000cd38        0xc Startup/startup_mk60d10.o
                0x000000000000cd38                CAN1_Wake_Up_IRQHandler
 .text.Reserved59_IRQHandler
                0x000000000000cd44        0xc Startup/startup_mk60d10.o
                0x000000000000cd44                Reserved59_IRQHandler
 .text.UART0_LON_IRQHandler
                0x000000000000cd50        0xc Startup/startup_mk60d10.o
                0x000000000000cd50                UART0_LON_IRQHandler
 .text.UART0_ERR_IRQHandler
                0x000000000000cd5c        0xc Startup/startup_mk60d10.o
                0x000000000000cd5c                UART0_ERR_IRQHandler
 .text.UART1_RX_TX_IRQHandler
                0x000000000000cd68        0xc Startup/startup_mk60d10.o
                0x000000000000cd68                UART1_RX_TX_IRQHandler
 .text.UART1_ERR_IRQHandler
                0x000000000000cd74        0xc Startup/startup_mk60d10.o
                0x000000000000cd74                UART1_ERR_IRQHandler
 .text.UART2_RX_TX_IRQHandler
                0x000000000000cd80        0xc Startup/startup_mk60d10.o
                0x000000000000cd80                UART2_RX_TX_IRQHandler
 .text.UART2_ERR_IRQHandler
                0x000000000000cd8c        0xc Startup/startup_mk60d10.o
                0x000000000000cd8c                UART2_ERR_IRQHandler
 .text.UART3_RX_TX_IRQHandler
                0x000000000000cd98        0xc Startup/startup_mk60d10.o
                0x000000000000cd98                UART3_RX_TX_IRQHandler
 .text.UART3_ERR_IRQHandler
                0x000000000000cda4        0xc Startup/startup_mk60d10.o
                0x000000000000cda4                UART3_ERR_IRQHandler
 .text.UART4_RX_TX_IRQHandler
                0x000000000000cdb0        0xc Startup/startup_mk60d10.o
                0x000000000000cdb0                UART4_RX_TX_IRQHandler
 .text.UART4_ERR_IRQHandler
                0x000000000000cdbc        0xc Startup/startup_mk60d10.o
                0x000000000000cdbc                UART4_ERR_IRQHandler
 .text.UART5_RX_TX_IRQHandler
                0x000000000000cdc8        0xc Startup/startup_mk60d10.o
                0x000000000000cdc8                UART5_RX_TX_IRQHandler
 .text.UART5_ERR_IRQHandler
                0x000000000000cdd4        0xc Startup/startup_mk60d10.o
                0x000000000000cdd4                UART5_ERR_IRQHandler
 .text.ADC0_IRQHandler
                0x000000000000cde0        0xc Startup/startup_mk60d10.o
                0x000000000000cde0                ADC0_IRQHandler
 .text.ADC1_IRQHandler
                0x000000000000cdec        0xc Startup/startup_mk60d10.o
                0x000000000000cdec                ADC1_IRQHandler
 .text.CMP0_IRQHandler
                0x000000000000cdf8        0xc Startup/startup_mk60d10.o
                0x000000000000cdf8                CMP0_IRQHandler
 .text.CMP1_IRQHandler
                0x000000000000ce04        0xc Startup/startup_mk60d10.o
                0x000000000000ce04                CMP1_IRQHandler
 .text.CMP2_IRQHandler
                0x000000000000ce10        0xc Startup/startup_mk60d10.o
                0x000000000000ce10                CMP2_IRQHandler
 .text.FTM0_IRQHandler
                0x000000000000ce1c        0xc Startup/startup_mk60d10.o
                0x000000000000ce1c                FTM0_IRQHandler
 .text.FTM1_IRQHandler
                0x000000000000ce28        0xc Startup/startup_mk60d10.o
                0x000000000000ce28                FTM1_IRQHandler
 .text.FTM2_IRQHandler
                0x000000000000ce34        0xc Startup/startup_mk60d10.o
                0x000000000000ce34                FTM2_IRQHandler
 .text.CMT_IRQHandler
                0x000000000000ce40        0xc Startup/startup_mk60d10.o
                0x000000000000ce40                CMT_IRQHandler
 .text.RTC_IRQHandler
                0x000000000000ce4c        0xc Startup/startup_mk60d10.o
                0x000000000000ce4c                RTC_IRQHandler
 .text.RTC_Seconds_IRQHandler
                0x000000000000ce58        0xc Startup/startup_mk60d10.o
                0x000000000000ce58                RTC_Seconds_IRQHandler
 .text.PIT1_IRQHandler
                0x000000000000ce64        0xc Startup/startup_mk60d10.o
                0x000000000000ce64                PIT1_IRQHandler
 .text.PIT2_IRQHandler
                0x000000000000ce70        0xc Startup/startup_mk60d10.o
                0x000000000000ce70                PIT2_IRQHandler
 .text.PIT3_IRQHandler
                0x000000000000ce7c        0xc Startup/startup_mk60d10.o
                0x000000000000ce7c                PIT3_IRQHandler
 .text.PDB0_IRQHandler
                0x000000000000ce88        0xc Startup/startup_mk60d10.o
                0x000000000000ce88                PDB0_IRQHandler
 .text.USB0_IRQHandler
                0x000000000000ce94        0xc Startup/startup_mk60d10.o
                0x000000000000ce94                USB0_IRQHandler
 .text.USBDCD_IRQHandler
                0x000000000000cea0        0xc Startup/startup_mk60d10.o
                0x000000000000cea0                USBDCD_IRQHandler
 .text.ENET_1588_Timer_IRQHandler
                0x000000000000ceac        0xc Startup/startup_mk60d10.o
                0x000000000000ceac                ENET_1588_Timer_IRQHandler
 .text.ENET_Transmit_IRQHandler
                0x000000000000ceb8        0xc Startup/startup_mk60d10.o
                0x000000000000ceb8                ENET_Transmit_IRQHandler
 .text.ENET_Receive_IRQHandler
                0x000000000000cec4        0xc Startup/startup_mk60d10.o
                0x000000000000cec4                ENET_Receive_IRQHandler
 .text.ENET_Error_IRQHandler
                0x000000000000ced0        0xc Startup/startup_mk60d10.o
                0x000000000000ced0                ENET_Error_IRQHandler
 .text.Reserved95_IRQHandler
                0x000000000000cedc        0xc Startup/startup_mk60d10.o
                0x000000000000cedc                Reserved95_IRQHandler
 .text.SDHC_IRQHandler
                0x000000000000cee8        0xc Startup/startup_mk60d10.o
                0x000000000000cee8                SDHC_IRQHandler
 .text.DAC0_IRQHandler
                0x000000000000cef4        0xc Startup/startup_mk60d10.o
                0x000000000000cef4                DAC0_IRQHandler
 .text.DAC1_IRQHandler
                0x000000000000cf00        0xc Startup/startup_mk60d10.o
                0x000000000000cf00                DAC1_IRQHandler
 .text.TSI0_IRQHandler
                0x000000000000cf0c        0xc Startup/startup_mk60d10.o
                0x000000000000cf0c                TSI0_IRQHandler
 .text.MCG_IRQHandler
                0x000000000000cf18        0xc Startup/startup_mk60d10.o
                0x000000000000cf18                MCG_IRQHandler
 .text.LPTMR0_IRQHandler
                0x000000000000cf24        0xc Startup/startup_mk60d10.o
                0x000000000000cf24                LPTMR0_IRQHandler
 .text.Reserved102_IRQHandler
                0x000000000000cf30        0xc Startup/startup_mk60d10.o
                0x000000000000cf30                Reserved102_IRQHandler
 .text.Reserved108_IRQHandler
                0x000000000000cf3c        0xc Startup/startup_mk60d10.o
                0x000000000000cf3c                Reserved108_IRQHandler
 .text.Reserved109_IRQHandler
                0x000000000000cf48        0xc Startup/startup_mk60d10.o
                0x000000000000cf48                Reserved109_IRQHandler
 .text.SWI_IRQHandler
                0x000000000000cf54        0xc Startup/startup_mk60d10.o
                0x000000000000cf54                SWI_IRQHandler
 .text._ZN8FEHMotorC2ENS_12FEHMotorPortEf
                0x000000000000cf60       0x7c Libraries/FEHMotor.o
                0x000000000000cf60                FEHMotor::FEHMotor(FEHMotor::FEHMotorPort, float)
                0x000000000000cf60                FEHMotor::FEHMotor(FEHMotor::FEHMotorPort, float)
 .text._ZN8FEHMotor4StopEv
                0x000000000000cfdc       0x30 Libraries/FEHMotor.o
                0x000000000000cfdc                FEHMotor::Stop()
 .text._ZN8FEHMotor8SetPowerEi
                0x000000000000d00c       0x54 Libraries/FEHMotor.o
                0x000000000000d00c                FEHMotor::SetPower(int)
 .text._ZN8FEHMotor10SetPercentEf
                0x000000000000d060       0xf8 Libraries/FEHMotor.o
                0x000000000000d060                FEHMotor::SetPercent(float)
 .text._Z21IIC_StartTransmissionhh
                0x000000000000d158       0x6c Drivers/i2c.o
                0x000000000000d158                IIC_StartTransmission(unsigned char, unsigned char)
 .text._Z5Pausev
                0x000000000000d1c4       0x24 Drivers/i2c.o
                0x000000000000d1c4                Pause()
 .text._Z21MMA8451QWriteRegisterhh
                0x000000000000d1e8       0x68 Drivers/i2c.o
                0x000000000000d1e8                MMA8451QWriteRegister(unsigned char, unsigned char)
 .text._Z8i2c_Waitv
                0x000000000000d250       0x6c Drivers/i2c.o
                0x000000000000d250                i2c_Wait()
 .text._Z12SPI_SendCharh
                0x000000000000d2bc       0x1a Drivers/spi.o
                0x000000000000d2bc                SPI_SendChar(unsigned char)
 .text._Z16SPI_WriteCommandhh
                0x000000000000d2d6       0x34 Drivers/spi.o
                0x000000000000d2d6                SPI_WriteCommand(unsigned char, unsigned char)
 *fill*         0x000000000000d30a        0x2 
 .text._Z13SPI_CS_Assertv
                0x000000000000d30c       0x1c Drivers/spi.o
                0x000000000000d30c                SPI_CS_Assert()
 .text._Z15SPI_CS_Deassertv
                0x000000000000d328       0x1c Drivers/spi.o
                0x000000000000d328                SPI_CS_Deassert()
 .text._Z12SPI_Transferh
                0x000000000000d344       0x6c Drivers/spi.o
                0x000000000000d344                SPI_Transfer(unsigned char)
 .text._Z8SPI_Initv
                0x000000000000d3b0       0xa0 Drivers/spi.o
                0x000000000000d3b0                SPI_Init()
 .text._Z9uart_initPV11UART_MemMapii
                0x000000000000d450      0x174 Drivers/uart.o
                0x000000000000d450                uart_init(UART_MemMap volatile*, int, int)
 .text._Z12uart_getcharPV11UART_MemMap
                0x000000000000d5c4       0x32 Drivers/uart.o
                0x000000000000d5c4                uart_getchar(UART_MemMap volatile*)
 .text._Z12uart_putcharPV11UART_MemMapc
                0x000000000000d5f6       0x32 Drivers/uart.o
                0x000000000000d5f6                uart_putchar(UART_MemMap volatile*, char)
 .text._ZL7mem_setPvij
                0x000000000000d628       0x3c Drivers/ff.o
 .text._ZL11move_windowP5FATFSm
                0x000000000000d664       0xc8 Drivers/ff.o
 .text._ZL4syncP5FATFS
                0x000000000000d72c      0x14c Drivers/ff.o
 .text._ZL8validateP5FATFSt
                0x000000000000d878       0x54 Drivers/ff.o
 .text._Z6f_syncP3FIL
                0x000000000000d8cc      0x186 Drivers/ff.o
                0x000000000000d8cc                f_sync(FIL*)
 .text._Z7f_closeP3FIL
                0x000000000000da52       0x28 Drivers/ff.o
                0x000000000000da52                f_close(FIL*)
 *fill*         0x000000000000da7a        0x2 
 .text._ZL17SDHC_set_baudratemm
                0x000000000000da7c       0xe8 Drivers/SDHC.o
 .text._Z9SDHC_initP17esdhc_info_structPK17esdhc_init_struct
                0x000000000000db64      0x130 Drivers/SDHC.o
                0x000000000000db64                SDHC_init(esdhc_info_struct*, esdhc_init_struct const*)
 .text._ZL15SDHC_is_runningv
                0x000000000000dc94       0x24 Drivers/SDHC.o
 .text._ZL16SDHC_status_waitm
                0x000000000000dcb8       0x2c Drivers/SDHC.o
 .text._ZL17SDHC_send_commandP20esdhc_command_struct
                0x000000000000dce4      0x1f8 Drivers/SDHC.o
 .text._Z10SDHC_ioctlmPv
                0x000000000000dedc      0x6f0 Drivers/SDHC.o
                0x000000000000dedc                SDHC_ioctl(unsigned long, void*)
 .text._ZL14rcvr_datablockPhm
                0x000000000000e5cc       0xf0 Drivers/SDHC.o
 .text._Z9disk_readhPhmh
                0x000000000000e6bc      0x124 Drivers/SDHC.o
                0x000000000000e6bc                disk_read(unsigned char, unsigned char*, unsigned long, unsigned char)
 .text._ZL14xmit_datablockPKhm
                0x000000000000e7e0       0xa4 Drivers/SDHC.o
 .text._Z10disk_writehPKhmh
                0x000000000000e884      0x198 Drivers/SDHC.o
                0x000000000000e884                disk_write(unsigned char, unsigned char const*, unsigned long, unsigned char)
 .text._Z10disk_ioctlhhPv
                0x000000000000ea1c      0x104 Drivers/SDHC.o
                0x000000000000ea1c                disk_ioctl(unsigned char, unsigned char, void*)
 .text._Z11disk_statush
                0x000000000000eb20       0x28 Drivers/SDHC.o
                0x000000000000eb20                disk_status(unsigned char)
 .text._Z13time_delay_msm
                0x000000000000eb48       0x6c Drivers/lptmr.o
                0x000000000000eb48                time_delay_ms(unsigned long)
 .text._Z41__static_initialization_and_destruction_0ii
                0x000000000000ebb4       0x2c FEHProteus.o
 .text._GLOBAL__sub_I_Propeller
                0x000000000000ebe0       0x10 FEHProteus.o
 .text._ZN12FEHPropellerC2Ev
                0x000000000000ebf0       0x1a Drivers/FEHPropeller.o
                0x000000000000ebf0                FEHPropeller::FEHPropeller()
                0x000000000000ebf0                FEHPropeller::FEHPropeller()
 *fill*         0x000000000000ec0a        0x2 
 .text._ZN12FEHPropeller10InitializeEv
                0x000000000000ec0c       0x74 Drivers/FEHPropeller.o
                0x000000000000ec0c                FEHPropeller::Initialize()
 .text._ZN12FEHPropeller12SetMotorRateEhhh
                0x000000000000ec80       0x5c Drivers/FEHPropeller.o
                0x000000000000ec80                FEHPropeller::SetMotorRate(unsigned char, unsigned char, unsigned char)
 .text._ZL5Delaymjj
                0x000000000000ecdc       0x94 Libraries/FEHUtility.o
 .text._Z5Sleepi
                0x000000000000ed70       0x2c Libraries/FEHUtility.o
                0x000000000000ed70                Sleep(int)
 .text._Z5Sleepd
                0x000000000000ed9c       0x4c Libraries/FEHUtility.o
                0x000000000000ed9c                Sleep(double)
 .text._Z16PORTB_IRQHandlerv
                0x000000000000ede8       0x9c Libraries/FEHIO.o
                0x000000000000ede8                PORTB_IRQHandler()
 .text._Z16PORTC_IRQHandlerv
                0x000000000000ee84       0x9c Libraries/FEHIO.o
                0x000000000000ee84                PORTC_IRQHandler()
 .text._Z16PORTA_IRQHandlerv
                0x000000000000ef20       0xa0 Libraries/FEHIO.o
                0x000000000000ef20                PORTA_IRQHandler()
 .text._Z16PORTE_IRQHandlerv
                0x000000000000efc0       0x98 Libraries/FEHIO.o
                0x000000000000efc0                PORTE_IRQHandler()
 .text._ZN14AnalogInputPinC2EN5FEHIO8FEHIOPinE
                0x000000000000f058       0x1e Libraries/FEHIO.o
                0x000000000000f058                AnalogInputPin::AnalogInputPin(FEHIO::FEHIOPin)
                0x000000000000f058                AnalogInputPin::AnalogInputPin(FEHIO::FEHIOPin)
 *fill*         0x000000000000f076        0x2 
 .text._ZN14AnalogInputPin5ValueEv
                0x000000000000f078      0x120 Libraries/FEHIO.o
                0x000000000000f078                AnalogInputPin::Value()
 .text._ZN13AnalogEncoder12EncoderValueEv
                0x000000000000f198       0xb0 Libraries/FEHIO.o
                0x000000000000f198                AnalogEncoder::EncoderValue()
 .text._ZN14AnalogInputPin8InitADCsEv
                0x000000000000f248       0x98 Libraries/FEHIO.o
                0x000000000000f248                AnalogInputPin::InitADCs()
 .text._Z15PIT0_IRQHandlerv
                0x000000000000f2e0       0x28 Libraries/FEHIO.o
                0x000000000000f2e0                PIT0_IRQHandler()
 .text._ZN13AnalogEncoder4InitEv
                0x000000000000f308       0x44 Libraries/FEHIO.o
                0x000000000000f308                AnalogEncoder::Init()
 .text._ZN13AnalogEncoder14SetCounterInitEj
                0x000000000000f34c       0x20 Libraries/FEHIO.o
                0x000000000000f34c                AnalogEncoder::SetCounterInit(unsigned int)
 .text._ZN13AnalogEncoder10ProcessIntEv
                0x000000000000f36c       0x68 Libraries/FEHIO.o
                0x000000000000f36c                AnalogEncoder::ProcessInt()
 .text._ZN13AnalogEncoder14ProcessIntSelfEv
                0x000000000000f3d4       0x6e Libraries/FEHIO.o
                0x000000000000f3d4                AnalogEncoder::ProcessIntSelf()
 .text._Z7ADC_CalPV10ADC_MemMap
                0x000000000000f442      0x13e Drivers/adc16.o
                0x000000000000f442                ADC_Cal(ADC_MemMap volatile*)
 .text._Z14ADC_Config_AltPV10ADC_MemMapP7adc_cfg
                0x000000000000f580       0x6c Drivers/adc16.o
                0x000000000000f580                ADC_Config_Alt(ADC_MemMap volatile*, adc_cfg*)
 .text._ZN9FEHBuzzerC2Ev
                0x000000000000f5ec       0x14 Libraries/FEHBuzzer.o
                0x000000000000f5ec                FEHBuzzer::FEHBuzzer()
                0x000000000000f5ec                FEHBuzzer::FEHBuzzer()
 .text._Z41__static_initialization_and_destruction_0ii
                0x000000000000f600       0x2c Libraries/FEHBuzzer.o
 .text._GLOBAL__sub_I_Buzzer
                0x000000000000f62c       0x10 Libraries/FEHBuzzer.o
 .text._ZN6FEHLCD11_InitializeEv
                0x000000000000f63c      0x410 Libraries/FEHLCD.o
                0x000000000000f63c                FEHLCD::_Initialize()
 .text._ZN6FEHLCDC2Ev
                0x000000000000fa4c       0x50 Libraries/FEHLCD.o
                0x000000000000fa4c                FEHLCD::FEHLCD()
                0x000000000000fa4c                FEHLCD::FEHLCD()
 .text._ZN6FEHLCD10InitializeEv
                0x000000000000fa9c       0x28 Libraries/FEHLCD.o
                0x000000000000fa9c                FEHLCD::Initialize()
 .text._ZN6FEHLCD10PrintImageEii
                0x000000000000fac4       0xbc Libraries/FEHLCD.o
                0x000000000000fac4                FEHLCD::PrintImage(int, int)
 .text._ZN6FEHLCD9PrintLogoEii
                0x000000000000fb80       0xbc Libraries/FEHLCD.o
                0x000000000000fb80                FEHLCD::PrintLogo(int, int)
 .text._ZN6FEHLCD22ConvertFEHColorTo24BitENS_11FEHLCDColorE
                0x000000000000fc3c       0x78 Libraries/FEHLCD.o
                0x000000000000fc3c                FEHLCD::ConvertFEHColorTo24Bit(FEHLCD::FEHLCDColor)
 .text._ZN6FEHLCD24Convert24BitColorTo16BitEj
                0x000000000000fcb4       0x30 Libraries/FEHLCD.o
                0x000000000000fcb4                FEHLCD::Convert24BitColorTo16Bit(unsigned int)
 .text._ZN6FEHLCD22ConvertRGBColorTo16BitEhhh
                0x000000000000fce4       0x4a Libraries/FEHLCD.o
                0x000000000000fce4                FEHLCD::ConvertRGBColorTo16Bit(unsigned char, unsigned char, unsigned char)
 .text._ZN6FEHLCD5ClearENS_11FEHLCDColorE
                0x000000000000fd2e       0x28 Libraries/FEHLCD.o
                0x000000000000fd2e                FEHLCD::Clear(FEHLCD::FEHLCDColor)
 .text._ZN6FEHLCD5ClearEj
                0x000000000000fd56       0x2c Libraries/FEHLCD.o
                0x000000000000fd56                FEHLCD::Clear(unsigned int)
 .text._ZN6FEHLCD18SetBackgroundColorENS_11FEHLCDColorE
                0x000000000000fd82       0x28 Libraries/FEHLCD.o
                0x000000000000fd82                FEHLCD::SetBackgroundColor(FEHLCD::FEHLCDColor)
 .text._ZN6FEHLCD18SetBackgroundColorEj
                0x000000000000fdaa       0x26 Libraries/FEHLCD.o
                0x000000000000fdaa                FEHLCD::SetBackgroundColor(unsigned int)
 .text._ZN6FEHLCD12SetFontColorENS_11FEHLCDColorE
                0x000000000000fdd0       0x28 Libraries/FEHLCD.o
                0x000000000000fdd0                FEHLCD::SetFontColor(FEHLCD::FEHLCDColor)
 .text._ZN6FEHLCD12SetFontColorEj
                0x000000000000fdf8       0x26 Libraries/FEHLCD.o
                0x000000000000fdf8                FEHLCD::SetFontColor(unsigned int)
 .text._ZN6FEHLCD7WriteAtEPKcii
                0x000000000000fe1e       0x46 Libraries/FEHLCD.o
                0x000000000000fe1e                FEHLCD::WriteAt(char const*, int, int)
 .text._ZN6FEHLCD11TS_SPI_InitEv
                0x000000000000fe64       0x7c Libraries/FEHLCD.o
                0x000000000000fe64                FEHLCD::TS_SPI_Init()
 .text._ZN6FEHLCD5WriteEPKc
                0x000000000000fee0       0x4e Libraries/FEHLCD.o
                0x000000000000fee0                FEHLCD::Write(char const*)
 *fill*         0x000000000000ff2e        0x2 
 .text._ZN6FEHLCD5WriteEf
                0x000000000000ff30       0xc0 Libraries/FEHLCD.o
                0x000000000000ff30                FEHLCD::Write(float)
 .text._ZN6FEHLCD9WriteLineEf
                0x000000000000fff0       0x26 Libraries/FEHLCD.o
                0x000000000000fff0                FEHLCD::WriteLine(float)
 *fill*         0x0000000000010016        0x2 
 .text._ZN6FEHLCD10WriteIndexEh
                0x0000000000010018      0x14c Libraries/FEHLCD.o
                0x0000000000010018                FEHLCD::WriteIndex(unsigned char)
 .text._ZN6FEHLCD14WriteParameterEh
                0x0000000000010164      0x130 Libraries/FEHLCD.o
                0x0000000000010164                FEHLCD::WriteParameter(unsigned char)
 .text._ZN6FEHLCD6_ClearEv
                0x0000000000010294      0x15c Libraries/FEHLCD.o
                0x0000000000010294                FEHLCD::_Clear()
 .text._ZN6FEHLCD8NextLineEv
                0x00000000000103f0       0x2a Libraries/FEHLCD.o
                0x00000000000103f0                FEHLCD::NextLine()
 .text._ZN6FEHLCD9CheckLineEv
                0x000000000001041a       0x28 Libraries/FEHLCD.o
                0x000000000001041a                FEHLCD::CheckLine()
 .text._ZN6FEHLCD8NextCharEv
                0x0000000000010442       0x32 Libraries/FEHLCD.o
                0x0000000000010442                FEHLCD::NextChar()
 .text._ZN6FEHLCD13SetDrawRegionEiiii
                0x0000000000010474       0xfe Libraries/FEHLCD.o
                0x0000000000010474                FEHLCD::SetDrawRegion(int, int, int, int)
 .text._ZN6FEHLCD9WriteCharEiic
                0x0000000000010572       0x34 Libraries/FEHLCD.o
                0x0000000000010572                FEHLCD::WriteChar(int, int, char)
 *fill*         0x00000000000105a6        0x2 
 .text._ZN6FEHLCD11WriteCharAtEiic
                0x00000000000105a8      0x214 Libraries/FEHLCD.o
                0x00000000000105a8                FEHLCD::WriteCharAt(int, int, char)
 .text._ZN6FEHLCD11RepeatColorEv
                0x00000000000107bc       0x70 Libraries/FEHLCD.o
                0x00000000000107bc                FEHLCD::RepeatColor()
 .text._ZN6FEHLCD10_ForePixelEv
                0x000000000001082c       0xc4 Libraries/FEHLCD.o
                0x000000000001082c                FEHLCD::_ForePixel()
 .text._ZN6FEHLCD10_BackPixelEv
                0x00000000000108f0       0xc4 Libraries/FEHLCD.o
                0x00000000000108f0                FEHLCD::_BackPixel()
 .text._ZN6FEHLCD22SetRegisterColorValuesEv
                0x00000000000109b4      0x336 Libraries/FEHLCD.o
                0x00000000000109b4                FEHLCD::SetRegisterColorValues()
 *fill*         0x0000000000010cea        0x2 
 .text._Z41__static_initialization_and_destruction_0ii
                0x0000000000010cec       0x2c Libraries/FEHLCD.o
 .text._GLOBAL__sub_I_image
                0x0000000000010d18       0x10 Libraries/FEHLCD.o
 .text._ZN8FEHAccelC2Ev
                0x0000000000010d28       0x70 Libraries/FEHAccel.o
                0x0000000000010d28                FEHAccel::FEHAccel()
                0x0000000000010d28                FEHAccel::FEHAccel()
 .text._Z41__static_initialization_and_destruction_0ii
                0x0000000000010d98       0x2c Libraries/FEHAccel.o
 .text._GLOBAL__sub_I_Accel
                0x0000000000010dc4       0x10 Libraries/FEHAccel.o
 .text._ZN10FEHBatteryC2EN5FEHIO8FEHIOPinE
                0x0000000000010dd4       0x22 Libraries/FEHBattery.o
                0x0000000000010dd4                FEHBattery::FEHBattery(FEHIO::FEHIOPin)
                0x0000000000010dd4                FEHBattery::FEHBattery(FEHIO::FEHIOPin)
 *fill*         0x0000000000010df6        0x2 
 .text._Z41__static_initialization_and_destruction_0ii
                0x0000000000010df8       0x30 Libraries/FEHBattery.o
 .text._GLOBAL__sub_I_Battery
                0x0000000000010e28       0x10 Libraries/FEHBattery.o
 .text._ZN7FEHXBeeC2Ev
                0x0000000000010e38       0x1a Drivers/FEHXBee.o
                0x0000000000010e38                FEHXBee::FEHXBee()
                0x0000000000010e38                FEHXBee::FEHXBee()
 *fill*         0x0000000000010e52        0x2 
 .text._ZN7FEHXBee17SetPacketCallBackEPFvPhhE
                0x0000000000010e54       0x20 Drivers/FEHXBee.o
                0x0000000000010e54                FEHXBee::SetPacketCallBack(void (*)(unsigned char*, unsigned char))
 .text._Z22UART0_RX_TX_IRQHandlerv
                0x0000000000010e74       0xec Drivers/FEHXBee.o
                0x0000000000010e74                UART0_RX_TX_IRQHandler()
 .text._ZN6FEHRCSC2Ev
                0x0000000000010f60       0x74 Libraries/FEHRCS.o
                0x0000000000010f60                FEHRCS::FEHRCS()
                0x0000000000010f60                FEHRCS::FEHRCS()
 .text._Z14RCSDataProcessPhh
                0x0000000000010fd4       0xa0 Libraries/FEHRCS.o
                0x0000000000010fd4                RCSDataProcess(unsigned char*, unsigned char)
 .text._Z41__static_initialization_and_destruction_0ii
                0x0000000000011074       0x2c Libraries/FEHRCS.o
 .text._GLOBAL__sub_I_RCS
                0x00000000000110a0       0x10 Libraries/FEHRCS.o
 .text._ZN5FEHSDC2Ev
                0x00000000000110b0       0x24 Libraries/FEHSD.o
                0x00000000000110b0                FEHSD::FEHSD()
                0x00000000000110b0                FEHSD::FEHSD()
 .text._ZN5FEHSD9FCloseAllEv
                0x00000000000110d4       0x6c Libraries/FEHSD.o
                0x00000000000110d4                FEHSD::FCloseAll()
 .text._Z41__static_initialization_and_destruction_0ii
                0x0000000000011140       0x2c Libraries/FEHSD.o
 .text._GLOBAL__sub_I_SD
                0x000000000001116c       0x10 Libraries/FEHSD.o
 .text._ZN9FEHRandom10InitializeEv
                0x000000000001117c       0x3c Libraries/FEHRandom.o
                0x000000000001117c                FEHRandom::Initialize()
 .text.startup._GLOBAL__sub_I__ZN9__gnu_cxx9__freeresEv
                0x00000000000111b8       0x28 /Applications/FEH_ARM/bin/../lib/gcc/arm-none-eabi/10.3.1/../../../../arm-none-eabi/lib/thumb/v7e-m/nofp/libstdc++.a(eh_alloc.o)
 .text          0x00000000000111e0      0x378 /Applications/FEH_ARM/bin/../lib/gcc/arm-none-eabi/10.3.1/thumb/v7e-m/nofp/libgcc.a(_arm_addsubdf3.o)
                0x00000000000111e0                __aeabi_drsub
                0x00000000000111e8                __subdf3
                0x00000000000111e8                __aeabi_dsub
                0x00000000000111ec                __aeabi_dadd
                0x00000000000111ec                __adddf3
                0x0000000000011464                __aeabi_ui2d
                0x0000000000011464                __floatunsidf
                0x0000000000011484                __floatsidf
                0x0000000000011484                __aeabi_i2d
                0x00000000000114a8                __extendsfdf2
                0x00000000000114a8                __aeabi_f2d
                0x00000000000114ec                __aeabi_ul2d
                0x00000000000114ec                __floatundidf
                0x00000000000114fc                __aeabi_l2d
                0x00000000000114fc                __floatdidf
 .text          0x0000000000011558      0x424 /Applications/FEH_ARM/bin/../lib/gcc/arm-none-eabi/10.3.1/thumb/v7e-m/nofp/libgcc.a(_arm_muldivdf3.o)
                0x0000000000011558                __aeabi_dmul
                0x0000000000011558                __muldf3
                0x00000000000117ac                __aeabi_ddiv
                0x00000000000117ac                __divdf3
 .text          0x000000000001197c      0x110 /Applications/FEH_ARM/bin/../lib/gcc/arm-none-eabi/10.3.1/thumb/v7e-m/nofp/libgcc.a(_arm_cmpdf2.o)
                0x000000000001197c                __gedf2
                0x000000000001197c                __gtdf2
                0x0000000000011984                __ledf2
                0x0000000000011984                __ltdf2
                0x000000000001198c                __cmpdf2
                0x000000000001198c                __eqdf2
                0x000000000001198c                __nedf2
                0x0000000000011a08                __aeabi_cdrcmple
                0x0000000000011a18                __aeabi_cdcmple
                0x0000000000011a18                __aeabi_cdcmpeq
                0x0000000000011a28                __aeabi_dcmpeq
                0x0000000000011a3c                __aeabi_dcmplt
                0x0000000000011a50                __aeabi_dcmple
                0x0000000000011a64                __aeabi_dcmpge
                0x0000000000011a78                __aeabi_dcmpgt
 .text          0x0000000000011a8c       0x50 /Applications/FEH_ARM/bin/../lib/gcc/arm-none-eabi/10.3.1/thumb/v7e-m/nofp/libgcc.a(_arm_fixdfsi.o)
                0x0000000000011a8c                __fixdfsi
                0x0000000000011a8c                __aeabi_d2iz
 .text          0x0000000000011adc       0x40 /Applications/FEH_ARM/bin/../lib/gcc/arm-none-eabi/10.3.1/thumb/v7e-m/nofp/libgcc.a(_arm_fixunsdfsi.o)
                0x0000000000011adc                __fixunsdfsi
                0x0000000000011adc                __aeabi_d2uiz
 .text          0x0000000000011b1c       0xa0 /Applications/FEH_ARM/bin/../lib/gcc/arm-none-eabi/10.3.1/thumb/v7e-m/nofp/libgcc.a(_arm_truncdfsf2.o)
                0x0000000000011b1c                __aeabi_d2f
                0x0000000000011b1c                __truncdfsf2
 .text          0x0000000000011bbc      0x21c /Applications/FEH_ARM/bin/../lib/gcc/arm-none-eabi/10.3.1/thumb/v7e-m/nofp/libgcc.a(_arm_addsubsf3.o)
                0x0000000000011bbc                __aeabi_frsub
                0x0000000000011bc4                __aeabi_fsub
                0x0000000000011bc4                __subsf3
                0x0000000000011bc8                __aeabi_fadd
                0x0000000000011bc8                __addsf3
                0x0000000000011d28                __aeabi_ui2f
                0x0000000000011d28                __floatunsisf
                0x0000000000011d30                __floatsisf
                0x0000000000011d30                __aeabi_i2f
                0x0000000000011d4c                __aeabi_ul2f
                0x0000000000011d4c                __floatundisf
                0x0000000000011d5c                __aeabi_l2f
                0x0000000000011d5c                __floatdisf
 .text          0x0000000000011dd8      0x2a0 /Applications/FEH_ARM/bin/../lib/gcc/arm-none-eabi/10.3.1/thumb/v7e-m/nofp/libgcc.a(_arm_muldivsf3.o)
                0x0000000000011dd8                __mulsf3
                0x0000000000011dd8                __aeabi_fmul
                0x0000000000011f40                __divsf3
                0x0000000000011f40                __aeabi_fdiv
 .text          0x0000000000012078       0xec /Applications/FEH_ARM/bin/../lib/gcc/arm-none-eabi/10.3.1/thumb/v7e-m/nofp/libgcc.a(_arm_cmpsf2.o)
                0x0000000000012078                __gesf2
                0x0000000000012078                __gtsf2
                0x0000000000012080                __ltsf2
                0x0000000000012080                __lesf2
                0x0000000000012088                __nesf2
                0x0000000000012088                __eqsf2
                0x0000000000012088                __cmpsf2
                0x00000000000120e8                __aeabi_cfrcmple
                0x00000000000120f0                __aeabi_cfcmpeq
                0x00000000000120f0                __aeabi_cfcmple
                0x0000000000012100                __aeabi_fcmpeq
                0x0000000000012114                __aeabi_fcmplt
                0x0000000000012128                __aeabi_fcmple
                0x000000000001213c                __aeabi_fcmpge
                0x0000000000012150                __aeabi_fcmpgt
 .text          0x0000000000012164       0x4c /Applications/FEH_ARM/bin/../lib/gcc/arm-none-eabi/10.3.1/thumb/v7e-m/nofp/libgcc.a(_arm_fixsfsi.o)
                0x0000000000012164                __fixsfsi
                0x0000000000012164                __aeabi_f2iz
 .text.abort    0x00000000000121b0       0x10 /Applications/FEH_ARM/bin/../lib/gcc/arm-none-eabi/10.3.1/../../../../arm-none-eabi/lib/thumb/v7e-m/nofp/libg.a(lib_a-abort.o)
                0x00000000000121b0                abort
 .text.__sfvwrite_r
                0x00000000000121c0      0x2e8 /Applications/FEH_ARM/bin/../lib/gcc/arm-none-eabi/10.3.1/../../../../arm-none-eabi/lib/thumb/v7e-m/nofp/libg.a(lib_a-fvwrite.o)
                0x00000000000121c0                __sfvwrite_r
 .text.__libc_init_array
                0x00000000000124a8       0x48 /Applications/FEH_ARM/bin/../lib/gcc/arm-none-eabi/10.3.1/../../../../arm-none-eabi/lib/thumb/v7e-m/nofp/libg.a(lib_a-init.o)
                0x00000000000124a8                __libc_init_array
 .text.__retarget_lock_init_recursive
                0x00000000000124f0        0x4 /Applications/FEH_ARM/bin/../lib/gcc/arm-none-eabi/10.3.1/../../../../arm-none-eabi/lib/thumb/v7e-m/nofp/libg.a(lib_a-lock.o)
                0x00000000000124f0                __retarget_lock_init_recursive
 .text.__retarget_lock_close_recursive
                0x00000000000124f4        0x4 /Applications/FEH_ARM/bin/../lib/gcc/arm-none-eabi/10.3.1/../../../../arm-none-eabi/lib/thumb/v7e-m/nofp/libg.a(lib_a-lock.o)
                0x00000000000124f4                __retarget_lock_close_recursive
 .text.__retarget_lock_acquire_recursive
                0x00000000000124f8        0x4 /Applications/FEH_ARM/bin/../lib/gcc/arm-none-eabi/10.3.1/../../../../arm-none-eabi/lib/thumb/v7e-m/nofp/libg.a(lib_a-lock.o)
                0x00000000000124f8                __retarget_lock_acquire_recursive
 .text.__retarget_lock_release_recursive
                0x00000000000124fc        0x4 /Applications/FEH_ARM/bin/../lib/gcc/arm-none-eabi/10.3.1/../../../../arm-none-eabi/lib/thumb/v7e-m/nofp/libg.a(lib_a-lock.o)
                0x00000000000124fc                __retarget_lock_release_recursive
 .text.malloc   0x0000000000012500       0x10 /Applications/FEH_ARM/bin/../lib/gcc/arm-none-eabi/10.3.1/../../../../arm-none-eabi/lib/thumb/v7e-m/nofp/libg.a(lib_a-malloc.o)
                0x0000000000012500                malloc
 .text._malloc_r
                0x0000000000012510      0x560 /Applications/FEH_ARM/bin/../lib/gcc/arm-none-eabi/10.3.1/../../../../arm-none-eabi/lib/thumb/v7e-m/nofp/libg.a(lib_a-mallocr.o)
                0x0000000000012510                _malloc_r
 .text          0x0000000000012a70       0xa0 /Applications/FEH_ARM/bin/../lib/gcc/arm-none-eabi/10.3.1/../../../../arm-none-eabi/lib/thumb/v7e-m/nofp/libg.a(lib_a-memchr.o)
                0x0000000000012a70                memchr
 .text          0x0000000000012b10      0x134 /Applications/FEH_ARM/bin/../lib/gcc/arm-none-eabi/10.3.1/../../../../arm-none-eabi/lib/thumb/v7e-m/nofp/libg.a(lib_a-memcpy.o)
                0x0000000000012b10                memcpy
 .text.memmove  0x0000000000012c44       0xf8 /Applications/FEH_ARM/bin/../lib/gcc/arm-none-eabi/10.3.1/../../../../arm-none-eabi/lib/thumb/v7e-m/nofp/libg.a(lib_a-memmove.o)
                0x0000000000012c44                memmove
 .text.memset   0x0000000000012d3c       0xa4 /Applications/FEH_ARM/bin/../lib/gcc/arm-none-eabi/10.3.1/../../../../arm-none-eabi/lib/thumb/v7e-m/nofp/libg.a(lib_a-memset.o)
                0x0000000000012d3c                memset
 .text.__malloc_lock
                0x0000000000012de0        0xc /Applications/FEH_ARM/bin/../lib/gcc/arm-none-eabi/10.3.1/../../../../arm-none-eabi/lib/thumb/v7e-m/nofp/libg.a(lib_a-mlock.o)
                0x0000000000012de0                __malloc_lock
 .text.__malloc_unlock
                0x0000000000012dec        0xc /Applications/FEH_ARM/bin/../lib/gcc/arm-none-eabi/10.3.1/../../../../arm-none-eabi/lib/thumb/v7e-m/nofp/libg.a(lib_a-mlock.o)
                0x0000000000012dec                __malloc_unlock
 .text._realloc_r
                0x0000000000012df8      0x3d8 /Applications/FEH_ARM/bin/../lib/gcc/arm-none-eabi/10.3.1/../../../../arm-none-eabi/lib/thumb/v7e-m/nofp/libg.a(lib_a-reallocr.o)
                0x0000000000012df8                _realloc_r
 .text._sbrk_r  0x00000000000131d0       0x24 /Applications/FEH_ARM/bin/../lib/gcc/arm-none-eabi/10.3.1/../../../../arm-none-eabi/lib/thumb/v7e-m/nofp/libg.a(lib_a-sbrkr.o)
                0x00000000000131d0                _sbrk_r
 .text.raise    0x00000000000131f4       0x5c /Applications/FEH_ARM/bin/../lib/gcc/arm-none-eabi/10.3.1/../../../../arm-none-eabi/lib/thumb/v7e-m/nofp/libg.a(lib_a-signal.o)
                0x00000000000131f4                raise
 .text._kill_r  0x0000000000013250       0x2c /Applications/FEH_ARM/bin/../lib/gcc/arm-none-eabi/10.3.1/../../../../arm-none-eabi/lib/thumb/v7e-m/nofp/libg.a(lib_a-signalr.o)
                0x0000000000013250                _kill_r
 .text._getpid_r
                0x000000000001327c        0x4 /Applications/FEH_ARM/bin/../lib/gcc/arm-none-eabi/10.3.1/../../../../arm-none-eabi/lib/thumb/v7e-m/nofp/libg.a(lib_a-signalr.o)
                0x000000000001327c                _getpid_r
 .text.sprintf  0x0000000000013280       0x40 /Applications/FEH_ARM/bin/../lib/gcc/arm-none-eabi/10.3.1/../../../../arm-none-eabi/lib/thumb/v7e-m/nofp/libg.a(lib_a-sprintf.o)
                0x0000000000013280                sprintf
 .text          0x00000000000132c0       0xdc /Applications/FEH_ARM/bin/../lib/gcc/arm-none-eabi/10.3.1/../../../../arm-none-eabi/lib/thumb/v7e-m/nofp/libg.a(lib_a-strlen.o)
                0x00000000000132c0                strlen
 .text._svfprintf_r
                0x000000000001339c     0x1a3c /Applications/FEH_ARM/bin/../lib/gcc/arm-none-eabi/10.3.1/../../../../arm-none-eabi/lib/thumb/v7e-m/nofp/libg.a(lib_a-svfprintf.o)
                0x000000000001339c                _svfprintf_r
 .text.__swbuf_r
                0x0000000000014dd8       0xb0 /Applications/FEH_ARM/bin/../lib/gcc/arm-none-eabi/10.3.1/../../../../arm-none-eabi/lib/thumb/v7e-m/nofp/libg.a(lib_a-wbuf.o)
                0x0000000000014dd8                __swbuf_r
 .text._write_r
                0x0000000000014e88       0x2c /Applications/FEH_ARM/bin/../lib/gcc/arm-none-eabi/10.3.1/../../../../arm-none-eabi/lib/thumb/v7e-m/nofp/libg.a(lib_a-writer.o)
                0x0000000000014e88                _write_r
 .text.__swsetup_r
                0x0000000000014eb4       0xd4 /Applications/FEH_ARM/bin/../lib/gcc/arm-none-eabi/10.3.1/../../../../arm-none-eabi/lib/thumb/v7e-m/nofp/libg.a(lib_a-wsetup.o)
                0x0000000000014eb4                __swsetup_r
 .text.startup.register_fini
                0x0000000000014f88       0x14 /Applications/FEH_ARM/bin/../lib/gcc/arm-none-eabi/10.3.1/../../../../arm-none-eabi/lib/thumb/v7e-m/nofp/libg.a(lib_a-__call_atexit.o)
 .text.atexit   0x0000000000014f9c        0xc /Applications/FEH_ARM/bin/../lib/gcc/arm-none-eabi/10.3.1/../../../../arm-none-eabi/lib/thumb/v7e-m/nofp/libg.a(lib_a-atexit.o)
                0x0000000000014f9c                atexit
 .text.quorem   0x0000000000014fa8      0x124 /Applications/FEH_ARM/bin/../lib/gcc/arm-none-eabi/10.3.1/../../../../arm-none-eabi/lib/thumb/v7e-m/nofp/libg.a(lib_a-dtoa.o)
 *fill*         0x00000000000150cc        0x4 
 .text._dtoa_r  0x00000000000150d0      0xec4 /Applications/FEH_ARM/bin/../lib/gcc/arm-none-eabi/10.3.1/../../../../arm-none-eabi/lib/thumb/v7e-m/nofp/libg.a(lib_a-dtoa.o)
                0x00000000000150d0                _dtoa_r
 .text.__sflush_r
                0x0000000000015f94      0x120 /Applications/FEH_ARM/bin/../lib/gcc/arm-none-eabi/10.3.1/../../../../arm-none-eabi/lib/thumb/v7e-m/nofp/libg.a(lib_a-fflush.o)
                0x0000000000015f94                __sflush_r
 .text._fflush_r
                0x00000000000160b4       0x5c /Applications/FEH_ARM/bin/../lib/gcc/arm-none-eabi/10.3.1/../../../../arm-none-eabi/lib/thumb/v7e-m/nofp/libg.a(lib_a-fflush.o)
                0x00000000000160b4                _fflush_r
 .text._cleanup_r
                0x0000000000016110        0xc /Applications/FEH_ARM/bin/../lib/gcc/arm-none-eabi/10.3.1/../../../../arm-none-eabi/lib/thumb/v7e-m/nofp/libg.a(lib_a-findfp.o)
                0x0000000000016110                _cleanup_r
 .text.__sinit  0x000000000001611c      0x10c /Applications/FEH_ARM/bin/../lib/gcc/arm-none-eabi/10.3.1/../../../../arm-none-eabi/lib/thumb/v7e-m/nofp/libg.a(lib_a-findfp.o)
                0x000000000001611c                __sinit
 .text.__sfp_lock_acquire
                0x0000000000016228        0xc /Applications/FEH_ARM/bin/../lib/gcc/arm-none-eabi/10.3.1/../../../../arm-none-eabi/lib/thumb/v7e-m/nofp/libg.a(lib_a-findfp.o)
                0x0000000000016228                __sfp_lock_acquire
 .text.__sfp_lock_release
                0x0000000000016234        0xc /Applications/FEH_ARM/bin/../lib/gcc/arm-none-eabi/10.3.1/../../../../arm-none-eabi/lib/thumb/v7e-m/nofp/libg.a(lib_a-findfp.o)
                0x0000000000016234                __sfp_lock_release
 .text.__libc_fini_array
                0x0000000000016240       0x2c /Applications/FEH_ARM/bin/../lib/gcc/arm-none-eabi/10.3.1/../../../../arm-none-eabi/lib/thumb/v7e-m/nofp/libg.a(lib_a-fini.o)
                0x0000000000016240                __libc_fini_array
 .text._malloc_trim_r
                0x000000000001626c       0xa0 /Applications/FEH_ARM/bin/../lib/gcc/arm-none-eabi/10.3.1/../../../../arm-none-eabi/lib/thumb/v7e-m/nofp/libg.a(lib_a-freer.o)
                0x000000000001626c                _malloc_trim_r
 .text._free_r  0x000000000001630c      0x20c /Applications/FEH_ARM/bin/../lib/gcc/arm-none-eabi/10.3.1/../../../../arm-none-eabi/lib/thumb/v7e-m/nofp/libg.a(lib_a-freer.o)
                0x000000000001630c                _free_r
 .text._fwalk_reent
                0x0000000000016518       0x48 /Applications/FEH_ARM/bin/../lib/gcc/arm-none-eabi/10.3.1/../../../../arm-none-eabi/lib/thumb/v7e-m/nofp/libg.a(lib_a-fwalk.o)
                0x0000000000016518                _fwalk_reent
 .text._localeconv_r
                0x0000000000016560        0x8 /Applications/FEH_ARM/bin/../lib/gcc/arm-none-eabi/10.3.1/../../../../arm-none-eabi/lib/thumb/v7e-m/nofp/libg.a(lib_a-localeconv.o)
                0x0000000000016560                _localeconv_r
 .text.__smakebuf_r
                0x0000000000016568       0xe0 /Applications/FEH_ARM/bin/../lib/gcc/arm-none-eabi/10.3.1/../../../../arm-none-eabi/lib/thumb/v7e-m/nofp/libg.a(lib_a-makebuf.o)
                0x0000000000016568                __smakebuf_r
 .text._Balloc  0x0000000000016648       0x4c /Applications/FEH_ARM/bin/../lib/gcc/arm-none-eabi/10.3.1/../../../../arm-none-eabi/lib/thumb/v7e-m/nofp/libg.a(lib_a-mprec.o)
                0x0000000000016648                _Balloc
 .text._Bfree   0x0000000000016694       0x14 /Applications/FEH_ARM/bin/../lib/gcc/arm-none-eabi/10.3.1/../../../../arm-none-eabi/lib/thumb/v7e-m/nofp/libg.a(lib_a-mprec.o)
                0x0000000000016694                _Bfree
 .text.__multadd
                0x00000000000166a8       0xa0 /Applications/FEH_ARM/bin/../lib/gcc/arm-none-eabi/10.3.1/../../../../arm-none-eabi/lib/thumb/v7e-m/nofp/libg.a(lib_a-mprec.o)
                0x00000000000166a8                __multadd
 .text.__hi0bits
                0x0000000000016748       0x40 /Applications/FEH_ARM/bin/../lib/gcc/arm-none-eabi/10.3.1/../../../../arm-none-eabi/lib/thumb/v7e-m/nofp/libg.a(lib_a-mprec.o)
                0x0000000000016748                __hi0bits
 .text.__lo0bits
                0x0000000000016788       0x5c /Applications/FEH_ARM/bin/../lib/gcc/arm-none-eabi/10.3.1/../../../../arm-none-eabi/lib/thumb/v7e-m/nofp/libg.a(lib_a-mprec.o)
                0x0000000000016788                __lo0bits
 .text.__i2b    0x00000000000167e4       0x5c /Applications/FEH_ARM/bin/../lib/gcc/arm-none-eabi/10.3.1/../../../../arm-none-eabi/lib/thumb/v7e-m/nofp/libg.a(lib_a-mprec.o)
                0x00000000000167e4                __i2b
 .text.__multiply
                0x0000000000016840      0x15c /Applications/FEH_ARM/bin/../lib/gcc/arm-none-eabi/10.3.1/../../../../arm-none-eabi/lib/thumb/v7e-m/nofp/libg.a(lib_a-mprec.o)
                0x0000000000016840                __multiply
 .text.__pow5mult
                0x000000000001699c       0xc0 /Applications/FEH_ARM/bin/../lib/gcc/arm-none-eabi/10.3.1/../../../../arm-none-eabi/lib/thumb/v7e-m/nofp/libg.a(lib_a-mprec.o)
                0x000000000001699c                __pow5mult
 .text.__lshift
                0x0000000000016a5c       0xf0 /Applications/FEH_ARM/bin/../lib/gcc/arm-none-eabi/10.3.1/../../../../arm-none-eabi/lib/thumb/v7e-m/nofp/libg.a(lib_a-mprec.o)
                0x0000000000016a5c                __lshift
 .text.__mcmp   0x0000000000016b4c       0x40 /Applications/FEH_ARM/bin/../lib/gcc/arm-none-eabi/10.3.1/../../../../arm-none-eabi/lib/thumb/v7e-m/nofp/libg.a(lib_a-mprec.o)
                0x0000000000016b4c                __mcmp
 .text.__mdiff  0x0000000000016b8c      0x14c /Applications/FEH_ARM/bin/../lib/gcc/arm-none-eabi/10.3.1/../../../../arm-none-eabi/lib/thumb/v7e-m/nofp/libg.a(lib_a-mprec.o)
                0x0000000000016b8c                __mdiff
 .text.__d2b    0x0000000000016cd8       0xc4 /Applications/FEH_ARM/bin/../lib/gcc/arm-none-eabi/10.3.1/../../../../arm-none-eabi/lib/thumb/v7e-m/nofp/libg.a(lib_a-mprec.o)
                0x0000000000016cd8                __d2b
 .text.frexp    0x0000000000016d9c       0x70 /Applications/FEH_ARM/bin/../lib/gcc/arm-none-eabi/10.3.1/../../../../arm-none-eabi/lib/thumb/v7e-m/nofp/libg.a(lib_a-s_frexp.o)
                0x0000000000016d9c                frexp
 .text.__sread  0x0000000000016e0c       0x24 /Applications/FEH_ARM/bin/../lib/gcc/arm-none-eabi/10.3.1/../../../../arm-none-eabi/lib/thumb/v7e-m/nofp/libg.a(lib_a-stdio.o)
                0x0000000000016e0c                __sread
 .text.__swrite
                0x0000000000016e30       0x40 /Applications/FEH_ARM/bin/../lib/gcc/arm-none-eabi/10.3.1/../../../../arm-none-eabi/lib/thumb/v7e-m/nofp/libg.a(lib_a-stdio.o)
                0x0000000000016e30                __swrite
 .text.__sseek  0x0000000000016e70       0x20 /Applications/FEH_ARM/bin/../lib/gcc/arm-none-eabi/10.3.1/../../../../arm-none-eabi/lib/thumb/v7e-m/nofp/libg.a(lib_a-stdio.o)
                0x0000000000016e70                __sseek
 .text.__sclose
                0x0000000000016e90        0x8 /Applications/FEH_ARM/bin/../lib/gcc/arm-none-eabi/10.3.1/../../../../arm-none-eabi/lib/thumb/v7e-m/nofp/libg.a(lib_a-stdio.o)
                0x0000000000016e90                __sclose
 .text.strncpy  0x0000000000016e98       0x64 /Applications/FEH_ARM/bin/../lib/gcc/arm-none-eabi/10.3.1/../../../../arm-none-eabi/lib/thumb/v7e-m/nofp/libg.a(lib_a-strncpy.o)
                0x0000000000016e98                strncpy
 .text.__ssprint_r
                0x0000000000016efc       0xf8 /Applications/FEH_ARM/bin/../lib/gcc/arm-none-eabi/10.3.1/../../../../arm-none-eabi/lib/thumb/v7e-m/nofp/libg.a(lib_a-svfiprintf.o)
                0x0000000000016efc                __ssprint_r
 .text.__register_exitproc
                0x0000000000016ff4       0x8c /Applications/FEH_ARM/bin/../lib/gcc/arm-none-eabi/10.3.1/../../../../arm-none-eabi/lib/thumb/v7e-m/nofp/libg.a(lib_a-__atexit.o)
                0x0000000000016ff4                __register_exitproc
 .text.__assert_func
                0x0000000000017080       0x40 /Applications/FEH_ARM/bin/../lib/gcc/arm-none-eabi/10.3.1/../../../../arm-none-eabi/lib/thumb/v7e-m/nofp/libg.a(lib_a-assert.o)
                0x0000000000017080                __assert_func
 .text._calloc_r
                0x00000000000170c0       0x78 /Applications/FEH_ARM/bin/../lib/gcc/arm-none-eabi/10.3.1/../../../../arm-none-eabi/lib/thumb/v7e-m/nofp/libg.a(lib_a-callocr.o)
                0x00000000000170c0                _calloc_r
 .text._close_r
                0x0000000000017138       0x24 /Applications/FEH_ARM/bin/../lib/gcc/arm-none-eabi/10.3.1/../../../../arm-none-eabi/lib/thumb/v7e-m/nofp/libg.a(lib_a-closer.o)
                0x0000000000017138                _close_r
 .text.__errno  0x000000000001715c        0xc /Applications/FEH_ARM/bin/../lib/gcc/arm-none-eabi/10.3.1/../../../../arm-none-eabi/lib/thumb/v7e-m/nofp/libg.a(lib_a-errno.o)
                0x000000000001715c                __errno
 .text._fclose_r
                0x0000000000017168       0xcc /Applications/FEH_ARM/bin/../lib/gcc/arm-none-eabi/10.3.1/../../../../arm-none-eabi/lib/thumb/v7e-m/nofp/libg.a(lib_a-fclose.o)
                0x0000000000017168                _fclose_r
 .text.fiprintf
                0x0000000000017234       0x28 /Applications/FEH_ARM/bin/../lib/gcc/arm-none-eabi/10.3.1/../../../../arm-none-eabi/lib/thumb/v7e-m/nofp/libg.a(lib_a-fiprintf.o)
                0x0000000000017234                fiprintf
 .text._fstat_r
                0x000000000001725c       0x2c /Applications/FEH_ARM/bin/../lib/gcc/arm-none-eabi/10.3.1/../../../../arm-none-eabi/lib/thumb/v7e-m/nofp/libg.a(lib_a-fstatr.o)
                0x000000000001725c                _fstat_r
 .text._isatty_r
                0x0000000000017288       0x24 /Applications/FEH_ARM/bin/../lib/gcc/arm-none-eabi/10.3.1/../../../../arm-none-eabi/lib/thumb/v7e-m/nofp/libg.a(lib_a-isattyr.o)
                0x0000000000017288                _isatty_r
 .text.__locale_mb_cur_max
                0x00000000000172ac        0xc /Applications/FEH_ARM/bin/../lib/gcc/arm-none-eabi/10.3.1/../../../../arm-none-eabi/lib/thumb/v7e-m/nofp/libg.a(lib_a-locale.o)
                0x00000000000172ac                __locale_mb_cur_max
 .text._lseek_r
                0x00000000000172b8       0x2c /Applications/FEH_ARM/bin/../lib/gcc/arm-none-eabi/10.3.1/../../../../arm-none-eabi/lib/thumb/v7e-m/nofp/libg.a(lib_a-lseekr.o)
                0x00000000000172b8                _lseek_r
 .text.__ascii_mbtowc
                0x00000000000172e4       0x2c /Applications/FEH_ARM/bin/../lib/gcc/arm-none-eabi/10.3.1/../../../../arm-none-eabi/lib/thumb/v7e-m/nofp/libg.a(lib_a-mbtowc_r.o)
                0x00000000000172e4                __ascii_mbtowc
 .text._read_r  0x0000000000017310       0x2c /Applications/FEH_ARM/bin/../lib/gcc/arm-none-eabi/10.3.1/../../../../arm-none-eabi/lib/thumb/v7e-m/nofp/libg.a(lib_a-readr.o)
                0x0000000000017310                _read_r
 .text.__sprint_r.part.0
                0x000000000001733c       0x78 /Applications/FEH_ARM/bin/../lib/gcc/arm-none-eabi/10.3.1/../../../../arm-none-eabi/lib/thumb/v7e-m/nofp/libg.a(lib_a-vfiprintf.o)
 .text._vfiprintf_r
                0x00000000000173b4      0xda0 /Applications/FEH_ARM/bin/../lib/gcc/arm-none-eabi/10.3.1/../../../../arm-none-eabi/lib/thumb/v7e-m/nofp/libg.a(lib_a-vfiprintf.o)
                0x00000000000173b4                _vfiprintf_r
 .text.__sbprintf
                0x0000000000018154       0x80 /Applications/FEH_ARM/bin/../lib/gcc/arm-none-eabi/10.3.1/../../../../arm-none-eabi/lib/thumb/v7e-m/nofp/libg.a(lib_a-vfiprintf.o)
 .text.__ascii_wctomb
                0x00000000000181d4       0x1c /Applications/FEH_ARM/bin/../lib/gcc/arm-none-eabi/10.3.1/../../../../arm-none-eabi/lib/thumb/v7e-m/nofp/libg.a(lib_a-wctomb_r.o)
                0x00000000000181d4                __ascii_wctomb
 .text.__fputwc
                0x00000000000181f0       0xa8 /Applications/FEH_ARM/bin/../lib/gcc/arm-none-eabi/10.3.1/../../../../arm-none-eabi/lib/thumb/v7e-m/nofp/libg.a(lib_a-fputwc.o)
                0x00000000000181f0                __fputwc
 .text._fputwc_r
                0x0000000000018298       0x68 /Applications/FEH_ARM/bin/../lib/gcc/arm-none-eabi/10.3.1/../../../../arm-none-eabi/lib/thumb/v7e-m/nofp/libg.a(lib_a-fputwc.o)
                0x0000000000018298                _fputwc_r
 .text._wcrtomb_r
                0x0000000000018300       0x3c /Applications/FEH_ARM/bin/../lib/gcc/arm-none-eabi/10.3.1/../../../../arm-none-eabi/lib/thumb/v7e-m/nofp/libg.a(lib_a-wcrtomb.o)
                0x0000000000018300                _wcrtomb_r
 .text          0x000000000001833c       0x2c /Applications/FEH_ARM/bin/../lib/gcc/arm-none-eabi/10.3.1/thumb/v7e-m/nofp/libgcc.a(_arm_unorddf2.o)
                0x000000000001833c                __aeabi_dcmpun
                0x000000000001833c                __unorddf2
 .text          0x0000000000018368       0x30 /Applications/FEH_ARM/bin/../lib/gcc/arm-none-eabi/10.3.1/thumb/v7e-m/nofp/libgcc.a(_aeabi_uldivmod.o)
                0x0000000000018368                __aeabi_uldivmod
 .text          0x0000000000018398      0x2d0 /Applications/FEH_ARM/bin/../lib/gcc/arm-none-eabi/10.3.1/thumb/v7e-m/nofp/libgcc.a(_udivmoddi4.o)
                0x0000000000018398                __udivmoddi4
 .text          0x0000000000018668        0x4 /Applications/FEH_ARM/bin/../lib/gcc/arm-none-eabi/10.3.1/thumb/v7e-m/nofp/libgcc.a(_dvmd_tls.o)
                0x0000000000018668                __aeabi_ldiv0
                0x0000000000018668                __aeabi_idiv0
 .text._close   0x000000000001866c       0x10 /Applications/FEH_ARM/bin/../lib/gcc/arm-none-eabi/10.3.1/../../../../arm-none-eabi/lib/thumb/v7e-m/nofp/libnosys.a(close.o)
                0x000000000001866c                _close
 .text._fstat   0x000000000001867c       0x10 /Applications/FEH_ARM/bin/../lib/gcc/arm-none-eabi/10.3.1/../../../../arm-none-eabi/lib/thumb/v7e-m/nofp/libnosys.a(fstat.o)
                0x000000000001867c                _fstat
 .text._getpid  0x000000000001868c       0x10 /Applications/FEH_ARM/bin/../lib/gcc/arm-none-eabi/10.3.1/../../../../arm-none-eabi/lib/thumb/v7e-m/nofp/libnosys.a(getpid.o)
                0x000000000001868c                _getpid
 .text._isatty  0x000000000001869c       0x10 /Applications/FEH_ARM/bin/../lib/gcc/arm-none-eabi/10.3.1/../../../../arm-none-eabi/lib/thumb/v7e-m/nofp/libnosys.a(isatty.o)
                0x000000000001869c                _isatty
 .text._kill    0x00000000000186ac       0x10 /Applications/FEH_ARM/bin/../lib/gcc/arm-none-eabi/10.3.1/../../../../arm-none-eabi/lib/thumb/v7e-m/nofp/libnosys.a(kill.o)
                0x00000000000186ac                _kill
 .text._lseek   0x00000000000186bc       0x10 /Applications/FEH_ARM/bin/../lib/gcc/arm-none-eabi/10.3.1/../../../../arm-none-eabi/lib/thumb/v7e-m/nofp/libnosys.a(lseek.o)
                0x00000000000186bc                _lseek
 .text._read    0x00000000000186cc       0x10 /Applications/FEH_ARM/bin/../lib/gcc/arm-none-eabi/10.3.1/../../../../arm-none-eabi/lib/thumb/v7e-m/nofp/libnosys.a(read.o)
                0x00000000000186cc                _read
 .text._sbrk    0x00000000000186dc       0x1c /Applications/FEH_ARM/bin/../lib/gcc/arm-none-eabi/10.3.1/../../../../arm-none-eabi/lib/thumb/v7e-m/nofp/libnosys.a(sbrk.o)
                0x00000000000186dc                _sbrk
 .text._write   0x00000000000186f8       0x10 /Applications/FEH_ARM/bin/../lib/gcc/arm-none-eabi/10.3.1/../../../../arm-none-eabi/lib/thumb/v7e-m/nofp/libnosys.a(write.o)
                0x00000000000186f8                _write
 .text._exit    0x0000000000018708        0x4 /Applications/FEH_ARM/bin/../lib/gcc/arm-none-eabi/10.3.1/../../../../arm-none-eabi/lib/thumb/v7e-m/nofp/libnosys.a(_exit.o)
                0x0000000000018708                _exit
 *(.rodata .rodata.* .constdata .constdata.*)
 .rodata.K60_SDHC0_init
                0x000000000001870c        0xc Drivers/SDHC.o
                0x000000000001870c                K60_SDHC0_init
 .rodata._ZL21ESDHC_COMMAND_XFERTYP
                0x0000000000018718      0x100 Drivers/SDHC.o
 .rodata._ZL10ADCNumbers
                0x0000000000018818       0x21 Libraries/FEHIO.o
 *fill*         0x0000000000018839        0x3 
 .rodata._ZL16AnalogPinNumbers
                0x000000000001883c       0x84 Libraries/FEHIO.o
 .rodata        0x00000000000188c0       0x78 Libraries/FEHIO.o
 .rodata        0x0000000000018938       0x32 Libraries/FEHLCD.o
 *fill*         0x000000000001896a        0x2 
 .rodata._global_impure_ptr
                0x000000000001896c        0x4 /Applications/FEH_ARM/bin/../lib/gcc/arm-none-eabi/10.3.1/../../../../arm-none-eabi/lib/thumb/v7e-m/nofp/libg.a(lib_a-impure.o)
                0x000000000001896c                _global_impure_ptr
 .rodata._svfprintf_r.str1.4
                0x0000000000018970       0x42 /Applications/FEH_ARM/bin/../lib/gcc/arm-none-eabi/10.3.1/../../../../arm-none-eabi/lib/thumb/v7e-m/nofp/libg.a(lib_a-svfprintf.o)
 *fill*         0x00000000000189b2        0x2 
 .rodata.blanks.1
                0x00000000000189b4       0x10 /Applications/FEH_ARM/bin/../lib/gcc/arm-none-eabi/10.3.1/../../../../arm-none-eabi/lib/thumb/v7e-m/nofp/libg.a(lib_a-svfprintf.o)
 .rodata.zeroes.0
                0x00000000000189c4       0x10 /Applications/FEH_ARM/bin/../lib/gcc/arm-none-eabi/10.3.1/../../../../arm-none-eabi/lib/thumb/v7e-m/nofp/libg.a(lib_a-svfprintf.o)
 .rodata._dtoa_r.str1.4
                0x00000000000189d4       0x7e /Applications/FEH_ARM/bin/../lib/gcc/arm-none-eabi/10.3.1/../../../../arm-none-eabi/lib/thumb/v7e-m/nofp/libg.a(lib_a-dtoa.o)
                                         0x82 (size before relaxing)
 *fill*         0x0000000000018a52        0x2 
 .rodata.__multadd.str1.4
                0x0000000000018a54       0x5b /Applications/FEH_ARM/bin/../lib/gcc/arm-none-eabi/10.3.1/../../../../arm-none-eabi/lib/thumb/v7e-m/nofp/libg.a(lib_a-mprec.o)
                                         0x6f (size before relaxing)
 *fill*         0x0000000000018aaf        0x1 
 .rodata.__mprec_bigtens
                0x0000000000018ab0       0x28 /Applications/FEH_ARM/bin/../lib/gcc/arm-none-eabi/10.3.1/../../../../arm-none-eabi/lib/thumb/v7e-m/nofp/libg.a(lib_a-mprec.o)
                0x0000000000018ab0                __mprec_bigtens
 .rodata.__mprec_tens
                0x0000000000018ad8       0xc8 /Applications/FEH_ARM/bin/../lib/gcc/arm-none-eabi/10.3.1/../../../../arm-none-eabi/lib/thumb/v7e-m/nofp/libg.a(lib_a-mprec.o)
                0x0000000000018ad8                __mprec_tens
 .rodata.p05.0  0x0000000000018ba0        0xc /Applications/FEH_ARM/bin/../lib/gcc/arm-none-eabi/10.3.1/../../../../arm-none-eabi/lib/thumb/v7e-m/nofp/libg.a(lib_a-mprec.o)
 .rodata.__assert_func.str1.4
                0x0000000000018bac       0x3f /Applications/FEH_ARM/bin/../lib/gcc/arm-none-eabi/10.3.1/../../../../arm-none-eabi/lib/thumb/v7e-m/nofp/libg.a(lib_a-assert.o)
                                         0x43 (size before relaxing)
 *fill*         0x0000000000018beb        0x1 
 .rodata._ctype_
                0x0000000000018bec      0x101 /Applications/FEH_ARM/bin/../lib/gcc/arm-none-eabi/10.3.1/../../../../arm-none-eabi/lib/thumb/v7e-m/nofp/libg.a(lib_a-ctype_.o)
                0x0000000000018bec                _ctype_
 *fill*         0x0000000000018ced        0x3 
 .rodata._setlocale_r.str1.4
                0x0000000000018cf0        0xa /Applications/FEH_ARM/bin/../lib/gcc/arm-none-eabi/10.3.1/../../../../arm-none-eabi/lib/thumb/v7e-m/nofp/libg.a(lib_a-locale.o)
                                          0xd (size before relaxing)
 *fill*         0x0000000000018cfa        0x2 
 .rodata.str1.4
                0x0000000000018cfc        0x2 /Applications/FEH_ARM/bin/../lib/gcc/arm-none-eabi/10.3.1/../../../../arm-none-eabi/lib/thumb/v7e-m/nofp/libg.a(lib_a-locale.o)
 .rodata._vfiprintf_r.str1.4
                0x0000000000018cfe       0x2f /Applications/FEH_ARM/bin/../lib/gcc/arm-none-eabi/10.3.1/../../../../arm-none-eabi/lib/thumb/v7e-m/nofp/libg.a(lib_a-vfiprintf.o)
 *fill*         0x0000000000018cfe        0x2 
 .rodata.blanks.1
                0x0000000000018d00       0x10 /Applications/FEH_ARM/bin/../lib/gcc/arm-none-eabi/10.3.1/../../../../arm-none-eabi/lib/thumb/v7e-m/nofp/libg.a(lib_a-vfiprintf.o)
 .rodata.zeroes.0
                0x0000000000018d10       0x10 /Applications/FEH_ARM/bin/../lib/gcc/arm-none-eabi/10.3.1/../../../../arm-none-eabi/lib/thumb/v7e-m/nofp/libg.a(lib_a-vfiprintf.o)
                0x0000000000018d20                . = ALIGN (0x4)
                0x0000000000018d20                . = ALIGN (0x4)
 *(.init)
 .init          0x0000000000018d20        0x4 /Applications/FEH_ARM/bin/../lib/gcc/arm-none-eabi/10.3.1/thumb/v7e-m/nofp/crti.o
                0x0000000000018d20                _init
 .init          0x0000000000018d24        0x8 /Applications/FEH_ARM/bin/../lib/gcc/arm-none-eabi/10.3.1/thumb/v7e-m/nofp/crtn.o
                0x0000000000018d2c                . = ALIGN (0x4)
                0x0000000000018d2c                __preinit_array_start = .
 *(.preinit_array)
                0x0000000000018d2c                __preinit_array_end = .
                0x0000000000018d2c                . = ALIGN (0x4)
                0x0000000000018d2c                __init_array_start = .
 *(SORT_BY_NAME(.init_array.*))
 .init_array.00000
                0x0000000000018d2c        0x4 /Applications/FEH_ARM/bin/../lib/gcc/arm-none-eabi/10.3.1/../../../../arm-none-eabi/lib/thumb/v7e-m/nofp/libg.a(lib_a-__call_atexit.o)
 *(.init_array)
 .init_array    0x0000000000018d30        0x4 /Applications/FEH_ARM/bin/../lib/gcc/arm-none-eabi/10.3.1/thumb/v7e-m/nofp/crtbegin.o
 .init_array    0x0000000000018d34        0x4 ../main.o
 .init_array    0x0000000000018d38        0x4 FEHProteus.o
 .init_array    0x0000000000018d3c        0x4 Libraries/FEHBuzzer.o
 .init_array    0x0000000000018d40        0x4 Libraries/FEHLCD.o
 .init_array    0x0000000000018d44        0x4 Libraries/FEHAccel.o
 .init_array    0x0000000000018d48        0x4 Libraries/FEHBattery.o
 .init_array    0x0000000000018d4c        0x4 Libraries/FEHRCS.o
 .init_array    0x0000000000018d50        0x4 Libraries/FEHSD.o
 .init_array    0x0000000000018d54        0x4 /Applications/FEH_ARM/bin/../lib/gcc/arm-none-eabi/10.3.1/../../../../arm-none-eabi/lib/thumb/v7e-m/nofp/libstdc++.a(eh_alloc.o)
                0x0000000000018d58                __init_array_end = .
 *(.fini)
 .fini          0x0000000000018d58        0x4 /Applications/FEH_ARM/bin/../lib/gcc/arm-none-eabi/10.3.1/thumb/v7e-m/nofp/crti.o
                0x0000000000018d58                _fini
 .fini          0x0000000000018d5c        0x8 /Applications/FEH_ARM/bin/../lib/gcc/arm-none-eabi/10.3.1/thumb/v7e-m/nofp/crtn.o
                0x0000000000018d64                . = ALIGN (0x4)
 *crtbegin.o(.ctors)
 *(EXCLUDE_FILE(*crtend.o) .ctors)
 *(SORT_BY_NAME(.ctors.*))
 *crtend.o(.ctors)
                0x0000000000018d64                . = ALIGN (0x4)
 *crtbegin.o(.dtors)
 *(EXCLUDE_FILE(*crtend.o) .dtors)
 *(SORT_BY_NAME(.dtors.*))
 *crtend.o(.dtors)
                0x0000000000018d64                . = ALIGN (0x4)

.ARM.extab
 *(.ARM.extab* .gnu.linkonce.armextab.*)
                0x0000000000018d64                __exidx_start = .

.ARM.exidx      0x0000000000018d64        0x8
 *(.ARM.exidx* .gnu.linkonce.armexidx.*)
 .ARM.exidx.text.startup._GLOBAL__sub_I__ZN9__gnu_cxx9__freeresEv
                0x0000000000018d64        0x8 /Applications/FEH_ARM/bin/../lib/gcc/arm-none-eabi/10.3.1/../../../../arm-none-eabi/lib/thumb/v7e-m/nofp/libstdc++.a(eh_alloc.o)
 .ARM.exidx     0x0000000000018d6c        0x0 /Applications/FEH_ARM/bin/../lib/gcc/arm-none-eabi/10.3.1/thumb/v7e-m/nofp/libgcc.a(_udivmoddi4.o)
                                          0x8 (size before relaxing)
                0x0000000000018d6c                __exidx_end = .
                0x0000000000018d6c                _etext = .

.rel.dyn        0x0000000000018d6c        0x0
 .rel.iplt      0x0000000000018d6c        0x0 /Applications/FEH_ARM/bin/../lib/gcc/arm-none-eabi/10.3.1/thumb/v7e-m/nofp/crtbegin.o

.m_usb_data
 *(m_usb_bdt)

.data_RAM2      0x000000001fff0000        0x0 load address 0x0000000000018d6c
 FILL mask 0xff
                [!provide]                        PROVIDE (__start_data_RAM2 = .)
 *(.ramfunc.$RAM2)
 *(.ramfunc.$SRAM_LOWER)
 *(.EXTRA_RAM)
 *(.data.$RAM2)
 *(.data.$SRAM_LOWER)
 *(.data.$RAM2.*)
 *(.data.$SRAM_LOWER.*)
                0x000000001fff0000                . = ALIGN (0x4)
                [!provide]                        PROVIDE (__end_data_RAM2 = .)

.uninit_RESERVED
                0x0000000020000000        0x0
                0x0000000020000000                . = ALIGN (0x4)
 *(.bss.$RESERVED*)
                0x0000000020000000                . = ALIGN (0x4)
                0x0000000020000000                _end_uninit_RESERVED = .

.data           0x0000000020000000     0x16c8 load address 0x0000000000018d6c
 FILL mask 0xff
                0x0000000020000000                _data = .
 *(vtable)
 *(.ramfunc*)
 *(CodeQuickAccess)
 *(DataQuickAccess)
 *(RamFunction)
 *(.data*)
 .data._ZL4Stat
                0x0000000020000000        0x1 Drivers/SDHC.o
 *fill*         0x0000000020000001        0x3 ff
 .data.image    0x0000000020000004      0x74e Libraries/FEHLCD.o
                0x0000000020000004                image
 *fill*         0x0000000020000752        0x2 ff
 .data.logo     0x0000000020000754      0x3e6 Libraries/FEHLCD.o
                0x0000000020000754                logo
 *fill*         0x0000000020000b3a        0x2 ff
 .data._ZN6FEHLCD8fontDataE
                0x0000000020000b3c      0x1e0 Libraries/FEHLCD.o
                0x0000000020000b3c                FEHLCD::fontData
 .data._impure_ptr
                0x0000000020000d1c        0x4 /Applications/FEH_ARM/bin/../lib/gcc/arm-none-eabi/10.3.1/../../../../arm-none-eabi/lib/thumb/v7e-m/nofp/libg.a(lib_a-impure.o)
                0x0000000020000d1c                _impure_ptr
 .data.impure_data
                0x0000000020000d20      0x428 /Applications/FEH_ARM/bin/../lib/gcc/arm-none-eabi/10.3.1/../../../../arm-none-eabi/lib/thumb/v7e-m/nofp/libg.a(lib_a-impure.o)
 .data.__malloc_av_
                0x0000000020001148      0x408 /Applications/FEH_ARM/bin/../lib/gcc/arm-none-eabi/10.3.1/../../../../arm-none-eabi/lib/thumb/v7e-m/nofp/libg.a(lib_a-mallocr.o)
                0x0000000020001148                __malloc_av_
 .data.__malloc_sbrk_base
                0x0000000020001550        0x4 /Applications/FEH_ARM/bin/../lib/gcc/arm-none-eabi/10.3.1/../../../../arm-none-eabi/lib/thumb/v7e-m/nofp/libg.a(lib_a-mallocr.o)
                0x0000000020001550                __malloc_sbrk_base
 .data.__malloc_trim_threshold
                0x0000000020001554        0x4 /Applications/FEH_ARM/bin/../lib/gcc/arm-none-eabi/10.3.1/../../../../arm-none-eabi/lib/thumb/v7e-m/nofp/libg.a(lib_a-mallocr.o)
                0x0000000020001554                __malloc_trim_threshold
 .data.__atexit_recursive_mutex
                0x0000000020001558        0x4 /Applications/FEH_ARM/bin/../lib/gcc/arm-none-eabi/10.3.1/../../../../arm-none-eabi/lib/thumb/v7e-m/nofp/libg.a(lib_a-__call_atexit.o)
                0x0000000020001558                __atexit_recursive_mutex
 .data.__global_locale
                0x000000002000155c      0x16c /Applications/FEH_ARM/bin/../lib/gcc/arm-none-eabi/10.3.1/../../../../arm-none-eabi/lib/thumb/v7e-m/nofp/libg.a(lib_a-locale.o)
                0x000000002000155c                __global_locale
                0x00000000200016c8                . = ALIGN (0x4)
                0x00000000200016c8                _edata = .

.igot.plt       0x00000000200016c8        0x0 load address 0x000000000001a434
 .igot.plt      0x00000000200016c8        0x0 /Applications/FEH_ARM/bin/../lib/gcc/arm-none-eabi/10.3.1/thumb/v7e-m/nofp/crtbegin.o

.bss_RAM2       0x000000001fff0000        0x0
                0x000000001fff0000                . = ALIGN (0x4)
                [!provide]                        PROVIDE (__start_bss_RAM2 = .)
 *(.bss.$RAM2)
 *(.bss.$SRAM_LOWER)
 *(.bss.$RAM2.*)
 *(.bss.$SRAM_LOWER.*)
                0x000000001fff0000                . = ALIGN ((. != 0x0)?0x4:0x1)
                [!provide]                        PROVIDE (__end_bss_RAM2 = .)

.bss            0x00000000200016c8      0x464
                0x00000000200016c8                . = ALIGN (0x4)
                0x00000000200016c8                _bss = .
 *(.bss*)
 .bss           0x00000000200016c8       0x1c /Applications/FEH_ARM/bin/../lib/gcc/arm-none-eabi/10.3.1/thumb/v7e-m/nofp/crtbegin.o
 .bss.right_motor
                0x00000000200016e4        0x8 ../main.o
                0x00000000200016e4                right_motor
 .bss.left_motor
                0x00000000200016ec        0x8 ../main.o
                0x00000000200016ec                left_motor
 .bss.CdSCell   0x00000000200016f4        0x1 ../main.o
                0x00000000200016f4                CdSCell
 .bss.MasterTransmission
                0x00000000200016f5        0x1 Drivers/i2c.o
                0x00000000200016f5                MasterTransmission
 .bss.SlaveID   0x00000000200016f6        0x1 Drivers/i2c.o
                0x00000000200016f6                SlaveID
 .bss.timeout   0x00000000200016f7        0x1 Drivers/i2c.o
                0x00000000200016f7                timeout
 .bss.SDHC_Card
                0x00000000200016f8       0x14 Drivers/SDHC.o
                0x00000000200016f8                SDHC_Card
 .bss.SDHC_Info
                0x000000002000170c      0x204 Drivers/SDHC.o
                0x000000002000170c                SDHC_Info
 .bss.SDHC_Device
                0x0000000020001910        0x8 Drivers/SDHC.o
                0x0000000020001910                SDHC_Device
 .bss.Propeller
                0x0000000020001918        0x1 FEHProteus.o
                0x0000000020001918                Propeller
 *fill*         0x0000000020001919        0x3 
 .bss.CoreClockKHz
                0x000000002000191c        0x4 FEHProteus.o
                0x000000002000191c                CoreClockKHz
 .bss.CoreClockMHz
                0x0000000020001920        0x4 FEHProteus.o
                0x0000000020001920                CoreClockMHz
 .bss.PeripheralClockKHz
                0x0000000020001924        0x4 FEHProteus.o
                0x0000000020001924                PeripheralClockKHz
 .bss._ZN14AnalogInputPin17Master_Adc_ConfigE
                0x0000000020001928       0x10 Libraries/FEHIO.o
                0x0000000020001928                AnalogInputPin::Master_Adc_Config
 .bss._ZN14AnalogInputPin18Encoder_Adc_ConfigE
                0x0000000020001938       0x10 Libraries/FEHIO.o
                0x0000000020001938                AnalogInputPin::Encoder_Adc_Config
 .bss.interrupt_counts
                0x0000000020001948       0x80 Libraries/FEHIO.o
                0x0000000020001948                interrupt_counts
 .bss._ZN13AnalogEncoder7pinListE
                0x00000000200019c8        0x4 Libraries/FEHIO.o
                0x00000000200019c8                AnalogEncoder::pinList
 .bss.__interrupt_counter
                0x00000000200019cc        0x4 Libraries/FEHIO.o
                0x00000000200019cc                __interrupt_counter
 .bss.Buzzer    0x00000000200019d0        0x1 Libraries/FEHBuzzer.o
                0x00000000200019d0                Buzzer
 *fill*         0x00000000200019d1        0x3 
 .bss.LCD       0x00000000200019d4       0x44 Libraries/FEHLCD.o
                0x00000000200019d4                LCD
 .bss.initialized
                0x0000000020001a18        0x1 Libraries/FEHLCD.o
                0x0000000020001a18                initialized
 *fill*         0x0000000020001a19        0x3 