Archive member included to satisfy reference by file (symbol)

/Applications/FEH_ARM/bin/../lib/gcc/arm-none-eabi/10.3.1/../../../../arm-none-eabi/lib/thumb/v7e-m/nofp/libstdc++.a(del_ops.o)
                              Libraries/FEHIO.o (operator delete(void*, unsigned int))
/Applications/FEH_ARM/bin/../lib/gcc/arm-none-eabi/10.3.1/../../../../arm-none-eabi/lib/thumb/v7e-m/nofp/libstdc++.a(new_op.o)
                              Libraries/FEHIO.o (operator new(unsigned int))
/Applications/FEH_ARM/bin/../lib/gcc/arm-none-eabi/10.3.1/../../../../arm-none-eabi/lib/thumb/v7e-m/nofp/libstdc++.a(bad_alloc.o)
                              /Applications/FEH_ARM/bin/../lib/gcc/arm-none-eabi/10.3.1/../../../../arm-none-eabi/lib/thumb/v7e-m/nofp/libstdc++.a(new_op.o) (std::bad_alloc::~bad_alloc())
/Applications/FEH_ARM/bin/../lib/gcc/arm-none-eabi/10.3.1/../../../../arm-none-eabi/lib/thumb/v7e-m/nofp/libstdc++.a(del_op.o)
                              /Applications/FEH_ARM/bin/../lib/gcc/arm-none-eabi/10.3.1/../../../../arm-none-eabi/lib/thumb/v7e-m/nofp/libstdc++.a(del_ops.o) (operator delete(void*))
/Applications/FEH_ARM/bin/../lib/gcc/arm-none-eabi/10.3.1/../../../../arm-none-eabi/lib/thumb/v7e-m/nofp/libstdc++.a(eh_alloc.o)
                              /Applications/FEH_ARM/bin/../lib/gcc/arm-none-eabi/10.3.1/../../../../arm-none-eabi/lib/thumb/v7e-m/nofp/libstdc++.a(new_op.o) (__cxa_allocate_exception)
/Applications/FEH_ARM/bin/../lib/gcc/arm-none-eabi/10.3.1/../../../../arm-none-eabi/lib/thumb/v7e-m/nofp/libstdc++.a(eh_exception.o)
                              /Applications/FEH_ARM/bin/../lib/gcc/arm-none-eabi/10.3.1/../../../../arm-none-eabi/lib/thumb/v7e-m/nofp/libstdc++.a(bad_alloc.o) (std::exception::~exception())
/Applications/FEH_ARM/bin/../lib/gcc/arm-none-eabi/10.3.1/../../../../arm-none-eabi/lib/thumb/v7e-m/nofp/libstdc++.a(eh_terminate.o)
                              /Applications/FEH_ARM/bin/../lib/gcc/arm-none-eabi/10.3.1/../../../../arm-none-eabi/lib/thumb/v7e-m/nofp/libstdc++.a(eh_alloc.o) (std::terminate())
/Applications/FEH_ARM/bin/../lib/gcc/arm-none-eabi/10.3.1/../../../../arm-none-eabi/lib/thumb/v7e-m/nofp/libstdc++.a(eh_throw.o)
                              /Applications/FEH_ARM/bin/../lib/gcc/arm-none-eabi/10.3.1/../../../../arm-none-eabi/lib/thumb/v7e-m/nofp/libstdc++.a(new_op.o) (__cxa_throw)
/Applications/FEH_ARM/bin/../lib/gcc/arm-none-eabi/10.3.1/../../../../arm-none-eabi/lib/thumb/v7e-m/nofp/libstdc++.a(eh_unex_handler.o)
                              /Applications/FEH_ARM/bin/../lib/gcc/arm-none-eabi/10.3.1/../../../../arm-none-eabi/lib/thumb/v7e-m/nofp/libstdc++.a(eh_terminate.o) (__cxxabiv1::__unexpected_handler)
/Applications/FEH_ARM/bin/../lib/gcc/arm-none-eabi/10.3.1/../../../../arm-none-eabi/lib/thumb/v7e-m/nofp/libstdc++.a(new_handler.o)
                              /Applications/FEH_ARM/bin/../lib/gcc/arm-none-eabi/10.3.1/../../../../arm-none-eabi/lib/thumb/v7e-m/nofp/libstdc++.a(new_op.o) (std::get_new_handler())
/Applications/FEH_ARM/bin/../lib/gcc/arm-none-eabi/10.3.1/../../../../arm-none-eabi/lib/thumb/v7e-m/nofp/libstdc++.a(pure.o)
                              /Applications/FEH_ARM/bin/../lib/gcc/arm-none-eabi/10.3.1/../../../../arm-none-eabi/lib/thumb/v7e-m/nofp/libstdc++.a(eh_exception.o) (__cxa_pure_virtual)
/Applications/FEH_ARM/bin/../lib/gcc/arm-none-eabi/10.3.1/../../../../arm-none-eabi/lib/thumb/v7e-m/nofp/libstdc++.a(si_class_type_info.o)
                              /Applications/FEH_ARM/bin/../lib/gcc/arm-none-eabi/10.3.1/../../../../arm-none-eabi/lib/thumb/v7e-m/nofp/libstdc++.a(bad_alloc.o) (vtable for __cxxabiv1::__si_class_type_info)
/Applications/FEH_ARM/bin/../lib/gcc/arm-none-eabi/10.3.1/../../../../arm-none-eabi/lib/thumb/v7e-m/nofp/libstdc++.a(tinfo.o)
                              /Applications/FEH_ARM/bin/../lib/gcc/arm-none-eabi/10.3.1/../../../../arm-none-eabi/lib/thumb/v7e-m/nofp/libstdc++.a(si_class_type_info.o) (std::type_info::__is_pointer_p() const)
/Applications/FEH_ARM/bin/../lib/gcc/arm-none-eabi/10.3.1/../../../../arm-none-eabi/lib/thumb/v7e-m/nofp/libstdc++.a(vterminate.o)
                              /Applications/FEH_ARM/bin/../lib/gcc/arm-none-eabi/10.3.1/../../../../arm-none-eabi/lib/thumb/v7e-m/nofp/libstdc++.a(eh_terminate.o) (__gnu_cxx::__verbose_terminate_handler())
/Applications/FEH_ARM/bin/../lib/gcc/arm-none-eabi/10.3.1/../../../../arm-none-eabi/lib/thumb/v7e-m/nofp/libstdc++.a(class_type_info.o)
                              /Applications/FEH_ARM/bin/../lib/gcc/arm-none-eabi/10.3.1/../../../../arm-none-eabi/lib/thumb/v7e-m/nofp/libstdc++.a(si_class_type_info.o) (__cxxabiv1::__class_type_info::__do_upcast(__cxxabiv1::__class_type_info const*, void**) const)
/Applications/FEH_ARM/bin/../lib/gcc/arm-none-eabi/10.3.1/../../../../arm-none-eabi/lib/thumb/v7e-m/nofp/libstdc++.a(cp-demangle.o)
[...]
Memory Configuration

Name             Origin             Length             Attributes
PROGRAM_FLASH    0x000000000000c000 0x0000000000073c00 xr
SRAM_UPPER       0x0000000020000000 0x0000000000010000 xrw
SRAM_LOWER       0x000000001fff0000 0x0000000000010000 xrw
*default*        0x0000000000000000 0xffffffffffffffff

Linker script and memory map

LOAD /Applications/FEH_ARM/bin/../lib/gcc/arm-none-eabi/10.3.1/thumb/v7e-m/nofp/crti.o
LOAD /Applications/FEH_ARM/bin/../lib/gcc/arm-none-eabi/10.3.1/thumb/v7e-m/nofp/crtbegin.o
LOAD /Applications/FEH_ARM/bin/../lib/gcc/arm-none-eabi/10.3.1/../../../../arm-none-eabi/lib/thumb/v7e-m/nofp/crt0.o
LOAD ../main.o
LOAD Startup/startup_mk60d10.o
LOAD Libraries/FEHMotor.o
LOAD Drivers/mcg.o
LOAD Drivers/i2c.o
LOAD Drivers/spi.o
LOAD Drivers/uart.o
LOAD Drivers/ff.o
LOAD Drivers/SDHC.o
LOAD Drivers/lptmr.o
LOAD FEHProteus.o
LOAD Drivers/FEHPropeller.o
LOAD Libraries/FEHUtility.o
LOAD Libraries/FEHIO.o
LOAD Drivers/adc16.o
LOAD Libraries/FEHBuzzer.o
LOAD Libraries/FEHServo.o
LOAD Libraries/FEHLCD.o
LOAD Libraries/FEHAccel.o
LOAD Libraries/FEHBattery.o
LOAD Drivers/FEHXBee.o
LOAD Libraries/FEHRCS.o
LOAD Libraries/FEHSD.o
LOAD Libraries/FEHRandom.o
LOAD /Applications/FEH_ARM/bin/../lib/gcc/arm-none-eabi/10.3.1/../../../../arm-none-eabi/lib/thumb/v7e-m/nofp/libstdc++.a
LOAD /Applications/FEH_ARM/bin/../lib/gcc/arm-none-eabi/10.3.1/../../../../arm-none-eabi/lib/thumb/v7e-m/nofp/libm.a
START GROUP
LOAD /Applications/FEH_ARM/bin/../lib/gcc/arm-none-eabi/10.3.1/thumb/v7e-m/nofp/libgcc.a
LOAD /Applications/FEH_ARM/bin/../lib/gcc/arm-none-eabi/10.3.1/../../../../arm-none-eabi/lib/thumb/v7e-m/nofp/libg.a
LOAD /Applications/FEH_ARM/bin/../lib/gcc/arm-none-eabi/10.3.1/../../../../arm-none-eabi/lib/thumb/v7e-m/nofp/libc.a
END GROUP
START GROUP
LOAD /Applications/FEH_ARM/bin/../lib/gcc/arm-none-eabi/10.3.1/thumb/v7e-m/nofp/libgcc.a
LOAD /Applications/FEH_ARM/bin/../lib/gcc/arm-none-eabi/10.3.1/../../../../arm-none-eabi/lib/thumb/v7e-m/nofp/libc.a
LOAD /Applications/FEH_ARM/bin/../lib/gcc/arm-none-eabi/10.3.1/../../../../arm-none-eabi/lib/thumb/v7e-m/nofp/libnosys.a
END GROUP
LOAD /Applications/FEH_ARM/bin/../lib/gcc/arm-none-eabi/10.3.1/thumb/v7e-m/nofp/crtend.o
LOAD /Applications/FEH_ARM/bin/../lib/gcc/arm-none-eabi/10.3.1/thumb/v7e-m/nofp/crtn.o
                0x000000000000c000                __base_PROGRAM_FLASH = 0xc000
                0x000000000000c000                __base_Flash = 0xc000
                0x000000000007fc00                __top_PROGRAM_FLASH = 0x7fc00
                0x000000000007fc00                __top_Flash = 0x7fc00
                0x0000000020000000                __base_SRAM_UPPER = 0x20000000
                0x0000000020000000                __base_RAM = 0x20000000
                0x0000000020010000                __top_SRAM_UPPER = 0x20010000
                0x0000000020010000                __top_RAM = 0x20010000
                0x000000001fff0000                __base_SRAM_LOWER = 0x1fff0000
                0x000000001fff0000                __base_RAM2 = 0x1fff0000
                0x0000000020000000                __top_SRAM_LOWER = 0x20000000
                0x0000000020000000                __top_RAM2 = 0x20000000

.text           0x000000000000c000      0x410
 FILL mask 0xff
                0x000000000000c000                __vectors_start__ = ABSOLUTE (.)
 *(.isr_vector)
 .isr_vector    0x000000000000c000      0x1bc Startup/startup_mk60d10.o
                0x000000000000c000                __Vectors
                0x000000000000c000                g_pfnVectors
                0x000000000000c1bc                . = ALIGN (0x4)
                0x000000000000c1bc                __section_table_start = .
                0x000000000000c1bc                __data_section_table = .
                0x000000000000c1bc        0x4 LONG 0x1f788 LOADADDR (.data)
                0x000000000000c1c0        0x4 LONG 0x20000000 ADDR (.data)
                0x000000000000c1c4        0x4 LONG 0x16c8 SIZEOF (.data)
                0x000000000000c1c8        0x4 LONG 0x1f788 LOADADDR (.data_RAM2)
                0x000000000000c1cc        0x4 LONG 0x1fff0000 ADDR (.data_RAM2)
                0x000000000000c1d0        0x4 LONG 0x0 SIZEOF (.data_RAM2)
                0x000000000000c1d4                __data_section_table_end = .
                0x000000000000c1d4                __bss_section_table = .
                0x000000000000c1d4        0x4 LONG 0x200016c8 ADDR (.bss)
                0x000000000000c1d8        0x4 LONG 0x454 SIZEOF (.bss)
                0x000000000000c1dc        0x4 LONG 0x1fff0000 ADDR (.bss_RAM2)
                0x000000000000c1e0        0x4 LONG 0x0 SIZEOF (.bss_RAM2)
                0x000000000000c1e4                __bss_section_table_end = .
                0x000000000000c1e4                __section_table_end = .
 *(.after_vectors*)
 .after_vectors.init_data
                0x000000000000c1e4       0x42 Startup/startup_mk60d10.o
                0x000000000000c1e4                data_init(unsigned int, unsigned int, unsigned int)
 .after_vectors.init_bss
                0x000000000000c226       0x36 Startup/startup_mk60d10.o
                0x000000000000c226                bss_init(unsigned int, unsigned int)
 .after_vectors.reset
                0x000000000000c25c       0xb4 Startup/startup_mk60d10.o
                0x000000000000c25c                ResetISR
 .after_vectors
                0x000000000000c310       0x3c Startup/startup_mk60d10.o
                0x000000000000c310                NMI_Handler
                0x000000000000c316                HardFault_Handler
                0x000000000000c31c                MemManage_Handler
                0x000000000000c322                BusFault_Handler
                0x000000000000c328                UsageFault_Handler
                0x000000000000c32e                SVC_Handler
                0x000000000000c334                DebugMon_Handler
                0x000000000000c33a                PendSV_Handler
                0x000000000000c340                SysTick_Handler
                0x000000000000c346                PIT2_DriverIRQHandler
                0x000000000000c346                SDHC_DriverIRQHandler
                0x000000000000c346                I2S0_Tx_DriverIRQHandler
                0x000000000000c346                TSI0_DriverIRQHandler
                0x000000000000c346                RTC_Seconds_DriverIRQHandler
                0x000000000000c346                Reserved109_DriverIRQHandler
                0x000000000000c346                DMA6_DriverIRQHandler
                0x000000000000c346                LLWU_DriverIRQHandler
                0x000000000000c346                MCM_DriverIRQHandler
                0x000000000000c346                MCG_DriverIRQHandler
                0x000000000000c346                ENET_1588_Timer_DriverIRQHandler
                0x000000000000c346                DAC1_DriverIRQHandler
                0x000000000000c346                CMP1_DriverIRQHandler
                0x000000000000c346                UART5_RX_TX_DriverIRQHandler
                0x000000000000c346                FTM0_DriverIRQHandler
                0x000000000000c346                IntDefaultHandler
                0x000000000000c346                USB0_DriverIRQHandler
                0x000000000000c346                UART5_ERR_DriverIRQHandler
                0x000000000000c346                DMA11_DriverIRQHandler
                0x000000000000c346                DAC0_DriverIRQHandler
                0x000000000000c346                DMA10_DriverIRQHandler
                0x000000000000c346                CMP2_DriverIRQHandler
                0x000000000000c346                UART2_ERR_DriverIRQHandler
                0x000000000000c346                SPI2_DriverIRQHandler
                0x000000000000c346                LVD_LVW_DriverIRQHandler
                0x000000000000c346                RNG_DriverIRQHandler
                0x000000000000c346                DMA5_DriverIRQHandler
                0x000000000000c346                DMA4_DriverIRQHandler
                0x000000000000c346                UART2_RX_TX_DriverIRQHandler
                0x000000000000c346                USBDCD_DriverIRQHandler
                0x000000000000c346                UART3_ERR_DriverIRQHandler
                0x000000000000c346                DMA3_DriverIRQHandler
                0x000000000000c346                DMA8_DriverIRQHandler
                0x000000000000c346                DMA9_DriverIRQHandler
                0x000000000000c346                UART0_ERR_DriverIRQHandler
                0x000000000000c346                CMT_DriverIRQHandler
                0x000000000000c346                ADC1_DriverIRQHandler
                0x000000000000c346                DMA14_DriverIRQHandler
                0x000000000000c346                PIT3_DriverIRQHandler
                0x000000000000c346                PIT1_DriverIRQHandler
                0x000000000000c346                WDOG_EWM_DriverIRQHandler
                0x000000000000c346                PDB0_DriverIRQHandler
                0x000000000000c346                Reserved95_DriverIRQHandler
                0x000000000000c346                RTC_DriverIRQHandler
                0x000000000000c346                I2S0_Rx_DriverIRQHandler
                0x000000000000c346                Read_Collision_DriverIRQHandler
                0x000000000000c346                SWI_DriverIRQHandler
                0x000000000000c346                UART4_RX_TX_DriverIRQHandler
                0x000000000000c346                UART4_ERR_DriverIRQHandler
                0x000000000000c346                UART0_LON_DriverIRQHandler
                0x000000000000c346                DMA1_DriverIRQHandler
                0x000000000000c346                I2C1_DriverIRQHandler
                0x000000000000c346                UART3_RX_TX_DriverIRQHandler
                0x000000000000c346                ENET_Receive_DriverIRQHandler
                0x000000000000c346                DMA13_DriverIRQHandler
                0x000000000000c346                ENET_Error_DriverIRQHandler
                0x000000000000c346                DMA15_DriverIRQHandler
                0x000000000000c346                SPI0_DriverIRQHandler
                0x000000000000c346                ADC0_DriverIRQHandler
                0x000000000000c346                FTFL_DriverIRQHandler
                0x000000000000c346                CMP0_DriverIRQHandler
                0x000000000000c346                CAN0_DriverIRQHandler
                0x000000000000c346                Reserved59_DriverIRQHandler
                0x000000000000c346                UART1_ERR_DriverIRQHandler
                0x000000000000c346                DMA2_DriverIRQHandler
                0x000000000000c346                ENET_Transmit_DriverIRQHandler
                0x000000000000c346                I2C0_DriverIRQHandler
                0x000000000000c346                CAN1_DriverIRQHandler
                0x000000000000c346                DMA7_DriverIRQHandler
                0x000000000000c346                UART1_RX_TX_DriverIRQHandler
                0x000000000000c346                Reserved108_DriverIRQHandler
                0x000000000000c346                Reserved102_DriverIRQHandler
                0x000000000000c346                DMA0_DriverIRQHandler
                0x000000000000c346                DMA12_DriverIRQHandler
                0x000000000000c346                SPI1_DriverIRQHandler
                0x000000000000c346                LPTMR0_DriverIRQHandler
                0x000000000000c346                DMA_Error_DriverIRQHandler
                0x000000000000c346                FTM1_DriverIRQHandler
                0x000000000000c346                FTM2_DriverIRQHandler
                0x0000000000000400                . = 0x400
 *fill*         0x000000000000c34c       0xb4 ff
                0x000000000000c400                PROVIDE (__FLASH_CONFIG_START__ = .)
 *(.FlashConfig)
 .FlashConfig   0x000000000000c400       0x10 Startup/startup_mk60d10.o
                0x000000000000c410                PROVIDE (__FLASH_CONFIG_END__ = .)
                0x0000000000000001                ASSERT (! ((__FLASH_CONFIG_START__ == __FLASH_CONFIG_END__)), Linker Flash Config Support Enabled, but no .FlashConfig section provided within application)

.eh_frame       0x000000000000c410        0x0
 .eh_frame      0x000000000000c410        0x0 /Applications/FEH_ARM/bin/../lib/gcc/arm-none-eabi/10.3.1/thumb/v7e-m/nofp/crtbegin.o

.glue_7         0x000000000000c410        0x0
 .glue_7        0x000000000000c410        0x0 linker stubs

.glue_7t        0x000000000000c410        0x0
 .glue_7t       0x000000000000c410        0x0 linker stubs

.vfp11_veneer   0x000000000000c410        0x0
 .vfp11_veneer  0x000000000000c410        0x0 linker stubs

.v4_bx          0x000000000000c410        0x0
 .v4_bx         0x000000000000c410        0x0 linker stubs

.iplt           0x000000000000c410        0x0
 .iplt          0x000000000000c410        0x0 /Applications/FEH_ARM/bin/../lib/gcc/arm-none-eabi/10.3.1/thumb/v7e-m/nofp/crtbegin.o

.text           0x000000000000c440    0x13340
 *(.text*)
 .text          0x000000000000c440       0x40 /Applications/FEH_ARM/bin/../lib/gcc/arm-none-eabi/10.3.1/thumb/v7e-m/nofp/crtbegin.o
 .text._Z15WriteLogicValueN7FEHIcon4IconEi
                0x000000000000c480       0x40 ../main.o
                0x000000000000c480                WriteLogicValue(FEHIcon::Icon, int)
 .text._Z6MNMenuv
                0x000000000000c4c0      0x240 ../main.o
                0x000000000000c4c0                MNMenu()
 .text._Z6DCMenuv
                0x000000000000c700      0x4c4 ../main.o
                0x000000000000c700                DCMenu()
 .text._Z6SVMenuv
                0x000000000000cbc4      0x5ec ../main.o
                0x000000000000cbc4                SVMenu()
 .text._Z6DIMenuv
                0x000000000000d1b0      0xe18 ../main.o
                0x000000000000d1b0                DIMenu()
 .text._Z6AIMenuv
                0x000000000000dfc8      0xe10 ../main.o
                0x000000000000dfc8                AIMenu()
 .text._Z6ACMenuv
                0x000000000000edd8      0x400 ../main.o
                0x000000000000edd8                ACMenu()
 .text._Z6TOMenuv
                0x000000000000f1d8      0x438 ../main.o
                0x000000000000f1d8                TOMenu()
 .text._Z6DOMenuv
                0x000000000000f610     0x15d8 ../main.o
                0x000000000000f610                DOMenu()
 .text.main     0x0000000000010be8       0x7c ../main.o
                0x0000000000010be8                main
 .text.PORTD_IRQHandler
                0x0000000000010c64       0x50 Startup/startup_mk60d10.o
                0x0000000000010c64                PORTD_IRQHandler
 .text._Z15InitPowerButtonv
                0x0000000000010cb4       0x60 Startup/startup_mk60d10.o
                0x0000000000010cb4                InitPowerButton()
 .text._ZL11pll_init_blv
                0x0000000000010d14       0xe0 Startup/startup_mk60d10.o
 .text._Z14InitFEHProteusv
                0x0000000000010df4       0xec Startup/startup_mk60d10.o
                0x0000000000010df4                InitFEHProteus()
 .text.DMA0_IRQHandler
                0x0000000000010ee0        0xc Startup/startup_mk60d10.o
                0x0000000000010ee0                DMA0_IRQHandler
 .text.DMA1_IRQHandler
                0x0000000000010eec        0xc Startup/startup_mk60d10.o
                0x0000000000010eec                DMA1_IRQHandler
 .text.DMA2_IRQHandler
                0x0000000000010ef8        0xc Startup/startup_mk60d10.o
                0x0000000000010ef8                DMA2_IRQHandler
 .text.DMA3_IRQHandler
                0x0000000000010f04        0xc Startup/startup_mk60d10.o
                0x0000000000010f04                DMA3_IRQHandler
 .text.DMA4_IRQHandler
                0x0000000000010f10        0xc Startup/startup_mk60d10.o
                0x0000000000010f10                DMA4_IRQHandler
 .text.DMA5_IRQHandler
                0x0000000000010f1c        0xc Startup/startup_mk60d10.o
                0x0000000000010f1c                DMA5_IRQHandler
 .text.DMA6_IRQHandler
                0x0000000000010f28        0xc Startup/startup_mk60d10.o
                0x0000000000010f28                DMA6_IRQHandler
 .text.DMA7_IRQHandler
                0x0000000000010f34        0xc Startup/startup_mk60d10.o
                0x0000000000010f34                DMA7_IRQHandler
 .text.DMA8_IRQHandler
                0x0000000000010f40        0xc Startup/startup_mk60d10.o
                0x0000000000010f40                DMA8_IRQHandler
 .text.DMA9_IRQHandler
                0x0000000000010f4c        0xc Startup/startup_mk60d10.o
                0x0000000000010f4c                DMA9_IRQHandler
 .text.DMA10_IRQHandler
                0x0000000000010f58        0xc Startup/startup_mk60d10.o
                0x0000000000010f58                DMA10_IRQHandler
 .text.DMA11_IRQHandler
                0x0000000000010f64        0xc Startup/startup_mk60d10.o
                0x0000000000010f64                DMA11_IRQHandler
 .text.DMA12_IRQHandler
                0x0000000000010f70        0xc Startup/startup_mk60d10.o
                0x0000000000010f70                DMA12_IRQHandler
 .text.DMA13_IRQHandler
                0x0000000000010f7c        0xc Startup/startup_mk60d10.o
                0x0000000000010f7c                DMA13_IRQHandler
 .text.DMA14_IRQHandler
                0x0000000000010f88        0xc Startup/startup_mk60d10.o
                0x0000000000010f88                DMA14_IRQHandler
 .text.DMA15_IRQHandler
                0x0000000000010f94        0xc Startup/startup_mk60d10.o
                0x0000000000010f94                DMA15_IRQHandler
 .text.DMA_Error_IRQHandler
                0x0000000000010fa0        0xc Startup/startup_mk60d10.o
                0x0000000000010fa0                DMA_Error_IRQHandler
 .text.MCM_IRQHandler
                0x0000000000010fac        0xc Startup/startup_mk60d10.o
                0x0000000000010fac                MCM_IRQHandler
 .text.FTFL_IRQHandler
                0x0000000000010fb8        0xc Startup/startup_mk60d10.o
                0x0000000000010fb8                FTFL_IRQHandler
 .text.Read_Collision_IRQHandler
                0x0000000000010fc4        0xc Startup/startup_mk60d10.o
                0x0000000000010fc4                Read_Collision_IRQHandler
 .text.LVD_LVW_IRQHandler
                0x0000000000010fd0        0xc Startup/startup_mk60d10.o
                0x0000000000010fd0                LVD_LVW_IRQHandler
 .text.LLWU_IRQHandler
                0x0000000000010fdc        0xc Startup/startup_mk60d10.o
                0x0000000000010fdc                LLWU_IRQHandler
 .text.WDOG_EWM_IRQHandler
                0x0000000000010fe8        0xc Startup/startup_mk60d10.o
                0x0000000000010fe8                WDOG_EWM_IRQHandler
 .text.RNG_IRQHandler
                0x0000000000010ff4        0xc Startup/startup_mk60d10.o
                0x0000000000010ff4                RNG_IRQHandler
 .text.I2C0_IRQHandler
                0x0000000000011000        0xc Startup/startup_mk60d10.o
                0x0000000000011000                I2C0_IRQHandler
 .text.I2C1_IRQHandler
                0x000000000001100c        0xc Startup/startup_mk60d10.o
                0x000000000001100c                I2C1_IRQHandler
 .text.SPI0_IRQHandler
                0x0000000000011018        0xc Startup/startup_mk60d10.o
                0x0000000000011018                SPI0_IRQHandler
 .text.SPI1_IRQHandler
                0x0000000000011024        0xc Startup/startup_mk60d10.o
                0x0000000000011024                SPI1_IRQHandler
 .text.SPI2_IRQHandler
                0x0000000000011030        0xc Startup/startup_mk60d10.o
                0x0000000000011030                SPI2_IRQHandler
 .text.CAN0_ORed_Message_buffer_IRQHandler
                0x000000000001103c        0xc Startup/startup_mk60d10.o
                0x000000000001103c                CAN0_ORed_Message_buffer_IRQHandler
 .text.CAN0_Bus_Off_IRQHandler
                0x0000000000011048        0xc Startup/startup_mk60d10.o
                0x0000000000011048                CAN0_Bus_Off_IRQHandler
 .text.CAN0_Error_IRQHandler
                0x0000000000011054        0xc Startup/startup_mk60d10.o
                0x0000000000011054                CAN0_Error_IRQHandler
 .text.CAN0_Tx_Warning_IRQHandler
                0x0000000000011060        0xc Startup/startup_mk60d10.o
                0x0000000000011060                CAN0_Tx_Warning_IRQHandler
 .text.CAN0_Rx_Warning_IRQHandler
                0x000000000001106c        0xc Startup/startup_mk60d10.o
                0x000000000001106c                CAN0_Rx_Warning_IRQHandler
 .text.CAN0_Wake_Up_IRQHandler
                0x0000000000011078        0xc Startup/startup_mk60d10.o
                0x0000000000011078                CAN0_Wake_Up_IRQHandler
 .text.I2S0_Tx_IRQHandler
                0x0000000000011084        0xc Startup/startup_mk60d10.o
                0x0000000000011084                I2S0_Tx_IRQHandler
 .text.I2S0_Rx_IRQHandler
                0x0000000000011090        0xc Startup/startup_mk60d10.o
                0x0000000000011090                I2S0_Rx_IRQHandler
 .text.CAN1_ORed_Message_buffer_IRQHandler
                0x000000000001109c        0xc Startup/startup_mk60d10.o
                0x000000000001109c                CAN1_ORed_Message_buffer_IRQHandler
 .text.CAN1_Bus_Off_IRQHandler
                0x00000000000110a8        0xc Startup/startup_mk60d10.o
                0x00000000000110a8                CAN1_Bus_Off_IRQHandler
 .text.CAN1_Error_IRQHandler
                0x00000000000110b4        0xc Startup/startup_mk60d10.o
                0x00000000000110b4                CAN1_Error_IRQHandler
 .text.CAN1_Tx_Warning_IRQHandler
                0x00000000000110c0        0xc Startup/startup_mk60d10.o
                0x00000000000110c0                CAN1_Tx_Warning_IRQHandler
 .text.CAN1_Rx_Warning_IRQHandler
                0x00000000000110cc        0xc Startup/startup_mk60d10.o
                0x00000000000110cc                CAN1_Rx_Warning_IRQHandler
 .text.CAN1_Wake_Up_IRQHandler
                0x00000000000110d8        0xc Startup/startup_mk60d10.o
                0x00000000000110d8                CAN1_Wake_Up_IRQHandler
 .text.Reserved59_IRQHandler
                0x00000000000110e4        0xc Startup/startup_mk60d10.o
                0x00000000000110e4                Reserved59_IRQHandler
 .text.UART0_LON_IRQHandler
                0x00000000000110f0        0xc Startup/startup_mk60d10.o
                0x00000000000110f0                UART0_LON_IRQHandler
 .text.UART0_ERR_IRQHandler
                0x00000000000110fc        0xc Startup/startup_mk60d10.o
                0x00000000000110fc                UART0_ERR_IRQHandler
 .text.UART1_RX_TX_IRQHandler
                0x0000000000011108        0xc Startup/startup_mk60d10.o
                0x0000000000011108                UART1_RX_TX_IRQHandler
 .text.UART1_ERR_IRQHandler
                0x0000000000011114        0xc Startup/startup_mk60d10.o
                0x0000000000011114                UART1_ERR_IRQHandler
 .text.UART2_RX_TX_IRQHandler
                0x0000000000011120        0xc Startup/startup_mk60d10.o
                0x0000000000011120                UART2_RX_TX_IRQHandler
 .text.UART2_ERR_IRQHandler
                0x000000000001112c        0xc Startup/startup_mk60d10.o
                0x000000000001112c                UART2_ERR_IRQHandler
 .text.UART3_RX_TX_IRQHandler
                0x0000000000011138        0xc Startup/startup_mk60d10.o
                0x0000000000011138                UART3_RX_TX_IRQHandler
 .text.UART3_ERR_IRQHandler
                0x0000000000011144        0xc Startup/startup_mk60d10.o
                0x0000000000011144                UART3_ERR_IRQHandler
 .text.UART4_RX_TX_IRQHandler
                0x0000000000011150        0xc Startup/startup_mk60d10.o
                0x0000000000011150                UART4_RX_TX_IRQHandler
 .text.UART4_ERR_IRQHandler
                0x000000000001115c        0xc Startup/startup_mk60d10.o
                0x000000000001115c                UART4_ERR_IRQHandler
 .text.UART5_RX_TX_IRQHandler
                0x0000000000011168        0xc Startup/startup_mk60d10.o
                0x0000000000011168                UART5_RX_TX_IRQHandler
 .text.UART5_ERR_IRQHandler
                0x0000000000011174        0xc Startup/startup_mk60d10.o
                0x0000000000011174                UART5_ERR_IRQHandler
 .text.ADC0_IRQHandler
                0x0000000000011180        0xc Startup/startup_mk60d10.o
                0x0000000000011180                ADC0_IRQHandler
 .text.ADC1_IRQHandler
                0x000000000001118c        0xc Startup/startup_mk60d10.o
                0x000000000001118c                ADC1_IRQHandler
 .text.CMP0_IRQHandler
                0x0000000000011198        0xc Startup/startup_mk60d10.o
                0x0000000000011198                CMP0_IRQHandler
 .text.CMP1_IRQHandler
                0x00000000000111a4        0xc Startup/startup_mk60d10.o
                0x00000000000111a4                CMP1_IRQHandler
 .text.CMP2_IRQHandler
                0x00000000000111b0        0xc Startup/startup_mk60d10.o
                0x00000000000111b0                CMP2_IRQHandler
 .text.FTM0_IRQHandler
                0x00000000000111bc        0xc Startup/startup_mk60d10.o
                0x00000000000111bc                FTM0_IRQHandler
 .text.FTM1_IRQHandler
                0x00000000000111c8        0xc Startup/startup_mk60d10.o
                0x00000000000111c8                FTM1_IRQHandler
 .text.FTM2_IRQHandler
                0x00000000000111d4        0xc Startup/startup_mk60d10.o
                0x00000000000111d4                FTM2_IRQHandler
 .text.CMT_IRQHandler
                0x00000000000111e0        0xc Startup/startup_mk60d10.o
                0x00000000000111e0                CMT_IRQHandler
 .text.RTC_IRQHandler
                0x00000000000111ec        0xc Startup/startup_mk60d10.o
                0x00000000000111ec                RTC_IRQHandler
 .text.RTC_Seconds_IRQHandler
                0x00000000000111f8        0xc Startup/startup_mk60d10.o
                0x00000000000111f8                RTC_Seconds_IRQHandler
 .text.PIT1_IRQHandler
                0x0000000000011204        0xc Startup/startup_mk60d10.o
                0x0000000000011204                PIT1_IRQHandler
 .text.PIT2_IRQHandler
                0x0000000000011210        0xc Startup/startup_mk60d10.o
                0x0000000000011210                PIT2_IRQHandler
 .text.PIT3_IRQHandler
                0x000000000001121c        0xc Startup/startup_mk60d10.o
                0x000000000001121c                PIT3_IRQHandler
 .text.PDB0_IRQHandler
                0x0000000000011228        0xc Startup/startup_mk60d10.o
                0x0000000000011228                PDB0_IRQHandler
 .text.USB0_IRQHandler
                0x0000000000011234        0xc Startup/startup_mk60d10.o
                0x0000000000011234                USB0_IRQHandler
 .text.USBDCD_IRQHandler
                0x0000000000011240        0xc Startup/startup_mk60d10.o
                0x0000000000011240                USBDCD_IRQHandler
 .text.ENET_1588_Timer_IRQHandler
                0x000000000001124c        0xc Startup/startup_mk60d10.o
                0x000000000001124c                ENET_1588_Timer_IRQHandler
 .text.ENET_Transmit_IRQHandler
                0x0000000000011258        0xc Startup/startup_mk60d10.o
                0x0000000000011258                ENET_Transmit_IRQHandler
 .text.ENET_Receive_IRQHandler
                0x0000000000011264        0xc Startup/startup_mk60d10.o
                0x0000000000011264                ENET_Receive_IRQHandler
 .text.ENET_Error_IRQHandler
                0x0000000000011270        0xc Startup/startup_mk60d10.o
                0x0000000000011270                ENET_Error_IRQHandler
 .text.Reserved95_IRQHandler
                0x000000000001127c        0xc Startup/startup_mk60d10.o
                0x000000000001127c                Reserved95_IRQHandler
 .text.SDHC_IRQHandler
                0x0000000000011288        0xc Startup/startup_mk60d10.o
                0x0000000000011288                SDHC_IRQHandler
 .text.DAC0_IRQHandler
                0x0000000000011294        0xc Startup/startup_mk60d10.o
                0x0000000000011294                DAC0_IRQHandler
 .text.DAC1_IRQHandler
                0x00000000000112a0        0xc Startup/startup_mk60d10.o
                0x00000000000112a0                DAC1_IRQHandler
 .text.TSI0_IRQHandler
                0x00000000000112ac        0xc Startup/startup_mk60d10.o
                0x00000000000112ac                TSI0_IRQHandler
 .text.MCG_IRQHandler
                0x00000000000112b8        0xc Startup/startup_mk60d10.o
                0x00000000000112b8                MCG_IRQHandler
 .text.LPTMR0_IRQHandler
                0x00000000000112c4        0xc Startup/startup_mk60d10.o
                0x00000000000112c4                LPTMR0_IRQHandler
 .text.Reserved102_IRQHandler
                0x00000000000112d0        0xc Startup/startup_mk60d10.o
                0x00000000000112d0                Reserved102_IRQHandler
 .text.Reserved108_IRQHandler
                0x00000000000112dc        0xc Startup/startup_mk60d10.o
                0x00000000000112dc                Reserved108_IRQHandler
 .text.Reserved109_IRQHandler
                0x00000000000112e8        0xc Startup/startup_mk60d10.o
                0x00000000000112e8                Reserved109_IRQHandler
 .text.SWI_IRQHandler
                0x00000000000112f4        0xc Startup/startup_mk60d10.o
                0x00000000000112f4                SWI_IRQHandler
 .text._ZN8FEHMotorC2ENS_12FEHMotorPortEf
                0x0000000000011300       0x7c Libraries/FEHMotor.o
                0x0000000000011300                FEHMotor::FEHMotor(FEHMotor::FEHMotorPort, float)
                0x0000000000011300                FEHMotor::FEHMotor(FEHMotor::FEHMotorPort, float)
 .text._ZN8FEHMotor4StopEv
                0x000000000001137c       0x30 Libraries/FEHMotor.o
                0x000000000001137c                FEHMotor::Stop()
 .text._ZN8FEHMotor8SetPowerEi
                0x00000000000113ac       0x54 Libraries/FEHMotor.o
                0x00000000000113ac                FEHMotor::SetPower(int)
 .text._ZN8FEHMotor10SetPercentEf
                0x0000000000011400       0xf8 Libraries/FEHMotor.o
                0x0000000000011400                FEHMotor::SetPercent(float)
 .text._Z21IIC_StartTransmissionhh
                0x00000000000114f8       0x6c Drivers/i2c.o
                0x00000000000114f8                IIC_StartTransmission(unsigned char, unsigned char)
 .text._Z5Pausev
                0x0000000000011564       0x24 Drivers/i2c.o
                0x0000000000011564                Pause()
 .text._Z22u8MMA8451QReadRegisterh
                0x0000000000011588       0xbc Drivers/i2c.o
                0x0000000000011588                u8MMA8451QReadRegister(unsigned char)
 .text._Z21MMA8451QWriteRegisterhh
                0x0000000000011644       0x68 Drivers/i2c.o
                0x0000000000011644                MMA8451QWriteRegister(unsigned char, unsigned char)
 .text._Z10didTimeoutv
                0x00000000000116ac       0x14 Drivers/i2c.o
                0x00000000000116ac                didTimeout()
 .text._Z8i2c_Waitv
                0x00000000000116c0       0x6c Drivers/i2c.o
                0x00000000000116c0                i2c_Wait()
 .text._Z12SPI_SendCharh
                0x000000000001172c       0x1a Drivers/spi.o
                0x000000000001172c                SPI_SendChar(unsigned char)
 .text._Z16SPI_WriteCommandhh
                0x0000000000011746       0x34 Drivers/spi.o
                0x0000000000011746                SPI_WriteCommand(unsigned char, unsigned char)
 .text._Z11SPI_GetCharv
                0x000000000001177a       0x10 Drivers/spi.o
                0x000000000001177a                SPI_GetChar()
 .text._Z15SPI_ReadCommandh
                0x000000000001178a       0x38 Drivers/spi.o
                0x000000000001178a                SPI_ReadCommand(unsigned char)
 *fill*         0x00000000000117c2        0x2 
 .text._Z13SPI_CS_Assertv
                0x00000000000117c4       0x1c Drivers/spi.o
                0x00000000000117c4                SPI_CS_Assert()
 .text._Z15SPI_CS_Deassertv
                0x00000000000117e0       0x1c Drivers/spi.o
                0x00000000000117e0                SPI_CS_Deassert()
 .text._Z12SPI_Transferh
                0x00000000000117fc       0x6c Drivers/spi.o
                0x00000000000117fc                SPI_Transfer(unsigned char)
 .text._Z8SPI_Initv
                0x0000000000011868       0xa0 Drivers/spi.o
                0x0000000000011868                SPI_Init()
 .text._Z9uart_initPV11UART_MemMapii
                0x0000000000011908      0x174 Drivers/uart.o
                0x0000000000011908                uart_init(UART_MemMap volatile*, int, int)
 .text._Z12uart_getcharPV11UART_MemMap
                0x0000000000011a7c       0x32 Drivers/uart.o
                0x0000000000011a7c                uart_getchar(UART_MemMap volatile*)
 .text._Z12uart_putcharPV11UART_MemMapc
                0x0000000000011aae       0x32 Drivers/uart.o
                0x0000000000011aae                uart_putchar(UART_MemMap volatile*, char)
 .text._ZL7mem_setPvij
                0x0000000000011ae0       0x3c Drivers/ff.o
 .text._ZL11move_windowP5FATFSm
                0x0000000000011b1c       0xc8 Drivers/ff.o
 .text._ZL4syncP5FATFS
                0x0000000000011be4      0x14c Drivers/ff.o
 .text._ZL8validateP5FATFSt
                0x0000000000011d30       0x54 Drivers/ff.o
 .text._Z6f_syncP3FIL
                0x0000000000011d84      0x186 Drivers/ff.o
                0x0000000000011d84                f_sync(FIL*)
 .text._Z7f_closeP3FIL
                0x0000000000011f0a       0x28 Drivers/ff.o
                0x0000000000011f0a                f_close(FIL*)
 *fill*         0x0000000000011f32        0x2 
 .text._ZL17SDHC_set_baudratemm
                0x0000000000011f34       0xe8 Drivers/SDHC.o
 .text._Z9SDHC_initP17esdhc_info_structPK17esdhc_init_struct
                0x000000000001201c      0x130 Drivers/SDHC.o
                0x000000000001201c                SDHC_init(esdhc_info_struct*, esdhc_init_struct const*)
 .text._ZL15SDHC_is_runningv
                0x000000000001214c       0x24 Drivers/SDHC.o
 .text._ZL16SDHC_status_waitm
                0x0000000000012170       0x2c Drivers/SDHC.o
 .text._ZL17SDHC_send_commandP20esdhc_command_struct
                0x000000000001219c      0x1f8 Drivers/SDHC.o
 .text._Z10SDHC_ioctlmPv
                0x0000000000012394      0x6f0 Drivers/SDHC.o
                0x0000000000012394                SDHC_ioctl(unsigned long, void*)
 .text._ZL14rcvr_datablockPhm
                0x0000000000012a84       0xf0 Drivers/SDHC.o
 .text._Z9disk_readhPhmh
                0x0000000000012b74      0x124 Drivers/SDHC.o
                0x0000000000012b74                disk_read(unsigned char, unsigned char*, unsigned long, unsigned char)
 .text._ZL14xmit_datablockPKhm
                0x0000000000012c98       0xa4 Drivers/SDHC.o
 .text._Z10disk_writehPKhmh
                0x0000000000012d3c      0x198 Drivers/SDHC.o
                0x0000000000012d3c                disk_write(unsigned char, unsigned char const*, unsigned long, unsigned char)
 .text._Z10disk_ioctlhhPv
                0x0000000000012ed4      0x104 Drivers/SDHC.o
                0x0000000000012ed4                disk_ioctl(unsigned char, unsigned char, void*)
 .text._Z11disk_statush
                0x0000000000012fd8       0x28 Drivers/SDHC.o
                0x0000000000012fd8                disk_status(unsigned char)
 .text._Z13time_delay_msm
                0x0000000000013000       0x6c Drivers/lptmr.o
                0x0000000000013000                time_delay_ms(unsigned long)
 .text._Z41__static_initialization_and_destruction_0ii
                0x000000000001306c       0x2c FEHProteus.o
 .text._GLOBAL__sub_I_Propeller
                0x0000000000013098       0x10 FEHProteus.o
 .text._ZN12FEHPropellerC2Ev
                0x00000000000130a8       0x1a Drivers/FEHPropeller.o
                0x00000000000130a8                FEHPropeller::FEHPropeller()
                0x00000000000130a8                FEHPropeller::FEHPropeller()
 *fill*         0x00000000000130c2        0x2 
 .text._ZN12FEHPropeller10InitializeEv
                0x00000000000130c4       0x74 Drivers/FEHPropeller.o
                0x00000000000130c4                FEHPropeller::Initialize()
 .text._ZN12FEHPropeller12SetMotorRateEhhh
                0x0000000000013138       0x5c Drivers/FEHPropeller.o
                0x0000000000013138                FEHPropeller::SetMotorRate(unsigned char, unsigned char, unsigned char)
 .text._ZL5Delaymjj
                0x0000000000013194       0x94 Libraries/FEHUtility.o
 .text._Z5Sleepi
                0x0000000000013228       0x2c Libraries/FEHUtility.o
                0x0000000000013228                Sleep(int)
 .text._Z5Sleepd
                0x0000000000013254       0x4c Libraries/FEHUtility.o
                0x0000000000013254                Sleep(double)
 .text._ZN15DigitalInputPinC2EN5FEHIO8FEHIOPinE
                0x00000000000132a0       0x20 Libraries/FEHIO.o
                0x00000000000132a0                DigitalInputPin::DigitalInputPin(FEHIO::FEHIOPin)
                0x00000000000132a0                DigitalInputPin::DigitalInputPin(FEHIO::FEHIOPin)
 .text._ZN15DigitalInputPin10InitializeEN5FEHIO8FEHIOPinE
                0x00000000000132c0      0x198 Libraries/FEHIO.o
                0x00000000000132c0                DigitalInputPin::Initialize(FEHIO::FEHIOPin)
 .text._ZN15DigitalInputPin5ValueEv
                0x0000000000013458      0x108 Libraries/FEHIO.o
                0x0000000000013458                DigitalInputPin::Value()
 .text._Z16PORTB_IRQHandlerv
                0x0000000000013560       0x9c Libraries/FEHIO.o
                0x0000000000013560                PORTB_IRQHandler()
 .text._Z16PORTC_IRQHandlerv
                0x00000000000135fc       0x9c Libraries/FEHIO.o
                0x00000000000135fc                PORTC_IRQHandler()
 .text._Z16PORTA_IRQHandlerv
                0x0000000000013698       0xa0 Libraries/FEHIO.o
                0x0000000000013698                PORTA_IRQHandler()
 .text._Z16PORTE_IRQHandlerv
                0x0000000000013738       0x98 Libraries/FEHIO.o
                0x0000000000013738                PORTE_IRQHandler()
 .text._ZN14AnalogInputPinC2EN5FEHIO8FEHIOPinE
                0x00000000000137d0       0x1e Libraries/FEHIO.o
                0x00000000000137d0                AnalogInputPin::AnalogInputPin(FEHIO::FEHIOPin)
                0x00000000000137d0                AnalogInputPin::AnalogInputPin(FEHIO::FEHIOPin)
 *fill*         0x00000000000137ee        0x2 
 .text._ZN14AnalogInputPin5ValueEv
                0x00000000000137f0      0x120 Libraries/FEHIO.o
                0x00000000000137f0                AnalogInputPin::Value()
 .text._ZN13AnalogEncoder12EncoderValueEv
                0x0000000000013910       0xb0 Libraries/FEHIO.o
                0x0000000000013910                AnalogEncoder::EncoderValue()
 .text._ZN16DigitalOutputPinC2EN5FEHIO8FEHIOPinE
                0x00000000000139c0      0x19c Libraries/FEHIO.o
                0x00000000000139c0                DigitalOutputPin::DigitalOutputPin(FEHIO::FEHIOPin)
                0x00000000000139c0                DigitalOutputPin::DigitalOutputPin(FEHIO::FEHIOPin)
 .text._ZN16DigitalOutputPin5WriteEb
                0x0000000000013b5c      0x1f8 Libraries/FEHIO.o
                0x0000000000013b5c                DigitalOutputPin::Write(bool)
 .text._ZN16DigitalOutputPin6ToggleEv
                0x0000000000013d54      0x10c Libraries/FEHIO.o
                0x0000000000013d54                DigitalOutputPin::Toggle()
 .text._ZN14AnalogInputPin8InitADCsEv
                0x0000000000013e60       0x98 Libraries/FEHIO.o
                0x0000000000013e60                AnalogInputPin::InitADCs()
 .text._Z15PIT0_IRQHandlerv
                0x0000000000013ef8       0x28 Libraries/FEHIO.o
                0x0000000000013ef8                PIT0_IRQHandler()
 .text._ZN13AnalogEncoder4InitEv
                0x0000000000013f20       0x44 Libraries/FEHIO.o
                0x0000000000013f20                AnalogEncoder::Init()
 .text._ZN13AnalogEncoder14SetCounterInitEj
                0x0000000000013f64       0x20 Libraries/FEHIO.o
                0x0000000000013f64                AnalogEncoder::SetCounterInit(unsigned int)
 .text._ZN13AnalogEncoder10ProcessIntEv
                0x0000000000013f84       0x68 Libraries/FEHIO.o
                0x0000000000013f84                AnalogEncoder::ProcessInt()
 .text._ZN13AnalogEncoder14ProcessIntSelfEv
                0x0000000000013fec       0x6e Libraries/FEHIO.o
                0x0000000000013fec                AnalogEncoder::ProcessIntSelf()
 .text._Z7ADC_CalPV10ADC_MemMap
                0x000000000001405a      0x13e Drivers/adc16.o
                0x000000000001405a                ADC_Cal(ADC_MemMap volatile*)
 .text._Z14ADC_Config_AltPV10ADC_MemMapP7adc_cfg
                0x0000000000014198       0x6c Drivers/adc16.o
                0x0000000000014198                ADC_Config_Alt(ADC_MemMap volatile*, adc_cfg*)
 .text._ZN9FEHBuzzer4BuzzEi
                0x0000000000014204       0x1e Libraries/FEHBuzzer.o
                0x0000000000014204                FEHBuzzer::Buzz(int)
 *fill*         0x0000000000014222        0x2 
 .text._ZN9FEHBuzzer4ToneEii
                0x0000000000014224       0x78 Libraries/FEHBuzzer.o
                0x0000000000014224                FEHBuzzer::Tone(int, int)
 .text._ZN9FEHBuzzerC2Ev
                0x000000000001429c       0x14 Libraries/FEHBuzzer.o
                0x000000000001429c                FEHBuzzer::FEHBuzzer()
                0x000000000001429c                FEHBuzzer::FEHBuzzer()
 .text._Z41__static_initialization_and_destruction_0ii
                0x00000000000142b0       0x2c Libraries/FEHBuzzer.o
 .text._GLOBAL__sub_I_Buzzer
                0x00000000000142dc       0x10 Libraries/FEHBuzzer.o
 .text._ZN8FEHServoC2ENS_12FEHServoPortE
                0x00000000000142ec       0x38 Libraries/FEHServo.o
                0x00000000000142ec                FEHServo::FEHServo(FEHServo::FEHServoPort)
                0x00000000000142ec                FEHServo::FEHServo(FEHServo::FEHServoPort)
 .text._ZN8FEHServo9SetDegreeEf
                0x0000000000014324       0xf8 Libraries/FEHServo.o
                0x0000000000014324                FEHServo::SetDegree(float)
 .text._ZN6FEHLCD11_InitializeEv
                0x000000000001441c      0x410 Libraries/FEHLCD.o
                0x000000000001441c                FEHLCD::_Initialize()
 .text._ZN6FEHLCDC2Ev
                0x000000000001482c       0x50 Libraries/FEHLCD.o
                0x000000000001482c                FEHLCD::FEHLCD()
                0x000000000001482c                FEHLCD::FEHLCD()
 .text._ZN6FEHLCD10InitializeEv
                0x000000000001487c       0x28 Libraries/FEHLCD.o
                0x000000000001487c                FEHLCD::Initialize()
 .text._ZN6FEHLCD10PrintImageEii
                0x00000000000148a4       0xbc Libraries/FEHLCD.o
                0x00000000000148a4                FEHLCD::PrintImage(int, int)
 .text._ZN6FEHLCD9PrintLogoEii
                0x0000000000014960       0xbc Libraries/FEHLCD.o
                0x0000000000014960                FEHLCD::PrintLogo(int, int)
 .text._ZN6FEHLCD22ConvertFEHColorTo24BitENS_11FEHLCDColorE
                0x0000000000014a1c       0x78 Libraries/FEHLCD.o
                0x0000000000014a1c                FEHLCD::ConvertFEHColorTo24Bit(FEHLCD::FEHLCDColor)
 .text._ZN6FEHLCD24Convert24BitColorTo16BitEj
                0x0000000000014a94       0x30 Libraries/FEHLCD.o
                0x0000000000014a94                FEHLCD::Convert24BitColorTo16Bit(unsigned int)
 .text._ZN6FEHLCD22ConvertRGBColorTo16BitEhhh
                0x0000000000014ac4       0x4a Libraries/FEHLCD.o
                0x0000000000014ac4                FEHLCD::ConvertRGBColorTo16Bit(unsigned char, unsigned char, unsigned char)
 .text._ZN6FEHLCD5ClearENS_11FEHLCDColorE
                0x0000000000014b0e       0x28 Libraries/FEHLCD.o
                0x0000000000014b0e                FEHLCD::Clear(FEHLCD::FEHLCDColor)
 .text._ZN6FEHLCD5ClearEj
                0x0000000000014b36       0x2c Libraries/FEHLCD.o
                0x0000000000014b36                FEHLCD::Clear(unsigned int)
 .text._ZN6FEHLCD18SetBackgroundColorENS_11FEHLCDColorE
                0x0000000000014b62       0x28 Libraries/FEHLCD.o
                0x0000000000014b62                FEHLCD::SetBackgroundColor(FEHLCD::FEHLCDColor)
 .text._ZN6FEHLCD18SetBackgroundColorEj
                0x0000000000014b8a       0x26 Libraries/FEHLCD.o
                0x0000000000014b8a                FEHLCD::SetBackgroundColor(unsigned int)
 .text._ZN6FEHLCD12SetFontColorENS_11FEHLCDColorE
                0x0000000000014bb0       0x28 Libraries/FEHLCD.o
                0x0000000000014bb0                FEHLCD::SetFontColor(FEHLCD::FEHLCDColor)
 .text._ZN6FEHLCD12SetFontColorEj
                0x0000000000014bd8       0x26 Libraries/FEHLCD.o
                0x0000000000014bd8                FEHLCD::SetFontColor(unsigned int)
 .text._ZN6FEHLCD7WriteAtEPKcii
                0x0000000000014bfe       0x46 Libraries/FEHLCD.o
                0x0000000000014bfe                FEHLCD::WriteAt(char const*, int, int)
 .text._ZN6FEHLCD7WriteAtEfii
                0x0000000000014c44       0xb8 Libraries/FEHLCD.o
                0x0000000000014c44                FEHLCD::WriteAt(float, int, int)
 .text._ZN6FEHLCD11TS_SPI_InitEv
                0x0000000000014cfc       0x7c Libraries/FEHLCD.o
                0x0000000000014cfc                FEHLCD::TS_SPI_Init()
 .text._ZN6FEHLCD5TouchEPfS0_
                0x0000000000014d78      0x1fc Libraries/FEHLCD.o
                0x0000000000014d78                FEHLCD::Touch(float*, float*)
 .text._ZN6FEHLCD3absEi
                0x0000000000014f74       0x22 Libraries/FEHLCD.o
                0x0000000000014f74                FEHLCD::abs(int)
 *fill*         0x0000000000014f96        0x2 
 .text._ZN6FEHLCD10WriteIndexEh
                0x0000000000014f98      0x14c Libraries/FEHLCD.o
                0x0000000000014f98                FEHLCD::WriteIndex(unsigned char)
 .text._ZN6FEHLCD14WriteParameterEh
                0x00000000000150e4      0x130 Libraries/FEHLCD.o
                0x00000000000150e4                FEHLCD::WriteParameter(unsigned char)
 .text._ZN6FEHLCD6_ClearEv
                0x0000000000015214      0x15c Libraries/FEHLCD.o
                0x0000000000015214                FEHLCD::_Clear()
 .text._ZN6FEHLCD8NextLineEv
                0x0000000000015370       0x2a Libraries/FEHLCD.o
                0x0000000000015370                FEHLCD::NextLine()
 .text._ZN6FEHLCD9CheckLineEv
                0x000000000001539a       0x28 Libraries/FEHLCD.o
                0x000000000001539a                FEHLCD::CheckLine()
 .text._ZN6FEHLCD9DrawPixelEii
                0x00000000000153c2       0x2a Libraries/FEHLCD.o
                0x00000000000153c2                FEHLCD::DrawPixel(int, int)
 .text._Z4SwapRiS_
                0x00000000000153ec       0x28 Libraries/FEHLCD.o
                0x00000000000153ec                Swap(int&, int&)
 .text._ZN6FEHLCD13DrawRectangleEiiii
                0x0000000000015414       0x7c Libraries/FEHLCD.o
                0x0000000000015414                FEHLCD::DrawRectangle(int, int, int, int)
 .text._ZN6FEHLCD13SetDrawRegionEiiii
                0x0000000000015490       0xfe Libraries/FEHLCD.o
                0x0000000000015490                FEHLCD::SetDrawRegion(int, int, int, int)
 .text._ZN6FEHLCD13FillRectangleEiiii
                0x000000000001558e       0x4c Libraries/FEHLCD.o
                0x000000000001558e                FEHLCD::FillRectangle(int, int, int, int)
 *fill*         0x00000000000155da        0x2 
 .text._ZN6FEHLCD8DrawLineEiiii
                0x00000000000155dc      0x14c Libraries/FEHLCD.o
                0x00000000000155dc                FEHLCD::DrawLine(int, int, int, int)
 .text._ZN6FEHLCD11WriteCharAtEiic
                0x0000000000015728      0x214 Libraries/FEHLCD.o
                0x0000000000015728                FEHLCD::WriteCharAt(int, int, char)
 .text._ZN6FEHLCD11RepeatColorEv
                0x000000000001593c       0x70 Libraries/FEHLCD.o
                0x000000000001593c                FEHLCD::RepeatColor()
 .text._ZN6FEHLCD10_ForePixelEv
                0x00000000000159ac       0xc4 Libraries/FEHLCD.o
                0x00000000000159ac                FEHLCD::_ForePixel()
 .text._ZN6FEHLCD10_BackPixelEv
                0x0000000000015a70       0xc4 Libraries/FEHLCD.o
                0x0000000000015a70                FEHLCD::_BackPixel()
 .text._ZN6FEHLCD22SetRegisterColorValuesEv
                0x0000000000015b34      0x336 Libraries/FEHLCD.o
                0x0000000000015b34                FEHLCD::SetRegisterColorValues()
 .text._ZN7FEHIcon4IconC2Ev
                0x0000000000015e6a       0x14 Libraries/FEHLCD.o
                0x0000000000015e6a                FEHIcon::Icon::Icon()
                0x0000000000015e6a                FEHIcon::Icon::Icon()
 .text._ZN7FEHIcon4Icon13SetPropertiesEPciiiijj
                0x0000000000015e7e       0x6a Libraries/FEHLCD.o
                0x0000000000015e7e                FEHIcon::Icon::SetProperties(char*, int, int, int, int, unsigned int, unsigned int)
 .text._ZN7FEHIcon4Icon4DrawEv
                0x0000000000015ee8       0x90 Libraries/FEHLCD.o
                0x0000000000015ee8                FEHIcon::Icon::Draw()
 .text._ZN7FEHIcon4Icon6SelectEv
                0x0000000000015f78       0x90 Libraries/FEHLCD.o
                0x0000000000015f78                FEHIcon::Icon::Select()
 .text._ZN7FEHIcon4Icon8DeselectEv
                0x0000000000016008       0x8c Libraries/FEHLCD.o
                0x0000000000016008                FEHIcon::Icon::Deselect()
 .text._ZN7FEHIcon4Icon7PressedEffi
                0x0000000000016094      0x13c Libraries/FEHLCD.o
                0x0000000000016094                FEHIcon::Icon::Pressed(float, float, int)
 .text._ZN7FEHIcon4Icon12WhilePressedEff
                0x00000000000161d0       0x50 Libraries/FEHLCD.o
                0x00000000000161d0                FEHIcon::Icon::WhilePressed(float, float)
 .text._ZN7FEHIcon4Icon17ChangeLabelStringEPKc
                0x0000000000016220       0x64 Libraries/FEHLCD.o
                0x0000000000016220                FEHIcon::Icon::ChangeLabelString(char const*)
 .text._ZN7FEHIcon4Icon16ChangeLabelFloatEf
                0x0000000000016284      0x10c Libraries/FEHLCD.o
                0x0000000000016284                FEHIcon::Icon::ChangeLabelFloat(float)
 .text._ZN7FEHIcon4Icon14ChangeLabelIntEi
                0x0000000000016390       0x78 Libraries/FEHLCD.o
                0x0000000000016390                FEHIcon::Icon::ChangeLabelInt(int)
 .text._ZN7FEHIcon13DrawIconArrayEPNS_4IconEiiiiiiPA20_cjj
                0x0000000000016408      0x168 Libraries/FEHLCD.o
                0x0000000000016408                FEHIcon::DrawIconArray(FEHIcon::Icon*, int, int, int, int, int, int, char (*) [20], unsigned int, unsigned int)
 .text._Z41__static_initialization_and_destruction_0ii
                0x0000000000016570       0x2c Libraries/FEHLCD.o
 .text._GLOBAL__sub_I_image
                0x000000000001659c       0x10 Libraries/FEHLCD.o
 .text._ZN8FEHAccelC2Ev
                0x00000000000165ac       0x70 Libraries/FEHAccel.o
                0x00000000000165ac                FEHAccel::FEHAccel()
                0x00000000000165ac                FEHAccel::FEHAccel()
 *fill*         0x000000000001661c        0x4 
 .text._ZN8FEHAccel1XEv
                0x0000000000016620       0x78 Libraries/FEHAccel.o
                0x0000000000016620                FEHAccel::X()
 .text._ZN8FEHAccel1YEv
                0x0000000000016698       0x78 Libraries/FEHAccel.o
                0x0000000000016698                FEHAccel::Y()
 .text._ZN8FEHAccel1ZEv
                0x0000000000016710       0x78 Libraries/FEHAccel.o
                0x0000000000016710                FEHAccel::Z()
 .text._Z41__static_initialization_and_destruction_0ii
                0x0000000000016788       0x2c Libraries/FEHAccel.o
 .text._GLOBAL__sub_I_Accel
                0x00000000000167b4       0x10 Libraries/FEHAccel.o
 *fill*         0x00000000000167c4        0x4 
 .text._ZN10FEHBattery7VoltageEv
                0x00000000000167c8       0x54 Libraries/FEHBattery.o
                0x00000000000167c8                FEHBattery::Voltage()
 .text._ZN10FEHBatteryC2EN5FEHIO8FEHIOPinE
                0x000000000001681c       0x22 Libraries/FEHBattery.o
                0x000000000001681c                FEHBattery::FEHBattery(FEHIO::FEHIOPin)
                0x000000000001681c                FEHBattery::FEHBattery(FEHIO::FEHIOPin)
 *fill*         0x000000000001683e        0x2 
 .text._Z41__static_initialization_and_destruction_0ii
                0x0000000000016840       0x30 Libraries/FEHBattery.o
 .text._GLOBAL__sub_I_Battery
                0x0000000000016870       0x10 Libraries/FEHBattery.o
 .text._ZN7FEHXBeeC2Ev
                0x0000000000016880       0x1a Drivers/FEHXBee.o
                0x0000000000016880                FEHXBee::FEHXBee()
                0x0000000000016880                FEHXBee::FEHXBee()
 *fill*         0x000000000001689a        0x2 
 .text._ZN7FEHXBee17SetPacketCallBackEPFvPhhE
                0x000000000001689c       0x20 Drivers/FEHXBee.o
                0x000000000001689c                FEHXBee::SetPacketCallBack(void (*)(unsigned char*, unsigned char))
 .text._Z22UART0_RX_TX_IRQHandlerv
                0x00000000000168bc       0xec Drivers/FEHXBee.o
                0x00000000000168bc                UART0_RX_TX_IRQHandler()
 .text._ZN6FEHRCSC2Ev
                0x00000000000169a8       0x74 Libraries/FEHRCS.o
                0x00000000000169a8                FEHRCS::FEHRCS()
                0x00000000000169a8                FEHRCS::FEHRCS()
 .text._Z14RCSDataProcessPhh
                0x0000000000016a1c       0xa0 Libraries/FEHRCS.o
                0x0000000000016a1c                RCSDataProcess(unsigned char*, unsigned char)
 .text._Z41__static_initialization_and_destruction_0ii
                0x0000000000016abc       0x2c Libraries/FEHRCS.o
 .text._GLOBAL__sub_I_RCS
                0x0000000000016ae8       0x10 Libraries/FEHRCS.o
 .text._ZN5FEHSDC2Ev
                0x0000000000016af8       0x24 Libraries/FEHSD.o
                0x0000000000016af8                FEHSD::FEHSD()
                0x0000000000016af8                FEHSD::FEHSD()
 .text._ZN5FEHSD9FCloseAllEv
                0x0000000000016b1c       0x6c Libraries/FEHSD.o
                0x0000000000016b1c                FEHSD::FCloseAll()
 .text._Z41__static_initialization_and_destruction_0ii
                0x0000000000016b88       0x2c Libraries/FEHSD.o
 .text._GLOBAL__sub_I_SD
                0x0000000000016bb4       0x10 Libraries/FEHSD.o
 .text._ZN9FEHRandom10InitializeEv
                0x0000000000016bc4       0x3c Libraries/FEHRandom.o
                0x0000000000016bc4                FEHRandom::Initialize()
 .text.startup._GLOBAL__sub_I__ZN9__gnu_cxx9__freeresEv
                0x0000000000016c00       0x28 /Applications/FEH_ARM/bin/../lib/gcc/arm-none-eabi/10.3.1/../../../../arm-none-eabi/lib/thumb/v7e-m/nofp/libstdc++.a(eh_alloc.o)
 .text          0x0000000000016c28      0x378 /Applications/FEH_ARM/bin/../lib/gcc/arm-none-eabi/10.3.1/thumb/v7e-m/nofp/libgcc.a(_arm_addsubdf3.o)
                0x0000000000016c28                __aeabi_drsub
                0x0000000000016c30                __subdf3
                0x0000000000016c30                __aeabi_dsub
                0x0000000000016c34                __aeabi_dadd
                0x0000000000016c34                __adddf3
                0x0000000000016eac                __aeabi_ui2d
                0x0000000000016eac                __floatunsidf
                0x0000000000016ecc                __floatsidf
                0x0000000000016ecc                __aeabi_i2d
                0x0000000000016ef0                __extendsfdf2
                0x0000000000016ef0                __aeabi_f2d
                0x0000000000016f34                __aeabi_ul2d
                0x0000000000016f34                __floatundidf
                0x0000000000016f44                __aeabi_l2d
                0x0000000000016f44                __floatdidf
 .text          0x0000000000016fa0      0x424 /Applications/FEH_ARM/bin/../lib/gcc/arm-none-eabi/10.3.1/thumb/v7e-m/nofp/libgcc.a(_arm_muldivdf3.o)
                0x0000000000016fa0                __aeabi_dmul
                0x0000000000016fa0                __muldf3
                0x00000000000171f4                __aeabi_ddiv
                0x00000000000171f4                __divdf3
 .text          0x00000000000173c4      0x110 /Applications/FEH_ARM/bin/../lib/gcc/arm-none-eabi/10.3.1/thumb/v7e-m/nofp/libgcc.a(_arm_cmpdf2.o)
                0x00000000000173c4                __gedf2
                0x00000000000173c4                __gtdf2
                0x00000000000173cc                __ledf2
                0x00000000000173cc                __ltdf2
                0x00000000000173d4                __cmpdf2
                0x00000000000173d4                __eqdf2
                0x00000000000173d4                __nedf2
                0x0000000000017450                __aeabi_cdrcmple
                0x0000000000017460                __aeabi_cdcmple
                0x0000000000017460                __aeabi_cdcmpeq
                0x0000000000017470                __aeabi_dcmpeq
                0x0000000000017484                __aeabi_dcmplt
                0x0000000000017498                __aeabi_dcmple
                0x00000000000174ac                __aeabi_dcmpge
                0x00000000000174c0                __aeabi_dcmpgt
 .text          0x00000000000174d4       0x50 /Applications/FEH_ARM/bin/../lib/gcc/arm-none-eabi/10.3.1/thumb/v7e-m/nofp/libgcc.a(_arm_fixdfsi.o)
                0x00000000000174d4                __fixdfsi
                0x00000000000174d4                __aeabi_d2iz
 .text          0x0000000000017524       0x40 /Applications/FEH_ARM/bin/../lib/gcc/arm-none-eabi/10.3.1/thumb/v7e-m/nofp/libgcc.a(_arm_fixunsdfsi.o)
                0x0000000000017524                __fixunsdfsi
                0x0000000000017524                __aeabi_d2uiz
 .text          0x0000000000017564       0xa0 /Applications/FEH_ARM/bin/../lib/gcc/arm-none-eabi/10.3.1/thumb/v7e-m/nofp/libgcc.a(_arm_truncdfsf2.o)
                0x0000000000017564                __aeabi_d2f
                0x0000000000017564                __truncdfsf2
 .text          0x0000000000017604      0x21c /Applications/FEH_ARM/bin/../lib/gcc/arm-none-eabi/10.3.1/thumb/v7e-m/nofp/libgcc.a(_arm_addsubsf3.o)
                0x0000000000017604                __aeabi_frsub
                0x000000000001760c                __aeabi_fsub
                0x000000000001760c                __subsf3
                0x0000000000017610                __aeabi_fadd
                0x0000000000017610                __addsf3
                0x0000000000017770                __aeabi_ui2f
                0x0000000000017770                __floatunsisf
                0x0000000000017778                __floatsisf
                0x0000000000017778                __aeabi_i2f
                0x0000000000017794                __aeabi_ul2f
                0x0000000000017794                __floatundisf
                0x00000000000177a4                __aeabi_l2f
                0x00000000000177a4                __floatdisf
 .text          0x0000000000017820      0x2a0 /Applications/FEH_ARM/bin/../lib/gcc/arm-none-eabi/10.3.1/thumb/v7e-m/nofp/libgcc.a(_arm_muldivsf3.o)
                0x0000000000017820                __mulsf3
                0x0000000000017820                __aeabi_fmul
                0x0000000000017988                __divsf3
                0x0000000000017988                __aeabi_fdiv
 .text          0x0000000000017ac0       0xec /Applications/FEH_ARM/bin/../lib/gcc/arm-none-eabi/10.3.1/thumb/v7e-m/nofp/libgcc.a(_arm_cmpsf2.o)
                0x0000000000017ac0                __gesf2
                0x0000000000017ac0                __gtsf2
                0x0000000000017ac8                __ltsf2
                0x0000000000017ac8                __lesf2
                0x0000000000017ad0                __nesf2
                0x0000000000017ad0                __eqsf2
                0x0000000000017ad0                __cmpsf2
                0x0000000000017b30                __aeabi_cfrcmple
                0x0000000000017b38                __aeabi_cfcmpeq
                0x0000000000017b38                __aeabi_cfcmple
                0x0000000000017b48                __aeabi_fcmpeq
                0x0000000000017b5c                __aeabi_fcmplt
                0x0000000000017b70                __aeabi_fcmple
                0x0000000000017b84                __aeabi_fcmpge
                0x0000000000017b98                __aeabi_fcmpgt
 .text          0x0000000000017bac       0x4c /Applications/FEH_ARM/bin/../lib/gcc/arm-none-eabi/10.3.1/thumb/v7e-m/nofp/libgcc.a(_arm_fixsfsi.o)
                0x0000000000017bac                __fixsfsi
                0x0000000000017bac                __aeabi_f2iz
 .text.abort    0x0000000000017bf8       0x10 /Applications/FEH_ARM/bin/../lib/gcc/arm-none-eabi/10.3.1/../../../../arm-none-eabi/lib/thumb/v7e-m/nofp/libg.a(lib_a-abort.o)
                0x0000000000017bf8                abort
 .text.__sfvwrite_r
                0x0000000000017c08      0x2e8 /Applications/FEH_ARM/bin/../lib/gcc/arm-none-eabi/10.3.1/../../../../arm-none-eabi/lib/thumb/v7e-m/nofp/libg.a(lib_a-fvwrite.o)
                0x0000000000017c08                __sfvwrite_r
 .text.__libc_init_array
                0x0000000000017ef0       0x48 /Applications/FEH_ARM/bin/../lib/gcc/arm-none-eabi/10.3.1/../../../../arm-none-eabi/lib/thumb/v7e-m/nofp/libg.a(lib_a-init.o)
                0x0000000000017ef0                __libc_init_array
 .text.__retarget_lock_init_recursive
                0x0000000000017f38        0x4 /Applications/FEH_ARM/bin/../lib/gcc/arm-none-eabi/10.3.1/../../../../arm-none-eabi/lib/thumb/v7e-m/nofp/libg.a(lib_a-lock.o)
                0x0000000000017f38                __retarget_lock_init_recursive
 .text.__retarget_lock_close_recursive
                0x0000000000017f3c        0x4 /Applications/FEH_ARM/bin/../lib/gcc/arm-none-eabi/10.3.1/../../../../arm-none-eabi/lib/thumb/v7e-m/nofp/libg.a(lib_a-lock.o)
                0x0000000000017f3c                __retarget_lock_close_recursive
 .text.__retarget_lock_acquire_recursive
                0x0000000000017f40        0x4 /Applications/FEH_ARM/bin/../lib/gcc/arm-none-eabi/10.3.1/../../../../arm-none-eabi/lib/thumb/v7e-m/nofp/libg.a(lib_a-lock.o)
                0x0000000000017f40                __retarget_lock_acquire_recursive
 .text.__retarget_lock_release_recursive
                0x0000000000017f44        0x4 /Applications/FEH_ARM/bin/../lib/gcc/arm-none-eabi/10.3.1/../../../../arm-none-eabi/lib/thumb/v7e-m/nofp/libg.a(lib_a-lock.o)
                0x0000000000017f44                __retarget_lock_release_recursive
 .text.malloc   0x0000000000017f48       0x10 /Applications/FEH_ARM/bin/../lib/gcc/arm-none-eabi/10.3.1/../../../../arm-none-eabi/lib/thumb/v7e-m/nofp/libg.a(lib_a-malloc.o)
                0x0000000000017f48                malloc
 .text._malloc_r
                0x0000000000017f58      0x560 /Applications/FEH_ARM/bin/../lib/gcc/arm-none-eabi/10.3.1/../../../../arm-none-eabi/lib/thumb/v7e-m/nofp/libg.a(lib_a-mallocr.o)
                0x0000000000017f58                _malloc_r
 *fill*         0x00000000000184b8        0x8 
 .text          0x00000000000184c0       0xa0 /Applications/FEH_ARM/bin/../lib/gcc/arm-none-eabi/10.3.1/../../../../arm-none-eabi/lib/thumb/v7e-m/nofp/libg.a(lib_a-memchr.o)
                0x00000000000184c0                memchr
 .text          0x0000000000018560      0x134 /Applications/FEH_ARM/bin/../lib/gcc/arm-none-eabi/10.3.1/../../../../arm-none-eabi/lib/thumb/v7e-m/nofp/libg.a(lib_a-memcpy.o)
                0x0000000000018560                memcpy
 .text.memmove  0x0000000000018694       0xf8 /Applications/FEH_ARM/bin/../lib/gcc/arm-none-eabi/10.3.1/../../../../arm-none-eabi/lib/thumb/v7e-m/nofp/libg.a(lib_a-memmove.o)
                0x0000000000018694                memmove
 .text.memset   0x000000000001878c       0xa4 /Applications/FEH_ARM/bin/../lib/gcc/arm-none-eabi/10.3.1/../../../../arm-none-eabi/lib/thumb/v7e-m/nofp/libg.a(lib_a-memset.o)
                0x000000000001878c                memset
 .text.__malloc_lock
                0x0000000000018830        0xc /Applications/FEH_ARM/bin/../lib/gcc/arm-none-eabi/10.3.1/../../../../arm-none-eabi/lib/thumb/v7e-m/nofp/libg.a(lib_a-mlock.o)
                0x0000000000018830                __malloc_lock
 .text.__malloc_unlock
                0x000000000001883c        0xc /Applications/FEH_ARM/bin/../lib/gcc/arm-none-eabi/10.3.1/../../../../arm-none-eabi/lib/thumb/v7e-m/nofp/libg.a(lib_a-mlock.o)
                0x000000000001883c                __malloc_unlock
 .text._realloc_r
                0x0000000000018848      0x3d8 /Applications/FEH_ARM/bin/../lib/gcc/arm-none-eabi/10.3.1/../../../../arm-none-eabi/lib/thumb/v7e-m/nofp/libg.a(lib_a-reallocr.o)
                0x0000000000018848                _realloc_r
 .text._sbrk_r  0x0000000000018c20       0x24 /Applications/FEH_ARM/bin/../lib/gcc/arm-none-eabi/10.3.1/../../../../arm-none-eabi/lib/thumb/v7e-m/nofp/libg.a(lib_a-sbrkr.o)
                0x0000000000018c20                _sbrk_r
 .text.raise    0x0000000000018c44       0x5c /Applications/FEH_ARM/bin/../lib/gcc/arm-none-eabi/10.3.1/../../../../arm-none-eabi/lib/thumb/v7e-m/nofp/libg.a(lib_a-signal.o)
                0x0000000000018c44                raise
 .text._kill_r  0x0000000000018ca0       0x2c /Applications/FEH_ARM/bin/../lib/gcc/arm-none-eabi/10.3.1/../../../../arm-none-eabi/lib/thumb/v7e-m/nofp/libg.a(lib_a-signalr.o)
                0x0000000000018ca0                _kill_r
 .text._getpid_r
                0x0000000000018ccc        0x4 /Applications/FEH_ARM/bin/../lib/gcc/arm-none-eabi/10.3.1/../../../../arm-none-eabi/lib/thumb/v7e-m/nofp/libg.a(lib_a-signalr.o)
                0x0000000000018ccc                _getpid_r
 .text.sprintf  0x0000000000018cd0       0x40 /Applications/FEH_ARM/bin/../lib/gcc/arm-none-eabi/10.3.1/../../../../arm-none-eabi/lib/thumb/v7e-m/nofp/libg.a(lib_a-sprintf.o)
                0x0000000000018cd0                sprintf
 *fill*         0x0000000000018d10       0x10 
 .text          0x0000000000018d20      0x2dc /Applications/FEH_ARM/bin/../lib/gcc/arm-none-eabi/10.3.1/../../../../arm-none-eabi/lib/thumb/v7e-m/nofp/libg.a(lib_a-strcmp.o)
                0x0000000000018d28                strcmp
 .text.strcpy   0x0000000000018ffc       0xbc /Applications/FEH_ARM/bin/../lib/gcc/arm-none-eabi/10.3.1/../../../../arm-none-eabi/lib/thumb/v7e-m/nofp/libg.a(lib_a-strcpy.o)
                0x0000000000018ffc                strcpy
 *fill*         0x00000000000190b8        0x8 
 .text          0x00000000000190c0       0xdc /Applications/FEH_ARM/bin/../lib/gcc/arm-none-eabi/10.3.1/../../../../arm-none-eabi/lib/thumb/v7e-m/nofp/libg.a(lib_a-strlen.o)
                0x00000000000190c0                strlen
 .text._svfprintf_r
                0x000000000001919c     0x1a3c /Applications/FEH_ARM/bin/../lib/gcc/arm-none-eabi/10.3.1/../../../../arm-none-eabi/lib/thumb/v7e-m/nofp/libg.a(lib_a-svfprintf.o)
                0x000000000001919c                _svfprintf_r
 .text.__swbuf_r
                0x000000000001abd8       0xb0 /Applications/FEH_ARM/bin/../lib/gcc/arm-none-eabi/10.3.1/../../../../arm-none-eabi/lib/thumb/v7e-m/nofp/libg.a(lib_a-wbuf.o)
                0x000000000001abd8                __swbuf_r
 .text._write_r
                0x000000000001ac88       0x2c /Applications/FEH_ARM/bin/../lib/gcc/arm-none-eabi/10.3.1/../../../../arm-none-eabi/lib/thumb/v7e-m/nofp/libg.a(lib_a-writer.o)
                0x000000000001ac88                _write_r
 .text.__swsetup_r
                0x000000000001acb4       0xd4 /Applications/FEH_ARM/bin/../lib/gcc/arm-none-eabi/10.3.1/../../../../arm-none-eabi/lib/thumb/v7e-m/nofp/libg.a(lib_a-wsetup.o)
                0x000000000001acb4                __swsetup_r
 .text.startup.register_fini
                0x000000000001ad88       0x14 /Applications/FEH_ARM/bin/../lib/gcc/arm-none-eabi/10.3.1/../../../../arm-none-eabi/lib/thumb/v7e-m/nofp/libg.a(lib_a-__call_atexit.o)
 .text.atexit   0x000000000001ad9c        0xc /Applications/FEH_ARM/bin/../lib/gcc/arm-none-eabi/10.3.1/../../../../arm-none-eabi/lib/thumb/v7e-m/nofp/libg.a(lib_a-atexit.o)
                0x000000000001ad9c                atexit
 .text.quorem   0x000000000001ada8      0x124 /Applications/FEH_ARM/bin/../lib/gcc/arm-none-eabi/10.3.1/../../../../arm-none-eabi/lib/thumb/v7e-m/nofp/libg.a(lib_a-dtoa.o)
 *fill*         0x000000000001aecc        0x4 
 .text._dtoa_r  0x000000000001aed0      0xec4 /Applications/FEH_ARM/bin/../lib/gcc/arm-none-eabi/10.3.1/../../../../arm-none-eabi/lib/thumb/v7e-m/nofp/libg.a(lib_a-dtoa.o)
                0x000000000001aed0                _dtoa_r
 .text.__sflush_r
                0x000000000001bd94      0x120 /Applications/FEH_ARM/bin/../lib/gcc/arm-none-eabi/10.3.1/../../../../arm-none-eabi/lib/thumb/v7e-m/nofp/libg.a(lib_a-fflush.o)
                0x000000000001bd94                __sflush_r
 .text._fflush_r
                0x000000000001beb4       0x5c /Applications/FEH_ARM/bin/../lib/gcc/arm-none-eabi/10.3.1/../../../../arm-none-eabi/lib/thumb/v7e-m/nofp/libg.a(lib_a-fflush.o)
                0x000000000001beb4                _fflush_r
 .text._cleanup_r
                0x000000000001bf10        0xc /Applications/FEH_ARM/bin/../lib/gcc/arm-none-eabi/10.3.1/../../../../arm-none-eabi/lib/thumb/v7e-m/nofp/libg.a(lib_a-findfp.o)
                0x000000000001bf10                _cleanup_r
 .text.__sinit  0x000000000001bf1c      0x10c /Applications/FEH_ARM/bin/../lib/gcc/arm-none-eabi/10.3.1/../../../../arm-none-eabi/lib/thumb/v7e-m/nofp/libg.a(lib_a-findfp.o)
                0x000000000001bf1c                __sinit
 .text.__sfp_lock_acquire
                0x000000000001c028        0xc /Applications/FEH_ARM/bin/../lib/gcc/arm-none-eabi/10.3.1/../../../../arm-none-eabi/lib/thumb/v7e-m/nofp/libg.a(lib_a-findfp.o)
                0x000000000001c028                __sfp_lock_acquire
 .text.__sfp_lock_release
                0x000000000001c034        0xc /Applications/FEH_ARM/bin/../lib/gcc/arm-none-eabi/10.3.1/../../../../arm-none-eabi/lib/thumb/v7e-m/nofp/libg.a(lib_a-findfp.o)
                0x000000000001c034                __sfp_lock_release
 .text.__libc_fini_array
                0x000000000001c040       0x2c /Applications/FEH_ARM/bin/../lib/gcc/arm-none-eabi/10.3.1/../../../../arm-none-eabi/lib/thumb/v7e-m/nofp/libg.a(lib_a-fini.o)
                0x000000000001c040                __libc_fini_array
 .text._malloc_trim_r
                0x000000000001c06c       0xa0 /Applications/FEH_ARM/bin/../lib/gcc/arm-none-eabi/10.3.1/../../../../arm-none-eabi/lib/thumb/v7e-m/nofp/libg.a(lib_a-freer.o)
                0x000000000001c06c                _malloc_trim_r
 .text._free_r  0x000000000001c10c      0x20c /Applications/FEH_ARM/bin/../lib/gcc/arm-none-eabi/10.3.1/../../../../arm-none-eabi/lib/thumb/v7e-m/nofp/libg.a(lib_a-freer.o)
                0x000000000001c10c                _free_r
 .text._fwalk_reent
                0x000000000001c318       0x48 /Applications/FEH_ARM/bin/../lib/gcc/arm-none-eabi/10.3.1/../../../../arm-none-eabi/lib/thumb/v7e-m/nofp/libg.a(lib_a-fwalk.o)
                0x000000000001c318                _fwalk_reent
 .text._localeconv_r
                0x000000000001c360        0x8 /Applications/FEH_ARM/bin/../lib/gcc/arm-none-eabi/10.3.1/../../../../arm-none-eabi/lib/thumb/v7e-m/nofp/libg.a(lib_a-localeconv.o)
                0x000000000001c360                _localeconv_r
 .text.__smakebuf_r
                0x000000000001c368       0xe0 /Applications/FEH_ARM/bin/../lib/gcc/arm-none-eabi/10.3.1/../../../../arm-none-eabi/lib/thumb/v7e-m/nofp/libg.a(lib_a-makebuf.o)
                0x000000000001c368                __smakebuf_r
 .text._Balloc  0x000000000001c448       0x4c /Applications/FEH_ARM/bin/../lib/gcc/arm-none-eabi/10.3.1/../../../../arm-none-eabi/lib/thumb/v7e-m/nofp/libg.a(lib_a-mprec.o)
                0x000000000001c448                _Balloc
 .text._Bfree   0x000000000001c494       0x14 /Applications/FEH_ARM/bin/../lib/gcc/arm-none-eabi/10.3.1/../../../../arm-none-eabi/lib/thumb/v7e-m/nofp/libg.a(lib_a-mprec.o)
                0x000000000001c494                _Bfree
 .text.__multadd
                0x000000000001c4a8       0xa0 /Applications/FEH_ARM/bin/../lib/gcc/arm-none-eabi/10.3.1/../../../../arm-none-eabi/lib/thumb/v7e-m/nofp/libg.a(lib_a-mprec.o)
                0x000000000001c4a8                __multadd
 .text.__hi0bits
                0x000000000001c548       0x40 /Applications/FEH_ARM/bin/../lib/gcc/arm-none-eabi/10.3.1/../../../../arm-none-eabi/lib/thumb/v7e-m/nofp/libg.a(lib_a-mprec.o)
                0x000000000001c548                __hi0bits
 .text.__lo0bits
                0x000000000001c588       0x5c /Applications/FEH_ARM/bin/../lib/gcc/arm-none-eabi/10.3.1/../../../../arm-none-eabi/lib/thumb/v7e-m/nofp/libg.a(lib_a-mprec.o)
                0x000000000001c588                __lo0bits
 .text.__i2b    0x000000000001c5e4       0x5c /Applications/FEH_ARM/bin/../lib/gcc/arm-none-eabi/10.3.1/../../../../arm-none-eabi/lib/thumb/v7e-m/nofp/libg.a(lib_a-mprec.o)
                0x000000000001c5e4                __i2b
 .text.__multiply
                0x000000000001c640      0x15c /Applications/FEH_ARM/bin/../lib/gcc/arm-none-eabi/10.3.1/../../../../arm-none-eabi/lib/thumb/v7e-m/nofp/libg.a(lib_a-mprec.o)
                0x000000000001c640                __multiply
 .text.__pow5mult
                0x000000000001c79c       0xc0 /Applications/FEH_ARM/bin/../lib/gcc/arm-none-eabi/10.3.1/../../../../arm-none-eabi/lib/thumb/v7e-m/nofp/libg.a(lib_a-mprec.o)
                0x000000000001c79c                __pow5mult
 .text.__lshift
                0x000000000001c85c       0xf0 /Applications/FEH_ARM/bin/../lib/gcc/arm-none-eabi/10.3.1/../../../../arm-none-eabi/lib/thumb/v7e-m/nofp/libg.a(lib_a-mprec.o)
                0x000000000001c85c                __lshift
 .text.__mcmp   0x000000000001c94c       0x40 /Applications/FEH_ARM/bin/../lib/gcc/arm-none-eabi/10.3.1/../../../../arm-none-eabi/lib/thumb/v7e-m/nofp/libg.a(lib_a-mprec.o)
                0x000000000001c94c                __mcmp
 .text.__mdiff  0x000000000001c98c      0x14c /Applications/FEH_ARM/bin/../lib/gcc/arm-none-eabi/10.3.1/../../../../arm-none-eabi/lib/thumb/v7e-m/nofp/libg.a(lib_a-mprec.o)
                0x000000000001c98c                __mdiff
 .text.__d2b    0x000000000001cad8       0xc4 /Applications/FEH_ARM/bin/../lib/gcc/arm-none-eabi/10.3.1/../../../../arm-none-eabi/lib/thumb/v7e-m/nofp/libg.a(lib_a-mprec.o)
                0x000000000001cad8                __d2b
 .text.frexp    0x000000000001cb9c       0x70 /Applications/FEH_ARM/bin/../lib/gcc/arm-none-eabi/10.3.1/../../../../arm-none-eabi/lib/thumb/v7e-m/nofp/libg.a(lib_a-s_frexp.o)
                0x000000000001cb9c                frexp
 .text.__sread  0x000000000001cc0c       0x24 /Applications/FEH_ARM/bin/../lib/gcc/arm-none-eabi/10.3.1/../../../../arm-none-eabi/lib/thumb/v7e-m/nofp/libg.a(lib_a-stdio.o)
                0x000000000001cc0c                __sread
 .text.__swrite
                0x000000000001cc30       0x40 /Applications/FEH_ARM/bin/../lib/gcc/arm-none-eabi/10.3.1/../../../../arm-none-eabi/lib/thumb/v7e-m/nofp/libg.a(lib_a-stdio.o)
                0x000000000001cc30                __swrite
 .text.__sseek  0x000000000001cc70       0x20 /Applications/FEH_ARM/bin/../lib/gcc/arm-none-eabi/10.3.1/../../../../arm-none-eabi/lib/thumb/v7e-m/nofp/libg.a(lib_a-stdio.o)
                0x000000000001cc70                __sseek
 .text.__sclose
                0x000000000001cc90        0x8 /Applications/FEH_ARM/bin/../lib/gcc/arm-none-eabi/10.3.1/../../../../arm-none-eabi/lib/thumb/v7e-m/nofp/libg.a(lib_a-stdio.o)
                0x000000000001cc90                __sclose
 .text.strncpy  0x000000000001cc98       0x64 /Applications/FEH_ARM/bin/../lib/gcc/arm-none-eabi/10.3.1/../../../../arm-none-eabi/lib/thumb/v7e-m/nofp/libg.a(lib_a-strncpy.o)
                0x000000000001cc98                strncpy
 .text.__ssprint_r
                0x000000000001ccfc       0xf8 /Applications/FEH_ARM/bin/../lib/gcc/arm-none-eabi/10.3.1/../../../../arm-none-eabi/lib/thumb/v7e-m/nofp/libg.a(lib_a-svfiprintf.o)
                0x000000000001ccfc                __ssprint_r
 .text.__register_exitproc
                0x000000000001cdf4       0x8c /Applications/FEH_ARM/bin/../lib/gcc/arm-none-eabi/10.3.1/../../../../arm-none-eabi/lib/thumb/v7e-m/nofp/libg.a(lib_a-__atexit.o)
                0x000000000001cdf4                __register_exitproc
 .text.__assert_func
                0x000000000001ce80       0x40 /Applications/FEH_ARM/bin/../lib/gcc/arm-none-eabi/10.3.1/../../../../arm-none-eabi/lib/thumb/v7e-m/nofp/libg.a(lib_a-assert.o)
                0x000000000001ce80                __assert_func
 .text._calloc_r
                0x000000000001cec0       0x78 /Applications/FEH_ARM/bin/../lib/gcc/arm-none-eabi/10.3.1/../../../../arm-none-eabi/lib/thumb/v7e-m/nofp/libg.a(lib_a-callocr.o)
                0x000000000001cec0                _calloc_r
 .text._close_r
                0x000000000001cf38       0x24 /Applications/FEH_ARM/bin/../lib/gcc/arm-none-eabi/10.3.1/../../../../arm-none-eabi/lib/thumb/v7e-m/nofp/libg.a(lib_a-closer.o)
                0x000000000001cf38                _close_r
 .text.__errno  0x000000000001cf5c        0xc /Applications/FEH_ARM/bin/../lib/gcc/arm-none-eabi/10.3.1/../../../../arm-none-eabi/lib/thumb/v7e-m/nofp/libg.a(lib_a-errno.o)
                0x000000000001cf5c                __errno
 .text._fclose_r
                0x000000000001cf68       0xcc /Applications/FEH_ARM/bin/../lib/gcc/arm-none-eabi/10.3.1/../../../../arm-none-eabi/lib/thumb/v7e-m/nofp/libg.a(lib_a-fclose.o)
                0x000000000001cf68                _fclose_r
 .text.fiprintf
                0x000000000001d034       0x28 /Applications/FEH_ARM/bin/../lib/gcc/arm-none-eabi/10.3.1/../../../../arm-none-eabi/lib/thumb/v7e-m/nofp/libg.a(lib_a-fiprintf.o)
                0x000000000001d034                fiprintf
 .text._fstat_r
                0x000000000001d05c       0x2c /Applications/FEH_ARM/bin/../lib/gcc/arm-none-eabi/10.3.1/../../../../arm-none-eabi/lib/thumb/v7e-m/nofp/libg.a(lib_a-fstatr.o)
                0x000000000001d05c                _fstat_r
 .text._isatty_r
                0x000000000001d088       0x24 /Applications/FEH_ARM/bin/../lib/gcc/arm-none-eabi/10.3.1/../../../../arm-none-eabi/lib/thumb/v7e-m/nofp/libg.a(lib_a-isattyr.o)
                0x000000000001d088                _isatty_r
 .text.__locale_mb_cur_max
                0x000000000001d0ac        0xc /Applications/FEH_ARM/bin/../lib/gcc/arm-none-eabi/10.3.1/../../../../arm-none-eabi/lib/thumb/v7e-m/nofp/libg.a(lib_a-locale.o)
                0x000000000001d0ac                __locale_mb_cur_max
 .text._lseek_r
                0x000000000001d0b8       0x2c /Applications/FEH_ARM/bin/../lib/gcc/arm-none-eabi/10.3.1/../../../../arm-none-eabi/lib/thumb/v7e-m/nofp/libg.a(lib_a-lseekr.o)
                0x000000000001d0b8                _lseek_r
 .text.__ascii_mbtowc
                0x000000000001d0e4       0x2c /Applications/FEH_ARM/bin/../lib/gcc/arm-none-eabi/10.3.1/../../../../arm-none-eabi/lib/thumb/v7e-m/nofp/libg.a(lib_a-mbtowc_r.o)
                0x000000000001d0e4                __ascii_mbtowc
 .text._read_r  0x000000000001d110       0x2c /Applications/FEH_ARM/bin/../lib/gcc/arm-none-eabi/10.3.1/../../../../arm-none-eabi/lib/thumb/v7e-m/nofp/libg.a(lib_a-readr.o)
                0x000000000001d110                _read_r
 .text.__sprint_r.part.0
                0x000000000001d13c       0x78 /Applications/FEH_ARM/bin/../lib/gcc/arm-none-eabi/10.3.1/../../../../arm-none-eabi/lib/thumb/v7e-m/nofp/libg.a(lib_a-vfiprintf.o)
 .text._vfiprintf_r
                0x000000000001d1b4      0xda0 /Applications/FEH_ARM/bin/../lib/gcc/arm-none-eabi/10.3.1/../../../../arm-none-eabi/lib/thumb/v7e-m/nofp/libg.a(lib_a-vfiprintf.o)
                0x000000000001d1b4                _vfiprintf_r
 .text.__sbprintf
                0x000000000001df54       0x80 /Applications/FEH_ARM/bin/../lib/gcc/arm-none-eabi/10.3.1/../../../../arm-none-eabi/lib/thumb/v7e-m/nofp/libg.a(lib_a-vfiprintf.o)
 .text.__ascii_wctomb
                0x000000000001dfd4       0x1c /Applications/FEH_ARM/bin/../lib/gcc/arm-none-eabi/10.3.1/../../../../arm-none-eabi/lib/thumb/v7e-m/nofp/libg.a(lib_a-wctomb_r.o)
                0x000000000001dfd4                __ascii_wctomb
 .text.__fputwc
                0x000000000001dff0       0xa8 /Applications/FEH_ARM/bin/../lib/gcc/arm-none-eabi/10.3.1/../../../../arm-none-eabi/lib/thumb/v7e-m/nofp/libg.a(lib_a-fputwc.o)
                0x000000000001dff0                __fputwc
 .text._fputwc_r
                0x000000000001e098       0x68 /Applications/FEH_ARM/bin/../lib/gcc/arm-none-eabi/10.3.1/../../../../arm-none-eabi/lib/thumb/v7e-m/nofp/libg.a(lib_a-fputwc.o)
                0x000000000001e098                _fputwc_r
 .text._wcrtomb_r
                0x000000000001e100       0x3c /Applications/FEH_ARM/bin/../lib/gcc/arm-none-eabi/10.3.1/../../../../arm-none-eabi/lib/thumb/v7e-m/nofp/libg.a(lib_a-wcrtomb.o)
                0x000000000001e100                _wcrtomb_r
 .text          0x000000000001e13c       0x2c /Applications/FEH_ARM/bin/../lib/gcc/arm-none-eabi/10.3.1/thumb/v7e-m/nofp/libgcc.a(_arm_unorddf2.o)
                0x000000000001e13c                __aeabi_dcmpun
                0x000000000001e13c                __unorddf2
 .text          0x000000000001e168       0x30 /Applications/FEH_ARM/bin/../lib/gcc/arm-none-eabi/10.3.1/thumb/v7e-m/nofp/libgcc.a(_aeabi_uldivmod.o)
                0x000000000001e168                __aeabi_uldivmod
 .text          0x000000000001e198      0x2d0 /Applications/FEH_ARM/bin/../lib/gcc/arm-none-eabi/10.3.1/thumb/v7e-m/nofp/libgcc.a(_udivmoddi4.o)
                0x000000000001e198                __udivmoddi4
 .text          0x000000000001e468        0x4 /Applications/FEH_ARM/bin/../lib/gcc/arm-none-eabi/10.3.1/thumb/v7e-m/nofp/libgcc.a(_dvmd_tls.o)
                0x000000000001e468                __aeabi_ldiv0
                0x000000000001e468                __aeabi_idiv0
 .text._close   0x000000000001e46c       0x10 /Applications/FEH_ARM/bin/../lib/gcc/arm-none-eabi/10.3.1/../../../../arm-none-eabi/lib/thumb/v7e-m/nofp/libnosys.a(close.o)
                0x000000000001e46c                _close
 .text._fstat   0x000000000001e47c       0x10 /Applications/FEH_ARM/bin/../lib/gcc/arm-none-eabi/10.3.1/../../../../arm-none-eabi/lib/thumb/v7e-m/nofp/libnosys.a(fstat.o)
                0x000000000001e47c                _fstat
 .text._getpid  0x000000000001e48c       0x10 /Applications/FEH_ARM/bin/../lib/gcc/arm-none-eabi/10.3.1/../../../../arm-none-eabi/lib/thumb/v7e-m/nofp/libnosys.a(getpid.o)
                0x000000000001e48c                _getpid
 .text._isatty  0x000000000001e49c       0x10 /Applications/FEH_ARM/bin/../lib/gcc/arm-none-eabi/10.3.1/../../../../arm-none-eabi/lib/thumb/v7e-m/nofp/libnosys.a(isatty.o)
                0x000000000001e49c                _isatty
 .text._kill    0x000000000001e4ac       0x10 /Applications/FEH_ARM/bin/../lib/gcc/arm-none-eabi/10.3.1/../../../../arm-none-eabi/lib/thumb/v7e-m/nofp/libnosys.a(kill.o)
                0x000000000001e4ac                _kill
 .text._lseek   0x000000000001e4bc       0x10 /Applications/FEH_ARM/bin/../lib/gcc/arm-none-eabi/10.3.1/../../../../arm-none-eabi/lib/thumb/v7e-m/nofp/libnosys.a(lseek.o)
                0x000000000001e4bc                _lseek
 .text._read    0x000000000001e4cc       0x10 /Applications/FEH_ARM/bin/../lib/gcc/arm-none-eabi/10.3.1/../../../../arm-none-eabi/lib/thumb/v7e-m/nofp/libnosys.a(read.o)
                0x000000000001e4cc                _read
 .text._sbrk    0x000000000001e4dc       0x1c /Applications/FEH_ARM/bin/../lib/gcc/arm-none-eabi/10.3.1/../../../../arm-none-eabi/lib/thumb/v7e-m/nofp/libnosys.a(sbrk.o)
                0x000000000001e4dc                _sbrk
 .text._write   0x000000000001e4f8       0x10 /Applications/FEH_ARM/bin/../lib/gcc/arm-none-eabi/10.3.1/../../../../arm-none-eabi/lib/thumb/v7e-m/nofp/libnosys.a(write.o)
                0x000000000001e4f8                _write
 .text._exit    0x000000000001e508        0x4 /Applications/FEH_ARM/bin/../lib/gcc/arm-none-eabi/10.3.1/../../../../arm-none-eabi/lib/thumb/v7e-m/nofp/libnosys.a(_exit.o)
                0x000000000001e508                _exit
 *(.rodata .rodata.* .constdata .constdata.*)
 .rodata        0x000000000001e50c      0xb80 ../main.o
 .rodata.K60_SDHC0_init
                0x000000000001f08c        0xc Drivers/SDHC.o
                0x000000000001f08c                K60_SDHC0_init
 .rodata._ZL21ESDHC_COMMAND_XFERTYP
                0x000000000001f098      0x100 Drivers/SDHC.o
 .rodata._ZL9GPIOPorts
                0x000000000001f198       0x20 Libraries/FEHIO.o
 .rodata._ZL10ADCNumbers
                0x000000000001f1b8       0x21 Libraries/FEHIO.o
 *fill*         0x000000000001f1d9        0x3 
 .rodata._ZL14GPIOPinNumbers
                0x000000000001f1dc       0x80 Libraries/FEHIO.o
 .rodata._ZL16AnalogPinNumbers
                0x000000000001f25c       0x84 Libraries/FEHIO.o
 .rodata        0x000000000001f2e0       0x78 Libraries/FEHIO.o
 .rodata        0x000000000001f358       0x32 Libraries/FEHLCD.o
 *fill*         0x000000000001f38a        0x2 
 .rodata._global_impure_ptr
                0x000000000001f38c        0x4 /Applications/FEH_ARM/bin/../lib/gcc/arm-none-eabi/10.3.1/../../../../arm-none-eabi/lib/thumb/v7e-m/nofp/libg.a(lib_a-impure.o)
                0x000000000001f38c                _global_impure_ptr
 .rodata._svfprintf_r.str1.4
                0x000000000001f390       0x42 /Applications/FEH_ARM/bin/../lib/gcc/arm-none-eabi/10.3.1/../../../../arm-none-eabi/lib/thumb/v7e-m/nofp/libg.a(lib_a-svfprintf.o)
 *fill*         0x000000000001f3d2        0x2 
 .rodata.blanks.1
                0x000000000001f3d4       0x10 /Applications/FEH_ARM/bin/../lib/gcc/arm-none-eabi/10.3.1/../../../../arm-none-eabi/lib/thumb/v7e-m/nofp/libg.a(lib_a-svfprintf.o)
 .rodata.zeroes.0
                0x000000000001f3e4       0x10 /Applications/FEH_ARM/bin/../lib/gcc/arm-none-eabi/10.3.1/../../../../arm-none-eabi/lib/thumb/v7e-m/nofp/libg.a(lib_a-svfprintf.o)
 .rodata._dtoa_r.str1.4
                0x000000000001f3f4       0x7e /Applications/FEH_ARM/bin/../lib/gcc/arm-none-eabi/10.3.1/../../../../arm-none-eabi/lib/thumb/v7e-m/nofp/libg.a(lib_a-dtoa.o)
                                         0x82 (size before relaxing)
 *fill*         0x000000000001f472        0x2 
 .rodata.__multadd.str1.4
                0x000000000001f474       0x5b /Applications/FEH_ARM/bin/../lib/gcc/arm-none-eabi/10.3.1/../../../../arm-none-eabi/lib/thumb/v7e-m/nofp/libg.a(lib_a-mprec.o)
                                         0x6f (size before relaxing)
 *fill*         0x000000000001f4cf        0x1 
 .rodata.__mprec_bigtens
                0x000000000001f4d0       0x28 /Applications/FEH_ARM/bin/../lib/gcc/arm-none-eabi/10.3.1/../../../../arm-none-eabi/lib/thumb/v7e-m/nofp/libg.a(lib_a-mprec.o)
                0x000000000001f4d0                __mprec_bigtens
 .rodata.__mprec_tens
                0x000000000001f4f8       0xc8 /Applications/FEH_ARM/bin/../lib/gcc/arm-none-eabi/10.3.1/../../../../arm-none-eabi/lib/thumb/v7e-m/nofp/libg.a(lib_a-mprec.o)
                0x000000000001f4f8                __mprec_tens
 .rodata.p05.0  0x000000000001f5c0        0xc /Applications/FEH_ARM/bin/../lib/gcc/arm-none-eabi/10.3.1/../../../../arm-none-eabi/lib/thumb/v7e-m/nofp/libg.a(lib_a-mprec.o)
 .rodata.__assert_func.str1.4
                0x000000000001f5cc       0x3f /Applications/FEH_ARM/bin/../lib/gcc/arm-none-eabi/10.3.1/../../../../arm-none-eabi/lib/thumb/v7e-m/nofp/libg.a(lib_a-assert.o)
                                         0x43 (size before relaxing)
 *fill*         0x000000000001f60b        0x1 
 .rodata._ctype_
                0x000000000001f60c      0x101 /Applications/FEH_ARM/bin/../lib/gcc/arm-none-eabi/10.3.1/../../../../arm-none-eabi/lib/thumb/v7e-m/nofp/libg.a(lib_a-ctype_.o)
                0x000000000001f60c                _ctype_
 *fill*         0x000000000001f70d        0x3 
 .rodata._setlocale_r.str1.4
                0x000000000001f710        0xa /Applications/FEH_ARM/bin/../lib/gcc/arm-none-eabi/10.3.1/../../../../arm-none-eabi/lib/thumb/v7e-m/nofp/libg.a(lib_a-locale.o)
                                          0xd (size before relaxing)
 *fill*         0x000000000001f71a        0x2 
 .rodata.str1.4
                0x000000000001f71c        0x2 /Applications/FEH_ARM/bin/../lib/gcc/arm-none-eabi/10.3.1/../../../../arm-none-eabi/lib/thumb/v7e-m/nofp/libg.a(lib_a-locale.o)
 .rodata._vfiprintf_r.str1.4
                0x000000000001f71e       0x2f /Applications/FEH_ARM/bin/../lib/gcc/arm-none-eabi/10.3.1/../../../../arm-none-eabi/lib/thumb/v7e-m/nofp/libg.a(lib_a-vfiprintf.o)
 *fill*         0x000000000001f71e        0x2 
 .rodata.blanks.1
                0x000000000001f720       0x10 /Applications/FEH_ARM/bin/../lib/gcc/arm-none-eabi/10.3.1/../../../../arm-none-eabi/lib/thumb/v7e-m/nofp/libg.a(lib_a-vfiprintf.o)
 .rodata.zeroes.0
                0x000000000001f730       0x10 /Applications/FEH_ARM/bin/../lib/gcc/arm-none-eabi/10.3.1/../../../../arm-none-eabi/lib/thumb/v7e-m/nofp/libg.a(lib_a-vfiprintf.o)
                0x000000000001f740                . = ALIGN (0x4)
                0x000000000001f740                . = ALIGN (0x4)
 *(.init)
 .init          0x000000000001f740        0x4 /Applications/FEH_ARM/bin/../lib/gcc/arm-none-eabi/10.3.1/thumb/v7e-m/nofp/crti.o
                0x000000000001f740                _init
 .init          0x000000000001f744        0x8 /Applications/FEH_ARM/bin/../lib/gcc/arm-none-eabi/10.3.1/thumb/v7e-m/nofp/crtn.o
                0x000000000001f74c                . = ALIGN (0x4)
                0x000000000001f74c                __preinit_array_start = .
 *(.preinit_array)
                0x000000000001f74c                __preinit_array_end = .
                0x000000000001f74c                . = ALIGN (0x4)
                0x000000000001f74c                __init_array_start = .
 *(SORT_BY_NAME(.init_array.*))
 .init_array.00000
                0x000000000001f74c        0x4 /Applications/FEH_ARM/bin/../lib/gcc/arm-none-eabi/10.3.1/../../../../arm-none-eabi/lib/thumb/v7e-m/nofp/libg.a(lib_a-__call_atexit.o)
 *(.init_array)
 .init_array    0x000000000001f750        0x4 /Applications/FEH_ARM/bin/../lib/gcc/arm-none-eabi/10.3.1/thumb/v7e-m/nofp/crtbegin.o
 .init_array    0x000000000001f754        0x4 FEHProteus.o
 .init_array    0x000000000001f758        0x4 Libraries/FEHBuzzer.o
 .init_array    0x000000000001f75c        0x4 Libraries/FEHLCD.o
 .init_array    0x000000000001f760        0x4 Libraries/FEHAccel.o
 .init_array    0x000000000001f764        0x4 Libraries/FEHBattery.o
 .init_array    0x000000000001f768        0x4 Libraries/FEHRCS.o
 .init_array    0x000000000001f76c        0x4 Libraries/FEHSD.o
 .init_array    0x000000000001f770        0x4 /Applications/FEH_ARM/bin/../lib/gcc/arm-none-eabi/10.3.1/../../../../arm-none-eabi/lib/thumb/v7e-m/nofp/libstdc++.a(eh_alloc.o)
                0x000000000001f774                __init_array_end = .
 *(.fini)
 .fini          0x000000000001f774        0x4 /Applications/FEH_ARM/bin/../lib/gcc/arm-none-eabi/10.3.1/thumb/v7e-m/nofp/crti.o
                0x000000000001f774                _fini
 .fini          0x000000000001f778        0x8 /Applications/FEH_ARM/bin/../lib/gcc/arm-none-eabi/10.3.1/thumb/v7e-m/nofp/crtn.o
                0x000000000001f780                . = ALIGN (0x4)
 *crtbegin.o(.ctors)
 *(EXCLUDE_FILE(*crtend.o) .ctors)
 *(SORT_BY_NAME(.ctors.*))
 *crtend.o(.ctors)
                0x000000000001f780                . = ALIGN (0x4)
 *crtbegin.o(.dtors)
 *(EXCLUDE_FILE(*crtend.o) .dtors)
 *(SORT_BY_NAME(.dtors.*))
 *crtend.o(.dtors)
                0x000000000001f780                . = ALIGN (0x4)

.ARM.extab
 *(.ARM.extab* .gnu.linkonce.armextab.*)
                0x000000000001f780                __exidx_start = .

.ARM.exidx      0x000000000001f780        0x8
 *(.ARM.exidx* .gnu.linkonce.armexidx.*)
 .ARM.exidx.text.startup._GLOBAL__sub_I__ZN9__gnu_cxx9__freeresEv
                0x000000000001f780        0x8 /Applications/FEH_ARM/bin/../lib/gcc/arm-none-eabi/10.3.1/../../../../arm-none-eabi/lib/thumb/v7e-m/nofp/libstdc++.a(eh_alloc.o)
 .ARM.exidx     0x000000000001f788        0x0 /Applications/FEH_ARM/bin/../lib/gcc/arm-none-eabi/10.3.1/thumb/v7e-m/nofp/libgcc.a(_udivmoddi4.o)
                                          0x8 (size before relaxing)
                0x000000000001f788                __exidx_end = .
                0x000000000001f788                _etext = .

.rel.dyn        0x000000000001f788        0x0
 .rel.iplt      0x000000000001f788        0x0 /Applications/FEH_ARM/bin/../lib/gcc/arm-none-eabi/10.3.1/thumb/v7e-m/nofp/crtbegin.o

.m_usb_data
 *(m_usb_bdt)
